05-30 21:00:01.523   693   740 E BluetoothPowerStatsCollector: 	at android.os.Binder.execTransactInternal(Binder.java:1426)
05-30 21:00:01.523   693   740 E BluetoothPowerStatsCollector: 	at android.os.Binder.execTransact(Binder.java:1365)
05-30 21:00:01.612   693   711 D TelephonyManager: requestModemActivityInfo: Sending result to app: ModemActivityInfo{ mTimestamp=12220619 mSleepTimeMs=1638 mIdleTimeMs=546 mActivityStatsTechSpecificInfo=[{mRat=UNKNOWN,mFrequencyRange=UNKNOWN,mTxTimeMs[]=[39, 117, 234, 312, 351],mRxTimeMs=351}]}
05-30 21:00:01.820   693  2023 D TelephonyManager: requestModemActivityInfo: Sending result to app: ModemActivityInfo{ mTimestamp=12220831 mSleepTimeMs=1680 mIdleTimeMs=560 mActivityStatsTechSpecificInfo=[{mRat=UNKNOWN,mFrequencyRange=UNKNOWN,mTxTimeMs[]=[40, 120, 240, 320, 360],mRxTimeMs=360}]}
05-30 21:00:01.899   693   740 E BluetoothPowerStatsCollector: Cannot acquire BluetoothActivityEnergyInfo
05-30 21:00:01.899   693   740 E BluetoothPowerStatsCollector: java.util.concurrent.ExecutionException: java.lang.RuntimeException: error: 11
05-30 21:00:01.899   693   740 E BluetoothPowerStatsCollector: 	at java.util.concurrent.CompletableFuture.reportGet(CompletableFuture.java:372)
05-30 21:00:01.899   693   740 E BluetoothPowerStatsCollector: 	at java.util.concurrent.CompletableFuture.get(CompletableFuture.java:2072)
05-30 21:00:01.899   693   740 E BluetoothPowerStatsCollector: 	at com.android.server.power.stats.BluetoothPowerStatsCollector.collectBluetoothActivityInfo(BluetoothPowerStatsCollector.java:192)
05-30 21:00:01.899   693   740 E BluetoothPowerStatsCollector: 	at com.android.server.power.stats.BluetoothPowerStatsCollector.collectStats(BluetoothPowerStatsCollector.java:155)
05-30 21:00:01.899   693   740 E BluetoothPowerStatsCollector: 	at com.android.server.power.stats.PowerStatsCollector.collectAndDeliverStats(PowerStatsCollector.java:176)
05-30 21:00:01.899   693   740 E BluetoothPowerStatsCollector: 	at com.android.server.power.stats.PowerStatsCollector$$ExternalSyntheticLambda0.run(R8$$SyntheticClass:0)
05-30 21:00:01.899   693   740 E BluetoothPowerStatsCollector: 	at android.os.Handler.handleCallback(Handler.java:995)
05-30 21:00:01.899   693   740 E BluetoothPowerStatsCollector: 	at android.os.Handler.dispatchMessage(Handler.java:103)
05-30 21:00:01.899   693   740 E BluetoothPowerStatsCollector: 	at android.os.Looper.loopOnce(Looper.java:248)
05-30 21:00:01.899   693   740 E BluetoothPowerStatsCollector: 	at android.os.Looper.loop(Looper.java:338)
05-30 21:00:01.899   693   740 E BluetoothPowerStatsCollector: 	at android.os.HandlerThread.run(HandlerThread.java:85)
05-30 21:00:01.899   693   740 E BluetoothPowerStatsCollector: Caused by: java.lang.RuntimeException: error: 11
05-30 21:00:01.899   693   740 E BluetoothPowerStatsCollector: 	at com.android.server.power.stats.BluetoothPowerStatsCollector$1.onBluetoothActivityEnergyInfoError(BluetoothPowerStatsCollector.java:181)
05-30 21:00:01.899   693   740 E BluetoothPowerStatsCollector: 	at android.bluetooth.BluetoothAdapter$OnBluetoothActivityEnergyInfoProxy.lambda$onBluetoothActivityEnergyInfoAvailable$0(BluetoothAdapter.java:1037)
05-30 21:00:01.899   693   740 E BluetoothPowerStatsCollector: 	at android.bluetooth.BluetoothAdapter$OnBluetoothActivityEnergyInfoProxy$$ExternalSyntheticLambda1.run(D8$$SyntheticClass:0)
05-30 21:00:01.899   693   740 E BluetoothPowerStatsCollector: 	at android.bluetooth.BluetoothUtils.lambda$executeFromBinder$0(BluetoothUtils.java:343)
05-30 21:00:01.899   693   740 E BluetoothPowerStatsCollector: 	at android.bluetooth.BluetoothUtils$$ExternalSyntheticLambda1.run(D8$$SyntheticClass:0)
05-30 21:00:01.899   693   740 E BluetoothPowerStatsCollector: 	at com.android.server.SystemServerInitThreadPool$$ExternalSyntheticLambda0.execute(R8$$SyntheticClass:0)
05-30 21:00:01.899   693   740 E BluetoothPowerStatsCollector: 	at android.bluetooth.BluetoothUtils.executeFromBinder(BluetoothUtils.java:343)
05-30 21:00:01.899   693   740 E BluetoothPowerStatsCollector: 	at android.bluetooth.BluetoothAdapter$OnBluetoothActivityEnergyInfoProxy.onBluetoothActivityEnergyInfoAvailable(BluetoothAdapter.java:1035)
05-30 21:00:01.899   693   740 E BluetoothPowerStatsCollector: 	at android.bluetooth.IBluetoothActivityEnergyInfoListener$Stub.onTransact(IBluetoothActivityEnergyInfoListener.java:98)
05-30 21:00:01.899   693   740 E BluetoothPowerStatsCollector: 	at android.os.Binder.execTransactInternal(Binder.java:1426)
05-30 21:00:01.899   693   740 E BluetoothPowerStatsCollector: 	at android.os.Binder.execTransact(Binder.java:1365)
05-30 21:00:02.134   693  2023 D TelephonyManager: requestModemActivityInfo: Sending result to app: ModemActivityInfo{ mTimestamp=12221152 mSleepTimeMs=1722 mIdleTimeMs=574 mActivityStatsTechSpecificInfo=[{mRat=UNKNOWN,mFrequencyRange=UNKNOWN,mTxTimeMs[]=[41, 123, 246, 328, 369],mRxTimeMs=369}]}
05-30 21:00:02.308  1193  9634 D DataProcessor: getBatteryUsageStats() from BatteryStatsManager in 800/ms
05-30 21:00:02.308  1193  9634 W DataProcessor: shouldShowBatteryAttributionList(): 0.1
05-30 21:00:02.308  1193  9634 W BatteryUsageDataLoader: getBatteryEntryList() returns null or empty content
05-30 21:00:02.308  1193  9634 D BatteryUsageDataLoader: getBatteryUsageStats() in 800/ms
05-30 21:00:02.320   953  1184 D ControlsListingControllerImpl: Subscribing callback, service count: 0
05-30 21:00:02.401   953  1184 D ControlsListingControllerImpl: Unsubscribing callback
05-30 21:00:02.502  1193  9634 D DatabaseUtils: insert() data into database with isFullChargeStart:false
05-30 21:00:02.507  1193  9634 D DatabaseUtils: sendBatteryEntryData() size=1 in 199/ms
05-30 21:00:02.519  1193  9634 D BatteryUsageContentProvider: getQueryUserId from uri: content://com.android.settings.battery.usage.provider/appUsageLatestTimestamp?userid=0
05-30 21:00:02.523  1193  9634 D BatteryUsageContentProvider: getAppUsageLatestTimestamp() for user 0 in 3/ms
05-30 21:00:02.534  1193  9634 D DatabaseUtils: getAppUsageStartTimestampOfUser() userId=0 latestTimestamp=May 30, 2026, 19:45:47 in 15/ms
05-30 21:00:02.540  1193  9634 D DataProcessor: getAppUsageEventsForUser(): 0 from 1780145147154 to 1780149602519 in 6/ms
05-30 21:00:02.540  1193  9634 D DataProcessor: getAppUsageEvents() for all unlocked users in 22/ms
05-30 21:00:02.543  1193  9634 W DataProcessor: Read 11 relevant events (24 total) from UsageStatsManager
05-30 21:00:02.543  1193  9634 D BatteryUsageDataLoader: loadAppUsageData() size=11 in 25/ms
05-30 21:00:02.574   953  1184 I QuickAccessWalletTile: QAW service is unavailable, recreating the wallet client.
05-30 21:00:02.578  1193  9634 D DatabaseUtils: insert() app usage events data into database
05-30 21:00:02.581  1193  9634 D DatabaseUtils: sendAppUsageEventData() size=11 in 38/ms
05-30 21:00:02.581  1193  9634 D BatteryUsageContentProvider: getLastFullChargeTimestamp() in 0/ms
05-30 21:00:02.583  1193  9634 D DatabaseUtils: getLastFullChargeTime() lastFullChargeTime=Jan 01, 1970, 08:00:00 in 2/ms
05-30 21:00:02.583  1193  9634 D DatabaseUtils: getBatteryEvents for timestamp: 1779555600000
05-30 21:00:02.584  1193  9634 D BatteryUsageContentProvider: getQueryBatteryEventTypes from uri: content://com.android.settings.battery.usage.provider/BatteryEvent?timestamp=1779555600000&batteryEventType=3%2C4
05-30 21:00:02.584  1193  9634 D BatteryUsageContentProvider: getQueryTimestamp from uri: content://com.android.settings.battery.usage.provider/BatteryEvent?timestamp=1779555600000&batteryEventType=3%2C4
05-30 21:00:02.584  1193  9634 W BatteryUsageContentProvider: getBatteryEvents() in 0/ms
05-30 21:00:02.584  1193  9634 D DatabaseUtils: getBatteryEvents size=45 in 1/ms
05-30 21:00:02.584  1193  9634 D DataProcessManager: getPeriodBatteryLevelData() startTimestamp=May 30, 2026, 20:00:00
05-30 21:00:02.584  1193  9634 D DataProcessManager: execute getBatteryLevelData in 3/ms, batteryLevelRecordEvents.size=45
05-30 21:00:02.584  1193  9634 D BatteryUsageDataLoader: preprocessBatteryUsageSlots() no new battery usage data.
05-30 21:00:02.584  1193  9634 D BatteryUsageDataLoader: loadUsageDataSafely() in 1076/ms
05-30 21:00:03.354  1058  1290 D SatelliteController: iisInCarrierRoamingNbIotNtn: satellite is disabled
05-30 21:00:09.779 13030 13030 W dumpsys : Thread Pool max thread count is 0. Cannot cache binder as linkToDeath cannot be implemented. serviceName: package
05-30 21:00:09.887  2694  2738 I artd    : GetBestInfo: odex next to the dex file (/data/app/~~xtmiQYQCmH6y9KZRtRp03w==/com.google.android.gms-Axd_vYzfZDoVi52FAiUC_g==/oat/arm64/base.odex) is kOatUpToDate with filter 'speed-profile' executable 'false'
05-30 21:00:09.891  2694  2738 I artd    : GetBestInfo: odex next to the dex file (/data/app/~~xtmiQYQCmH6y9KZRtRp03w==/com.google.android.gms-Axd_vYzfZDoVi52FAiUC_g==/oat/arm64/split_AdsDynamite_installtime.odex) is kOatUpToDate with filter 'speed' executable 'false'
05-30 21:00:09.895  2694  2738 I artd    : GetBestInfo: odex next to the dex file (/data/app/~~xtmiQYQCmH6y9KZRtRp03w==/com.google.android.gms-Axd_vYzfZDoVi52FAiUC_g==/oat/arm64/split_CronetDynamite_installtime.odex) is kOatUpToDate with filter 'speed-profile' executable 'false'
05-30 21:00:09.903  2694  2738 I artd    : GetBestInfo: odex next to the dex file (/data/app/~~xtmiQYQCmH6y9KZRtRp03w==/com.google.android.gms-Axd_vYzfZDoVi52FAiUC_g==/oat/arm64/split_DynamiteLoader_installtime.odex) is kOatUpToDate with filter 'speed' executable 'false'
05-30 21:00:09.909  2694  2738 I artd    : GetBestInfo: odex next to the dex file (/data/app/~~xtmiQYQCmH6y9KZRtRp03w==/com.google.android.gms-Axd_vYzfZDoVi52FAiUC_g==/oat/arm64/split_DynamiteModulesA_installtime.odex) is kOatUpToDate with filter 'speed' executable 'false'
05-30 21:00:09.913  2694  2738 I artd    : GetBestInfo: odex next to the dex file (/data/app/~~xtmiQYQCmH6y9KZRtRp03w==/com.google.android.gms-Axd_vYzfZDoVi52FAiUC_g==/oat/arm64/split_DynamiteModulesC_installtime.odex) is kOatUpToDate with filter 'speed' executable 'false'
05-30 21:00:09.916  2694  2738 I artd    : GetBestInfo: odex next to the dex file (/data/app/~~xtmiQYQCmH6y9KZRtRp03w==/com.google.android.gms-Axd_vYzfZDoVi52FAiUC_g==/oat/arm64/split_GoogleCertificates_installtime.odex) is kOatUpToDate with filter 'speed' executable 'false'
05-30 21:00:09.920  2694  2738 I artd    : GetBestInfo: odex next to the dex file (/data/app/~~xtmiQYQCmH6y9KZRtRp03w==/com.google.android.gms-Axd_vYzfZDoVi52FAiUC_g==/oat/arm64/split_MapsDynamite_installtime.odex) is kOatUpToDate with filter 'speed' executable 'false'
05-30 21:00:09.923  2694  2738 I artd    : GetBestInfo: odex next to the dex file (/data/app/~~xtmiQYQCmH6y9KZRtRp03w==/com.google.android.gms-Axd_vYzfZDoVi52FAiUC_g==/oat/arm64/split_MeasurementDynamite_installtime.odex) is kOatUpToDate with filter 'speed' executable 'false'
05-30 21:00:09.924  2694  2738 I artd    : GetBestInfo: /data/user_de/0/com.google.android.gms/app_chimera/m/00000001/CronetDynamite.apk has no usable artifacts
05-30 21:00:09.926  2694  2738 I artd    : GetBestInfo: /data/user_de/0/com.google.android.gms/app_chimera/m/00000010/dl-MlkitOcrCommon.optional_261934100400.apk has no usable artifacts
05-30 21:00:09.926  2694  2738 I artd    : GetBestInfo: /data/user_de/0/com.google.android.gms/app_chimera/m/00000002/DynamiteLoader.apk has no usable artifacts
05-30 21:00:09.927  2694  5363 I artd    : GetBestInfo: /data/user_de/0/com.google.android.gms/app_chimera/m/00000005/GoogleCertificates.apk has no usable artifacts
05-30 21:00:09.930  2694  5363 I artd    : GetBestInfo: /data/user_de/0/com.google.android.gms/app_chimera/m/00000009/dl-Appsearch.optional_250834100400.apk has no usable artifacts
05-30 21:00:09.934  2694  5363 I artd    : GetBestInfo: /data/user_de/0/com.google.android.gms/app_chimera/m/00000015/dl-IdentityCredentialsPlatform.optional_261934100400.apk has no usable artifacts
05-30 21:00:09.942  2694  5363 I artd    : GetBestInfo: /data/user_de/0/com.google.android.gms/app_chimera/m/0000000c/dl-TfliteDynamiteDynamite.integ_260580502100400.apk has no usable artifacts
05-30 21:00:09.951  2694  5363 I artd    : GetBestInfo: vdex next to the dex file (/data/user/0/com.google.android.gms/app_dg_cache/9D5BCED7935D64431BF672B8BBD597199833CA19/oat/arm64/the.vdex) is kOatUpToDate with filter 'verify' executable 'false'
05-30 21:00:09.955  2694  5363 I artd    : GetBestInfo: /data/user_de/0/com.google.android.gms/app_chimera/m/00000012/dl-MlkitBarcodeUi.optional_261934100400.apk has no usable artifacts
05-30 21:00:09.965  2694  2738 I artd    : GetBestInfo: /data/user_de/0/com.google.android.gms/app_chimera/m/0000000a/dl-MlkitBarcodeUi.optional_250834100400.apk has no usable artifacts
05-30 21:00:09.973  2694  2738 I artd    : GetBestInfo: /data/user_de/0/com.google.android.gms/app_chimera/m/00000013/dl-Appsearch.optional_261934100400.apk has no usable artifacts
05-30 21:00:09.986  2694  2738 I artd    : GetBestInfo: /data/user_de/0/com.google.android.gms/app_chimera/m/0000000e/dl-VisionOcr.optional_261934100000.apk has no usable artifacts
05-30 21:00:09.990  2694  2738 I artd    : GetBestInfo: /data/user_de/0/com.google.android.gms/app_chimera/m/00000007/MeasurementDynamite.apk has no usable artifacts
05-30 21:00:09.992  2694  2738 I artd    : GetBestInfo: /data/user_de/0/com.google.android.gms/app_chimera/m/00000014/dl-PlayCloudSearch.optional_261934100000.apk has no usable artifacts
05-30 21:00:13.519  1058  1290 D SatelliteController: iisInCarrierRoamingNbIotNtn: satellite is disabled
05-30 21:00:16.690 12713 12713 I Choreographer: Skipped 34 frames!  The application may be doing too much work on its main thread.
05-30 21:00:19.553   496   615 W EventThread: Faking VSYNC due to driver stall for thread app
05-30 21:00:19.795 13033 13033 W dumpsys : Thread Pool max thread count is 0. Cannot cache binder as linkToDeath cannot be implemented. serviceName: package
05-30 21:00:20.055  2694  2738 I artd    : GetBestInfo: odex next to the dex file (/data/app/~~xtmiQYQCmH6y9KZRtRp03w==/com.google.android.gms-Axd_vYzfZDoVi52FAiUC_g==/oat/arm64/base.odex) is kOatUpToDate with filter 'speed-profile' executable 'false'
05-30 21:00:20.069  2694  2738 I artd    : GetBestInfo: odex next to the dex file (/data/app/~~xtmiQYQCmH6y9KZRtRp03w==/com.google.android.gms-Axd_vYzfZDoVi52FAiUC_g==/oat/arm64/split_AdsDynamite_installtime.odex) is kOatUpToDate with filter 'speed' executable 'false'
05-30 21:00:20.076  2694  2738 I artd    : GetBestInfo: odex next to the dex file (/data/app/~~xtmiQYQCmH6y9KZRtRp03w==/com.google.android.gms-Axd_vYzfZDoVi52FAiUC_g==/oat/arm64/split_CronetDynamite_installtime.odex) is kOatUpToDate with filter 'speed-profile' executable 'false'
05-30 21:00:20.079  2694  5363 I artd    : GetBestInfo: odex next to the dex file (/data/app/~~xtmiQYQCmH6y9KZRtRp03w==/com.google.android.gms-Axd_vYzfZDoVi52FAiUC_g==/oat/arm64/split_DynamiteLoader_installtime.odex) is kOatUpToDate with filter 'speed' executable 'false'
05-30 21:00:20.087  2694  5363 I artd    : GetBestInfo: odex next to the dex file (/data/app/~~xtmiQYQCmH6y9KZRtRp03w==/com.google.android.gms-Axd_vYzfZDoVi52FAiUC_g==/oat/arm64/split_DynamiteModulesA_installtime.odex) is kOatUpToDate with filter 'speed' executable 'false'
05-30 21:00:20.096  2694  5363 I artd    : GetBestInfo: odex next to the dex file (/data/app/~~xtmiQYQCmH6y9KZRtRp03w==/com.google.android.gms-Axd_vYzfZDoVi52FAiUC_g==/oat/arm64/split_DynamiteModulesC_installtime.odex) is kOatUpToDate with filter 'speed' executable 'false'
05-30 21:00:20.139  2694  5363 I artd    : GetBestInfo: odex next to the dex file (/data/app/~~xtmiQYQCmH6y9KZRtRp03w==/com.google.android.gms-Axd_vYzfZDoVi52FAiUC_g==/oat/arm64/split_GoogleCertificates_installtime.odex) is kOatUpToDate with filter 'speed' executable 'false'
05-30 21:00:20.147  2694  2738 I artd    : GetBestInfo: odex next to the dex file (/data/app/~~xtmiQYQCmH6y9KZRtRp03w==/com.google.android.gms-Axd_vYzfZDoVi52FAiUC_g==/oat/arm64/split_MapsDynamite_installtime.odex) is kOatUpToDate with filter 'speed' executable 'false'
05-30 21:00:20.163  2694  4736 I artd    : GetBestInfo: odex next to the dex file (/data/app/~~xtmiQYQCmH6y9KZRtRp03w==/com.google.android.gms-Axd_vYzfZDoVi52FAiUC_g==/oat/arm64/split_MeasurementDynamite_installtime.odex) is kOatUpToDate with filter 'speed' executable 'false'
05-30 21:00:20.168  2694  4736 I artd    : GetBestInfo: /data/user_de/0/com.google.android.gms/app_chimera/m/00000001/CronetDynamite.apk has no usable artifacts
05-30 21:00:20.172  2694  4736 I artd    : GetBestInfo: /data/user_de/0/com.google.android.gms/app_chimera/m/00000010/dl-MlkitOcrCommon.optional_261934100400.apk has no usable artifacts
05-30 21:00:20.235  2694  4736 I artd    : GetBestInfo: /data/user_de/0/com.google.android.gms/app_chimera/m/00000002/DynamiteLoader.apk has no usable artifacts
05-30 21:00:20.236  2694  4736 I artd    : GetBestInfo: /data/user_de/0/com.google.android.gms/app_chimera/m/00000005/GoogleCertificates.apk has no usable artifacts
05-30 21:00:20.242  2694  4736 I artd    : GetBestInfo: /data/user_de/0/com.google.android.gms/app_chimera/m/00000009/dl-Appsearch.optional_250834100400.apk has no usable artifacts
05-30 21:00:20.251  2694  4736 I artd    : GetBestInfo: /data/user_de/0/com.google.android.gms/app_chimera/m/00000015/dl-IdentityCredentialsPlatform.optional_261934100400.apk has no usable artifacts
05-30 21:00:20.264  2694  4736 I artd    : GetBestInfo: /data/user_de/0/com.google.android.gms/app_chimera/m/0000000c/dl-TfliteDynamiteDynamite.integ_260580502100400.apk has no usable artifacts
05-30 21:00:20.289  2694  4736 I artd    : GetBestInfo: vdex next to the dex file (/data/user/0/com.google.android.gms/app_dg_cache/9D5BCED7935D64431BF672B8BBD597199833CA19/oat/arm64/the.vdex) is kOatUpToDate with filter 'verify' executable 'false'
05-30 21:00:20.298  2694  4736 I artd    : GetBestInfo: /data/user_de/0/com.google.android.gms/app_chimera/m/00000012/dl-MlkitBarcodeUi.optional_261934100400.apk has no usable artifacts
05-30 21:00:20.384  2694  4736 I artd    : GetBestInfo: /data/user_de/0/com.google.android.gms/app_chimera/m/0000000a/dl-MlkitBarcodeUi.optional_250834100400.apk has no usable artifacts
05-30 21:00:20.460  2694  4736 I artd    : GetBestInfo: /data/user_de/0/com.google.android.gms/app_chimera/m/00000013/dl-Appsearch.optional_261934100400.apk has no usable artifacts
05-30 21:00:20.475  2694  4736 I artd    : GetBestInfo: /data/user_de/0/com.google.android.gms/app_chimera/m/0000000e/dl-VisionOcr.optional_261934100000.apk has no usable artifacts
05-30 21:00:20.478  2694  4736 I artd    : GetBestInfo: /data/user_de/0/com.google.android.gms/app_chimera/m/00000007/MeasurementDynamite.apk has no usable artifacts
05-30 21:00:20.480  2694  4736 I artd    : GetBestInfo: /data/user_de/0/com.google.android.gms/app_chimera/m/00000014/dl-PlayCloudSearch.optional_261934100000.apk has no usable artifacts
05-30 21:00:20.744   496   615 W EventThread: Faking VSYNC due to driver stall for thread app
05-30 21:00:20.744   693   802 D ActivityManager: freezing 1193 com.android.settings
05-30 21:00:20.747   693   802 D ActivityManager: freezing 4509 com.android.keychain
05-30 21:00:20.751   693   802 D ActivityManager: freezing 3224 com.android.dynsystem:dynsystem
05-30 21:00:23.523  1058  1290 D SatelliteController: iisInCarrierRoamingNbIotNtn: satellite is disabled
05-30 21:00:28.985 12713 12713 I Choreographer: Skipped 53 frames!  The application may be doing too much work on its main thread.
05-30 21:00:29.038 12713 12713 I Choreographer: Skipped 55 frames!  The application may be doing too much work on its main thread.
05-30 21:00:30.747   496   615 W EventThread: Faking VSYNC due to driver stall for thread app
05-30 21:00:31.367 13036 13036 W dumpsys : Thread Pool max thread count is 0. Cannot cache binder as linkToDeath cannot be implemented. serviceName: package
05-30 21:00:33.867   496   615 W EventThread: Faking VSYNC due to driver stall for thread app
05-30 21:00:33.867 12713 12713 I Choreographer: Skipped 147 frames!  The application may be doing too much work on its main thread.
05-30 21:00:34.330  1058  1290 D SatelliteController: iisInCarrierRoamingNbIotNtn: satellite is disabled
05-30 21:00:35.323 12713 12713 I Choreographer: Skipped 57 frames!  The application may be doing too much work on its main thread.
05-30 21:00:35.944  2694  4736 I artd    : GetBestInfo: odex next to the dex file (/data/app/~~xtmiQYQCmH6y9KZRtRp03w==/com.google.android.gms-Axd_vYzfZDoVi52FAiUC_g==/oat/arm64/base.odex) is kOatUpToDate with filter 'speed-profile' executable 'false'
05-30 21:00:36.043  2694  4736 I artd    : GetBestInfo: odex next to the dex file (/data/app/~~xtmiQYQCmH6y9KZRtRp03w==/com.google.android.gms-Axd_vYzfZDoVi52FAiUC_g==/oat/arm64/split_AdsDynamite_installtime.odex) is kOatUpToDate with filter 'speed' executable 'false'
05-30 21:00:36.072  2694  4736 I artd    : GetBestInfo: odex next to the dex file (/data/app/~~xtmiQYQCmH6y9KZRtRp03w==/com.google.android.gms-Axd_vYzfZDoVi52FAiUC_g==/oat/arm64/split_CronetDynamite_installtime.odex) is kOatUpToDate with filter 'speed-profile' executable 'false'
05-30 21:00:36.087  2694  4736 I artd    : GetBestInfo: odex next to the dex file (/data/app/~~xtmiQYQCmH6y9KZRtRp03w==/com.google.android.gms-Axd_vYzfZDoVi52FAiUC_g==/oat/arm64/split_DynamiteLoader_installtime.odex) is kOatUpToDate with filter 'speed' executable 'false'
05-30 21:00:36.141  2694  4736 I artd    : GetBestInfo: odex next to the dex file (/data/app/~~xtmiQYQCmH6y9KZRtRp03w==/com.google.android.gms-Axd_vYzfZDoVi52FAiUC_g==/oat/arm64/split_DynamiteModulesA_installtime.odex) is kOatUpToDate with filter 'speed' executable 'false'
05-30 21:00:36.151  2694  4736 I artd    : GetBestInfo: odex next to the dex file (/data/app/~~xtmiQYQCmH6y9KZRtRp03w==/com.google.android.gms-Axd_vYzfZDoVi52FAiUC_g==/oat/arm64/split_DynamiteModulesC_installtime.odex) is kOatUpToDate with filter 'speed' executable 'false'
05-30 21:00:36.156  2694  4736 I artd    : GetBestInfo: odex next to the dex file (/data/app/~~xtmiQYQCmH6y9KZRtRp03w==/com.google.android.gms-Axd_vYzfZDoVi52FAiUC_g==/oat/arm64/split_GoogleCertificates_installtime.odex) is kOatUpToDate with filter 'speed' executable 'false'
05-30 21:00:36.159  2694  4736 I artd    : GetBestInfo: odex next to the dex file (/data/app/~~xtmiQYQCmH6y9KZRtRp03w==/com.google.android.gms-Axd_vYzfZDoVi52FAiUC_g==/oat/arm64/split_MapsDynamite_installtime.odex) is kOatUpToDate with filter 'speed' executable 'false'
05-30 21:00:36.168  2694  4736 I artd    : GetBestInfo: odex next to the dex file (/data/app/~~xtmiQYQCmH6y9KZRtRp03w==/com.google.android.gms-Axd_vYzfZDoVi52FAiUC_g==/oat/arm64/split_MeasurementDynamite_installtime.odex) is kOatUpToDate with filter 'speed' executable 'false'
05-30 21:00:36.170  2694  4736 I artd    : GetBestInfo: /data/user_de/0/com.google.android.gms/app_chimera/m/00000001/CronetDynamite.apk has no usable artifacts
05-30 21:00:36.236  2694  4736 I artd    : GetBestInfo: /data/user_de/0/com.google.android.gms/app_chimera/m/00000010/dl-MlkitOcrCommon.optional_261934100400.apk has no usable artifacts
05-30 21:00:36.295  2694  4736 I artd    : GetBestInfo: /data/user_de/0/com.google.android.gms/app_chimera/m/00000002/DynamiteLoader.apk has no usable artifacts
05-30 21:00:36.310  2694  4736 I artd    : GetBestInfo: /data/user_de/0/com.google.android.gms/app_chimera/m/00000005/GoogleCertificates.apk has no usable artifacts
05-30 21:00:36.418  2694  4736 I artd    : GetBestInfo: /data/user_de/0/com.google.android.gms/app_chimera/m/00000009/dl-Appsearch.optional_250834100400.apk has no usable artifacts
05-30 21:00:36.441  2694  4736 I artd    : GetBestInfo: /data/user_de/0/com.google.android.gms/app_chimera/m/00000015/dl-IdentityCredentialsPlatform.optional_261934100400.apk has no usable artifacts
05-30 21:00:36.449  2694  4736 I artd    : GetBestInfo: /data/user_de/0/com.google.android.gms/app_chimera/m/0000000c/dl-TfliteDynamiteDynamite.integ_260580502100400.apk has no usable artifacts
05-30 21:00:36.452  2694  4736 I artd    : GetBestInfo: vdex next to the dex file (/data/user/0/com.google.android.gms/app_dg_cache/9D5BCED7935D64431BF672B8BBD597199833CA19/oat/arm64/the.vdex) is kOatUpToDate with filter 'verify' executable 'false'
05-30 21:00:36.459  2694  4736 I artd    : GetBestInfo: /data/user_de/0/com.google.android.gms/app_chimera/m/00000012/dl-MlkitBarcodeUi.optional_261934100400.apk has no usable artifacts
05-30 21:00:36.474  2694  4736 I artd    : GetBestInfo: /data/user_de/0/com.google.android.gms/app_chimera/m/0000000a/dl-MlkitBarcodeUi.optional_250834100400.apk has no usable artifacts
05-30 21:00:36.478  2694  4736 I artd    : GetBestInfo: /data/user_de/0/com.google.android.gms/app_chimera/m/00000013/dl-Appsearch.optional_261934100400.apk has no usable artifacts
05-30 21:00:36.490  2694  4736 I artd    : GetBestInfo: /data/user_de/0/com.google.android.gms/app_chimera/m/0000000e/dl-VisionOcr.optional_261934100000.apk has no usable artifacts
05-30 21:00:36.843  2694  4736 I artd    : GetBestInfo: /data/user_de/0/com.google.android.gms/app_chimera/m/00000007/MeasurementDynamite.apk has no usable artifacts
05-30 21:00:37.759  2694  4736 I artd    : GetBestInfo: /data/user_de/0/com.google.android.gms/app_chimera/m/00000014/dl-PlayCloudSearch.optional_261934100000.apk has no usable artifacts
05-30 21:00:38.060   693  2023 W FastPrintWriter: Write failure
05-30 21:00:38.060   693  2023 W FastPrintWriter: java.io.IOException: write failed: EPIPE (Broken pipe)
05-30 21:00:38.060   693  2023 W FastPrintWriter: 	at libcore.io.IoBridge.write(IoBridge.java:651)
05-30 21:00:38.060   693  2023 W FastPrintWriter: 	at java.io.FileOutputStream.write(FileOutputStream.java:436)
05-30 21:00:38.060   693  2023 W FastPrintWriter: 	at com.android.internal.util.FastPrintWriter.flushBytesLocked(FastPrintWriter.java:355)
05-30 21:00:38.060   693  2023 W FastPrintWriter: 	at com.android.internal.util.FastPrintWriter.flushLocked(FastPrintWriter.java:378)
05-30 21:00:38.060   693  2023 W FastPrintWriter: 	at com.android.internal.util.FastPrintWriter.appendLocked(FastPrintWriter.java:343)
05-30 21:00:38.060   693  2023 W FastPrintWriter: 	at com.android.internal.util.FastPrintWriter.write(FastPrintWriter.java:601)
05-30 21:00:38.060   693  2023 W FastPrintWriter: 	at java.io.PrintWriter.write(PrintWriter.java:507)
05-30 21:00:38.060   693  2023 W FastPrintWriter: 	at android.util.IndentingPrintWriter.write(IndentingPrintWriter.java:239)
05-30 21:00:38.060   693  2023 W FastPrintWriter: 	at java.io.PrintWriter.write(PrintWriter.java:507)
05-30 21:00:38.060   693  2023 W FastPrintWriter: 	at com.android.server.art.IndentingPrintWriter.write(IndentingPrintWriter.java:114)
05-30 21:00:38.060   693  2023 W FastPrintWriter: 	at com.android.server.art.IndentingPrintWriter.write(IndentingPrintWriter.java:89)
05-30 21:00:38.060   693  2023 W FastPrintWriter: 	at java.io.PrintWriter.write(PrintWriter.java:559)
05-30 21:00:38.060   693  2023 W FastPrintWriter: 	at java.io.PrintWriter.append(PrintWriter.java:1089)
05-30 21:00:38.060   693  2023 W FastPrintWriter: 	at java.io.PrintWriter.append(PrintWriter.java:61)
05-30 21:00:38.060   693  2023 W FastPrintWriter: 	at java.util.Formatter$FormatSpecifier.appendJustified(Formatter.java:3253)
05-30 21:00:38.060   693  2023 W FastPrintWriter: 	at java.util.Formatter$FormatSpecifier.print(Formatter.java:3243)
05-30 21:00:38.060   693  2023 W FastPrintWriter: 	at java.util.Formatter$FormatSpecifier.printString(Formatter.java:3216)
05-30 21:00:38.060   693  2023 W FastPrintWriter: 	at java.util.Formatter$FormatSpecifier.print(Formatter.java:3093)
05-30 21:00:38.060   693  2023 W FastPrintWriter: 	at java.util.Formatter.format(Formatter.java:2704)
05-30 21:00:38.060   693  2023 W FastPrintWriter: 	at java.io.PrintWriter.format(PrintWriter.java:992)
05-30 21:00:38.060   693  2023 W FastPrintWriter: 	at java.io.PrintWriter.printf(PrintWriter.java:889)
05-30 21:00:38.060   693  2023 W FastPrintWriter: 	at com.android.server.art.DumpHelper.dumpPrimaryDex(DumpHelper.java:146)
05-30 21:00:38.060   693  2023 W FastPrintWriter: 	at com.android.server.art.DumpHelper.dumpPackage(DumpHelper.java:127)
05-30 21:00:38.060   693  2023 W FastPrintWriter: 	at com.android.server.art.ArtManagerLocal.dumpPackage(ArtManagerLocal.java:1030)
05-30 21:00:38.060   693  2023 W FastPrintWriter: 	at com.android.server.pm.DexOptHelper.dumpDexoptState(DexOptHelper.java:522)
05-30 21:00:38.060   693  2023 W FastPrintWriter: 	at com.android.server.pm.ComputerEngine.dump(ComputerEngine.java:3132)
05-30 21:00:38.060   693  2023 W FastPrintWriter: 	at com.android.server.pm.DumpHelper.doDump(DumpHelper.java:529)
05-30 21:00:38.060   693  2023 W FastPrintWriter: 	at com.android.server.pm.PackageManagerService$IPackageManagerImpl.dump(PackageManagerService.java:6720)
05-30 21:00:38.060   693  2023 W FastPrintWriter: 	at android.os.Binder.doDump(Binder.java:1072)
05-30 21:00:38.060   693  2023 W FastPrintWriter: 	at android.os.Binder.dump(Binder.java:1062)
05-30 21:00:38.060   693  2023 W FastPrintWriter: 	at android.os.Binder.onTransact(Binder.java:932)
05-30 21:00:38.060   693  2023 W FastPrintWriter: 	at android.content.pm.IPackageManager$Stub.onTransact(IPackageManager.java:4729)
05-30 21:00:38.060   693  2023 W FastPrintWriter: 	at com.android.server.pm.PackageManagerService$IPackageManagerImpl.onTransact(PackageManagerService.java:6668)
05-30 21:00:38.060   693  2023 W FastPrintWriter: 	at android.os.Binder.execTransactInternal(Binder.java:1426)
05-30 21:00:38.060   693  2023 W FastPrintWriter: 	at android.os.Binder.execTransact(Binder.java:1365)
05-30 21:00:38.060   693  2023 W FastPrintWriter: Caused by: android.system.ErrnoException: write failed: EPIPE (Broken pipe)
05-30 21:00:38.060   693  2023 W FastPrintWriter: 	at libcore.io.Linux.writeBytes(Native Method)
05-30 21:00:38.060   693  2023 W FastPrintWriter: 	at libcore.io.Linux.write(Linux.java:336)
05-30 21:00:38.060   693  2023 W FastPrintWriter: 	at libcore.io.ForwardingOs.write(ForwardingOs.java:948)
05-30 21:00:38.060   693  2023 W FastPrintWriter: 	at libcore.io.BlockGuardOs.write(BlockGuardOs.java:448)
05-30 21:00:38.060   693  2023 W FastPrintWriter: 	at libcore.io.IoBridge.write(IoBridge.java:646)
05-30 21:00:38.060   693  2023 W FastPrintWriter: 	... 34 more
05-30 21:00:39.806 13040 13040 W dumpsys : Thread Pool max thread count is 0. Cannot cache binder as linkToDeath cannot be implemented. serviceName: package
05-30 21:00:40.060  2694  4736 I artd    : GetBestInfo: odex next to the dex file (/data/app/~~xtmiQYQCmH6y9KZRtRp03w==/com.google.android.gms-Axd_vYzfZDoVi52FAiUC_g==/oat/arm64/base.odex) is kOatUpToDate with filter 'speed-profile' executable 'false'
05-30 21:00:40.099  2694  4736 I artd    : GetBestInfo: odex next to the dex file (/data/app/~~xtmiQYQCmH6y9KZRtRp03w==/com.google.android.gms-Axd_vYzfZDoVi52FAiUC_g==/oat/arm64/split_AdsDynamite_installtime.odex) is kOatUpToDate with filter 'speed' executable 'false'
05-30 21:00:40.137  2694  4736 I artd    : GetBestInfo: odex next to the dex file (/data/app/~~xtmiQYQCmH6y9KZRtRp03w==/com.google.android.gms-Axd_vYzfZDoVi52FAiUC_g==/oat/arm64/split_CronetDynamite_installtime.odex) is kOatUpToDate with filter 'speed-profile' executable 'false'
05-30 21:00:40.147  2694  4736 I artd    : GetBestInfo: odex next to the dex file (/data/app/~~xtmiQYQCmH6y9KZRtRp03w==/com.google.android.gms-Axd_vYzfZDoVi52FAiUC_g==/oat/arm64/split_DynamiteLoader_installtime.odex) is kOatUpToDate with filter 'speed' executable 'false'
05-30 21:00:40.153  2694  4736 I artd    : GetBestInfo: odex next to the dex file (/data/app/~~xtmiQYQCmH6y9KZRtRp03w==/com.google.android.gms-Axd_vYzfZDoVi52FAiUC_g==/oat/arm64/split_DynamiteModulesA_installtime.odex) is kOatUpToDate with filter 'speed' executable 'false'
05-30 21:00:40.160  2694  4736 I artd    : GetBestInfo: odex next to the dex file (/data/app/~~xtmiQYQCmH6y9KZRtRp03w==/com.google.android.gms-Axd_vYzfZDoVi52FAiUC_g==/oat/arm64/split_DynamiteModulesC_installtime.odex) is kOatUpToDate with filter 'speed' executable 'false'
05-30 21:00:40.168  2694  4736 I artd    : GetBestInfo: odex next to the dex file (/data/app/~~xtmiQYQCmH6y9KZRtRp03w==/com.google.android.gms-Axd_vYzfZDoVi52FAiUC_g==/oat/arm64/split_GoogleCertificates_installtime.odex) is kOatUpToDate with filter 'speed' executable 'false'
05-30 21:00:40.470  2694  4736 I artd    : GetBestInfo: odex next to the dex file (/data/app/~~xtmiQYQCmH6y9KZRtRp03w==/com.google.android.gms-Axd_vYzfZDoVi52FAiUC_g==/oat/arm64/split_MapsDynamite_installtime.odex) is kOatUpToDate with filter 'speed' executable 'false'
05-30 21:00:40.479  2694  4736 I artd    : GetBestInfo: odex next to the dex file (/data/app/~~xtmiQYQCmH6y9KZRtRp03w==/com.google.android.gms-Axd_vYzfZDoVi52FAiUC_g==/oat/arm64/split_MeasurementDynamite_installtime.odex) is kOatUpToDate with filter 'speed' executable 'false'
05-30 21:00:40.482  2694  4736 I artd    : GetBestInfo: /data/user_de/0/com.google.android.gms/app_chimera/m/00000001/CronetDynamite.apk has no usable artifacts
05-30 21:00:40.484  2694  4736 I artd    : GetBestInfo: /data/user_de/0/com.google.android.gms/app_chimera/m/00000010/dl-MlkitOcrCommon.optional_261934100400.apk has no usable artifacts
05-30 21:00:40.485  2694  4736 I artd    : GetBestInfo: /data/user_de/0/com.google.android.gms/app_chimera/m/00000002/DynamiteLoader.apk has no usable artifacts
05-30 21:00:40.490  2694  4736 I artd    : GetBestInfo: /data/user_de/0/com.google.android.gms/app_chimera/m/00000005/GoogleCertificates.apk has no usable artifacts
05-30 21:00:40.492  2694  4736 I artd    : GetBestInfo: /data/user_de/0/com.google.android.gms/app_chimera/m/00000009/dl-Appsearch.optional_250834100400.apk has no usable artifacts
05-30 21:00:40.497  2694  4736 I artd    : GetBestInfo: /data/user_de/0/com.google.android.gms/app_chimera/m/00000015/dl-IdentityCredentialsPlatform.optional_261934100400.apk has no usable artifacts
05-30 21:00:40.818  2694  4736 I artd    : GetBestInfo: /data/user_de/0/com.google.android.gms/app_chimera/m/0000000c/dl-TfliteDynamiteDynamite.integ_260580502100400.apk has no usable artifacts
05-30 21:00:40.825  2694  4736 I artd    : GetBestInfo: vdex next to the dex file (/data/user/0/com.google.android.gms/app_dg_cache/9D5BCED7935D64431BF672B8BBD597199833CA19/oat/arm64/the.vdex) is kOatUpToDate with filter 'verify' executable 'false'
05-30 21:00:40.829  2694  4736 I artd    : GetBestInfo: /data/user_de/0/com.google.android.gms/app_chimera/m/00000012/dl-MlkitBarcodeUi.optional_261934100400.apk has no usable artifacts
05-30 21:00:40.836  2694  4736 I artd    : GetBestInfo: /data/user_de/0/com.google.android.gms/app_chimera/m/0000000a/dl-MlkitBarcodeUi.optional_250834100400.apk has no usable artifacts
05-30 21:00:40.840  2694  4736 I artd    : GetBestInfo: /data/user_de/0/com.google.android.gms/app_chimera/m/00000013/dl-Appsearch.optional_261934100400.apk has no usable artifacts
05-30 21:00:40.843  2694  4736 I artd    : GetBestInfo: /data/user_de/0/com.google.android.gms/app_chimera/m/0000000e/dl-VisionOcr.optional_261934100000.apk has no usable artifacts
05-30 21:00:40.850  2694  4736 I artd    : GetBestInfo: /data/user_de/0/com.google.android.gms/app_chimera/m/00000007/MeasurementDynamite.apk has no usable artifacts
05-30 21:00:40.852  2694  4736 I artd    : GetBestInfo: /data/user_de/0/com.google.android.gms/app_chimera/m/00000014/dl-PlayCloudSearch.optional_261934100000.apk has no usable artifacts
05-30 21:00:42.925 12713 12713 I Choreographer: Skipped 36 frames!  The application may be doing too much work on its main thread.
05-30 21:00:43.871  1058  1290 D SatelliteController: iisInCarrierRoamingNbIotNtn: satellite is disabled
05-30 21:00:48.855   496   615 W EventThread: Faking VSYNC due to driver stall for thread app
05-30 21:00:48.855 12713 12713 I Choreographer: Skipped 73 frames!  The application may be doing too much work on its main thread.
05-30 21:00:50.807   496   615 W EventThread: Faking VSYNC due to driver stall for thread app
05-30 21:00:50.808 12713 12713 I Choreographer: Skipped 69 frames!  The application may be doing too much work on its main thread.
05-30 21:00:51.215 13043 13043 W dumpsys : Thread Pool max thread count is 0. Cannot cache binder as linkToDeath cannot be implemented. serviceName: package
05-30 21:00:51.743  2694  4736 I artd    : GetBestInfo: odex next to the dex file (/data/app/~~xtmiQYQCmH6y9KZRtRp03w==/com.google.android.gms-Axd_vYzfZDoVi52FAiUC_g==/oat/arm64/base.odex) is kOatUpToDate with filter 'speed-profile' executable 'false'
05-30 21:00:51.751  2694  2738 I artd    : GetBestInfo: odex next to the dex file (/data/app/~~xtmiQYQCmH6y9KZRtRp03w==/com.google.android.gms-Axd_vYzfZDoVi52FAiUC_g==/oat/arm64/split_AdsDynamite_installtime.odex) is kOatUpToDate with filter 'speed' executable 'false'
05-30 21:00:51.760  2694  4736 I artd    : GetBestInfo: odex next to the dex file (/data/app/~~xtmiQYQCmH6y9KZRtRp03w==/com.google.android.gms-Axd_vYzfZDoVi52FAiUC_g==/oat/arm64/split_CronetDynamite_installtime.odex) is kOatUpToDate with filter 'speed-profile' executable 'false'
05-30 21:00:51.768  2694  2738 I artd    : GetBestInfo: odex next to the dex file (/data/app/~~xtmiQYQCmH6y9KZRtRp03w==/com.google.android.gms-Axd_vYzfZDoVi52FAiUC_g==/oat/arm64/split_DynamiteLoader_installtime.odex) is kOatUpToDate with filter 'speed' executable 'false'
05-30 21:00:51.777  2694  4736 I artd    : GetBestInfo: odex next to the dex file (/data/app/~~xtmiQYQCmH6y9KZRtRp03w==/com.google.android.gms-Axd_vYzfZDoVi52FAiUC_g==/oat/arm64/split_DynamiteModulesA_installtime.odex) is kOatUpToDate with filter 'speed' executable 'false'
05-30 21:00:51.825  2694  4736 I artd    : GetBestInfo: odex next to the dex file (/data/app/~~xtmiQYQCmH6y9KZRtRp03w==/com.google.android.gms-Axd_vYzfZDoVi52FAiUC_g==/oat/arm64/split_DynamiteModulesC_installtime.odex) is kOatUpToDate with filter 'speed' executable 'false'
05-30 21:00:51.933  2694  4736 I artd    : GetBestInfo: odex next to the dex file (/data/app/~~xtmiQYQCmH6y9KZRtRp03w==/com.google.android.gms-Axd_vYzfZDoVi52FAiUC_g==/oat/arm64/split_GoogleCertificates_installtime.odex) is kOatUpToDate with filter 'speed' executable 'false'
05-30 21:00:51.962  2694  4736 I artd    : GetBestInfo: odex next to the dex file (/data/app/~~xtmiQYQCmH6y9KZRtRp03w==/com.google.android.gms-Axd_vYzfZDoVi52FAiUC_g==/oat/arm64/split_MapsDynamite_installtime.odex) is kOatUpToDate with filter 'speed' executable 'false'
05-30 21:00:51.981  2694  4736 I artd    : GetBestInfo: odex next to the dex file (/data/app/~~xtmiQYQCmH6y9KZRtRp03w==/com.google.android.gms-Axd_vYzfZDoVi52FAiUC_g==/oat/arm64/split_MeasurementDynamite_installtime.odex) is kOatUpToDate with filter 'speed' executable 'false'
05-30 21:00:51.982  2694  4736 I artd    : GetBestInfo: /data/user_de/0/com.google.android.gms/app_chimera/m/00000001/CronetDynamite.apk has no usable artifacts
05-30 21:00:52.000  2694  2738 I artd    : GetBestInfo: /data/user_de/0/com.google.android.gms/app_chimera/m/00000010/dl-MlkitOcrCommon.optional_261934100400.apk has no usable artifacts
05-30 21:00:52.017  2694  4736 I artd    : GetBestInfo: /data/user_de/0/com.google.android.gms/app_chimera/m/00000002/DynamiteLoader.apk has no usable artifacts
05-30 21:00:52.018  2694  4736 I artd    : GetBestInfo: /data/user_de/0/com.google.android.gms/app_chimera/m/00000005/GoogleCertificates.apk has no usable artifacts
05-30 21:00:52.019  2694  4736 I artd    : GetBestInfo: /data/user_de/0/com.google.android.gms/app_chimera/m/00000009/dl-Appsearch.optional_250834100400.apk has no usable artifacts
05-30 21:00:52.025  2694  4736 I artd    : GetBestInfo: /data/user_de/0/com.google.android.gms/app_chimera/m/00000015/dl-IdentityCredentialsPlatform.optional_261934100400.apk has no usable artifacts
05-30 21:00:52.033  2694  4736 I artd    : GetBestInfo: /data/user_de/0/com.google.android.gms/app_chimera/m/0000000c/dl-TfliteDynamiteDynamite.integ_260580502100400.apk has no usable artifacts
05-30 21:00:52.041  2694  4736 I artd    : GetBestInfo: vdex next to the dex file (/data/user/0/com.google.android.gms/app_dg_cache/9D5BCED7935D64431BF672B8BBD597199833CA19/oat/arm64/the.vdex) is kOatUpToDate with filter 'verify' executable 'false'
05-30 21:00:52.053  2694  2738 I artd    : GetBestInfo: /data/user_de/0/com.google.android.gms/app_chimera/m/00000012/dl-MlkitBarcodeUi.optional_261934100400.apk has no usable artifacts
05-30 21:00:52.079  2694  2738 I artd    : GetBestInfo: /data/user_de/0/com.google.android.gms/app_chimera/m/0000000a/dl-MlkitBarcodeUi.optional_250834100400.apk has no usable artifacts
05-30 21:00:52.160  2694  2738 I artd    : GetBestInfo: /data/user_de/0/com.google.android.gms/app_chimera/m/00000013/dl-Appsearch.optional_261934100400.apk has no usable artifacts
05-30 21:00:52.167  2694  4736 I artd    : GetBestInfo: /data/user_de/0/com.google.android.gms/app_chimera/m/0000000e/dl-VisionOcr.optional_261934100000.apk has no usable artifacts
05-30 21:00:52.186  2694  2738 I artd    : GetBestInfo: /data/user_de/0/com.google.android.gms/app_chimera/m/00000007/MeasurementDynamite.apk has no usable artifacts
05-30 21:00:52.210  2694  4736 I artd    : GetBestInfo: /data/user_de/0/com.google.android.gms/app_chimera/m/00000014/dl-PlayCloudSearch.optional_261934100000.apk has no usable artifacts
05-30 21:00:53.584   496   615 W EventThread: Faking VSYNC due to driver stall for thread app
05-30 21:00:53.586 12713 12713 I Choreographer: Skipped 69 frames!  The application may be doing too much work on its main thread.
05-30 21:00:54.226  1058  1290 D SatelliteController: iisInCarrierRoamingNbIotNtn: satellite is disabled
05-30 21:00:54.608   693   706 I system_server: Background concurrent mark compact GC freed 24MB AllocSpace bytes, 13(480KB) LOS objects, 42% free, 32MB/56MB, paused 706.877ms,22.554ms total 3.044s
05-30 21:00:59.770 13046 13046 W dumpsys : Thread Pool max thread count is 0. Cannot cache binder as linkToDeath cannot be implemented. serviceName: package
05-30 21:00:59.841  2694  4736 I artd    : GetBestInfo: odex next to the dex file (/data/app/~~xtmiQYQCmH6y9KZRtRp03w==/com.google.android.gms-Axd_vYzfZDoVi52FAiUC_g==/oat/arm64/base.odex) is kOatUpToDate with filter 'speed-profile' executable 'false'
05-30 21:00:59.844  2694  4736 I artd    : GetBestInfo: odex next to the dex file (/data/app/~~xtmiQYQCmH6y9KZRtRp03w==/com.google.android.gms-Axd_vYzfZDoVi52FAiUC_g==/oat/arm64/split_AdsDynamite_installtime.odex) is kOatUpToDate with filter 'speed' executable 'false'
05-30 21:00:59.846  2694  4736 I artd    : GetBestInfo: odex next to the dex file (/data/app/~~xtmiQYQCmH6y9KZRtRp03w==/com.google.android.gms-Axd_vYzfZDoVi52FAiUC_g==/oat/arm64/split_CronetDynamite_installtime.odex) is kOatUpToDate with filter 'speed-profile' executable 'false'
05-30 21:00:59.848  2694  4736 I artd    : GetBestInfo: odex next to the dex file (/data/app/~~xtmiQYQCmH6y9KZRtRp03w==/com.google.android.gms-Axd_vYzfZDoVi52FAiUC_g==/oat/arm64/split_DynamiteLoader_installtime.odex) is kOatUpToDate with filter 'speed' executable 'false'
05-30 21:00:59.851  2694  4736 I artd    : GetBestInfo: odex next to the dex file (/data/app/~~xtmiQYQCmH6y9KZRtRp03w==/com.google.android.gms-Axd_vYzfZDoVi52FAiUC_g==/oat/arm64/split_DynamiteModulesA_installtime.odex) is kOatUpToDate with filter 'speed' executable 'false'
05-30 21:00:59.854  2694  4736 I artd    : GetBestInfo: odex next to the dex file (/data/app/~~xtmiQYQCmH6y9KZRtRp03w==/com.google.android.gms-Axd_vYzfZDoVi52FAiUC_g==/oat/arm64/split_DynamiteModulesC_installtime.odex) is kOatUpToDate with filter 'speed' executable 'false'
05-30 21:00:59.856  2694  4736 I artd    : GetBestInfo: odex next to the dex file (/data/app/~~xtmiQYQCmH6y9KZRtRp03w==/com.google.android.gms-Axd_vYzfZDoVi52FAiUC_g==/oat/arm64/split_GoogleCertificates_installtime.odex) is kOatUpToDate with filter 'speed' executable 'false'
05-30 21:00:59.859  2694  4736 I artd    : GetBestInfo: odex next to the dex file (/data/app/~~xtmiQYQCmH6y9KZRtRp03w==/com.google.android.gms-Axd_vYzfZDoVi52FAiUC_g==/oat/arm64/split_MapsDynamite_installtime.odex) is kOatUpToDate with filter 'speed' executable 'false'
05-30 21:00:59.861  2694  4736 I artd    : GetBestInfo: odex next to the dex file (/data/app/~~xtmiQYQCmH6y9KZRtRp03w==/com.google.android.gms-Axd_vYzfZDoVi52FAiUC_g==/oat/arm64/split_MeasurementDynamite_installtime.odex) is kOatUpToDate with filter 'speed' executable 'false'
05-30 21:00:59.862  2694  4736 I artd    : GetBestInfo: /data/user_de/0/com.google.android.gms/app_chimera/m/00000001/CronetDynamite.apk has no usable artifacts
05-30 21:00:59.865  2694  4736 I artd    : GetBestInfo: /data/user_de/0/com.google.android.gms/app_chimera/m/00000010/dl-MlkitOcrCommon.optional_261934100400.apk has no usable artifacts
05-30 21:00:59.865  2694  4736 I artd    : GetBestInfo: /data/user_de/0/com.google.android.gms/app_chimera/m/00000002/DynamiteLoader.apk has no usable artifacts
05-30 21:00:59.866  2694  4736 I artd    : GetBestInfo: /data/user_de/0/com.google.android.gms/app_chimera/m/00000005/GoogleCertificates.apk has no usable artifacts
05-30 21:00:59.867  2694  4736 I artd    : GetBestInfo: /data/user_de/0/com.google.android.gms/app_chimera/m/00000009/dl-Appsearch.optional_250834100400.apk has no usable artifacts
05-30 21:00:59.868  2694  4736 I artd    : GetBestInfo: /data/user_de/0/com.google.android.gms/app_chimera/m/00000015/dl-IdentityCredentialsPlatform.optional_261934100400.apk has no usable artifacts
05-30 21:00:59.870  2694  4736 I artd    : GetBestInfo: /data/user_de/0/com.google.android.gms/app_chimera/m/0000000c/dl-TfliteDynamiteDynamite.integ_260580502100400.apk has no usable artifacts
05-30 21:00:59.872  2694  4736 I artd    : GetBestInfo: vdex next to the dex file (/data/user/0/com.google.android.gms/app_dg_cache/9D5BCED7935D64431BF672B8BBD597199833CA19/oat/arm64/the.vdex) is kOatUpToDate with filter 'verify' executable 'false'
05-30 21:00:59.874  2694  4736 I artd    : GetBestInfo: /data/user_de/0/com.google.android.gms/app_chimera/m/00000012/dl-MlkitBarcodeUi.optional_261934100400.apk has no usable artifacts
05-30 21:00:59.876  2694  4736 I artd    : GetBestInfo: /data/user_de/0/com.google.android.gms/app_chimera/m/0000000a/dl-MlkitBarcodeUi.optional_250834100400.apk has no usable artifacts
05-30 21:00:59.878  2694  4736 I artd    : GetBestInfo: /data/user_de/0/com.google.android.gms/app_chimera/m/00000013/dl-Appsearch.optional_261934100400.apk has no usable artifacts
05-30 21:00:59.880  2694  4736 I artd    : GetBestInfo: /data/user_de/0/com.google.android.gms/app_chimera/m/0000000e/dl-VisionOcr.optional_261934100000.apk has no usable artifacts
05-30 21:00:59.881  2694  4736 I artd    : GetBestInfo: /data/user_de/0/com.google.android.gms/app_chimera/m/00000007/MeasurementDynamite.apk has no usable artifacts
05-30 21:00:59.883  2694  4736 I artd    : GetBestInfo: /data/user_de/0/com.google.android.gms/app_chimera/m/00000014/dl-PlayCloudSearch.optional_261934100000.apk has no usable artifacts
05-30 21:01:00.435  1566  1849 I bdee    : (REDACTED) getHotwordActive::active query: %s, watch: %s, devices connected: %s
05-30 21:01:04.026  1058  1290 D SatelliteController: iisInCarrierRoamingNbIotNtn: satellite is disabled
05-30 21:01:09.812 13052 13052 W dumpsys : Thread Pool max thread count is 0. Cannot cache binder as linkToDeath cannot be implemented. serviceName: package
05-30 21:01:09.960  2694  4736 I artd    : GetBestInfo: odex next to the dex file (/data/app/~~xtmiQYQCmH6y9KZRtRp03w==/com.google.android.gms-Axd_vYzfZDoVi52FAiUC_g==/oat/arm64/base.odex) is kOatUpToDate with filter 'speed-profile' executable 'false'
05-30 21:01:09.964  2694  4736 I artd    : GetBestInfo: odex next to the dex file (/data/app/~~xtmiQYQCmH6y9KZRtRp03w==/com.google.android.gms-Axd_vYzfZDoVi52FAiUC_g==/oat/arm64/split_AdsDynamite_installtime.odex) is kOatUpToDate with filter 'speed' executable 'false'
05-30 21:01:09.968  2694  4736 I artd    : GetBestInfo: odex next to the dex file (/data/app/~~xtmiQYQCmH6y9KZRtRp03w==/com.google.android.gms-Axd_vYzfZDoVi52FAiUC_g==/oat/arm64/split_CronetDynamite_installtime.odex) is kOatUpToDate with filter 'speed-profile' executable 'false'
05-30 21:01:09.970  2694  4736 I artd    : GetBestInfo: odex next to the dex file (/data/app/~~xtmiQYQCmH6y9KZRtRp03w==/com.google.android.gms-Axd_vYzfZDoVi52FAiUC_g==/oat/arm64/split_DynamiteLoader_installtime.odex) is kOatUpToDate with filter 'speed' executable 'false'
05-30 21:01:09.973  2694  4736 I artd    : GetBestInfo: odex next to the dex file (/data/app/~~xtmiQYQCmH6y9KZRtRp03w==/com.google.android.gms-Axd_vYzfZDoVi52FAiUC_g==/oat/arm64/split_DynamiteModulesA_installtime.odex) is kOatUpToDate with filter 'speed' executable 'false'
05-30 21:01:09.979  2694  4736 I artd    : GetBestInfo: odex next to the dex file (/data/app/~~xtmiQYQCmH6y9KZRtRp03w==/com.google.android.gms-Axd_vYzfZDoVi52FAiUC_g==/oat/arm64/split_DynamiteModulesC_installtime.odex) is kOatUpToDate with filter 'speed' executable 'false'
05-30 21:01:09.982  2694  4736 I artd    : GetBestInfo: odex next to the dex file (/data/app/~~xtmiQYQCmH6y9KZRtRp03w==/com.google.android.gms-Axd_vYzfZDoVi52FAiUC_g==/oat/arm64/split_GoogleCertificates_installtime.odex) is kOatUpToDate with filter 'speed' executable 'false'
05-30 21:01:09.986  2694  4736 I artd    : GetBestInfo: odex next to the dex file (/data/app/~~xtmiQYQCmH6y9KZRtRp03w==/com.google.android.gms-Axd_vYzfZDoVi52FAiUC_g==/oat/arm64/split_MapsDynamite_installtime.odex) is kOatUpToDate with filter 'speed' executable 'false'
