05-30 20:58:28.491  1555  1780 I AiAiEcho: EchoTargets: 
05-30 20:58:28.491  1555  1780 I AiAiEcho: Filtered by AiAi flag check: 
05-30 20:58:28.491  1555  1780 I AiAiEcho: [CONTEXT ratelimit_period="10 SECONDS" ]
05-30 20:58:28.492  1555  1780 I AiAiEcho: #remoteViewsTwiddler: feature disabled.
05-30 20:58:28.492  1555  1780 I AiAiEcho: Predicting[0]:  [CONTEXT sampling_count=5 ]
05-30 20:58:28.492  1555  1780 I AiAiEcho: EchoTargets: 
05-30 20:58:28.492  1555  1780 I AiAiEcho: Filtered by AiAi flag check: 
05-30 20:58:28.492  1555  1780 I AiAiEcho: [CONTEXT ratelimit_period="10 SECONDS" ]
05-30 20:58:28.492  1555  1780 I AiAiEcho: #remoteViewsTwiddler: feature disabled.
05-30 20:58:28.492 12799 12814 W IPCThreadState: call to talkWithDriver in joinThreadPool returned error: -9 (Bad file descriptor), FD: -1
05-30 20:58:28.493  1555  1780 I AiAiEcho: #postPredictionTargets: Sending updates to UISurface home with targets# 0 (types=[])
05-30 20:58:28.493 12799 12810 W IPCThreadState: call to talkWithDriver in joinThreadPool returned error: -9 (Bad file descriptor), FD: -1
05-30 20:58:28.493 12799 12812 W IPCThreadState: call to talkWithDriver in joinThreadPool returned error: -9 (Bad file descriptor), FD: -1
05-30 20:58:28.498  1106  1106 D SsBaseTemplateCard: No text view can be set up
05-30 20:58:28.498  1106  1106 D SsBaseTemplateCard: Passed-in item info is null
05-30 20:58:28.498  1106  1106 D SsBaseTemplateCard: Passed-in item info is null
05-30 20:58:28.498  1106  1106 D SsBaseTemplateCard: Passed-in item info is null
05-30 20:58:28.498  1106  1106 I SsBaseTemplateCard: Secondary card pane is null
05-30 20:58:28.500  1555  1780 I AiAiEcho: #postPredictionTargets: Sending updates to UISurface lockscreen with targets# 0 (types=[])
05-30 20:58:28.500   953   953 W PageIndicator: Total number of pages invalid: 0. Assuming 1 page.
05-30 20:58:29.767 12816 12816 W dumpsys : Thread Pool max thread count is 0. Cannot cache binder as linkToDeath cannot be implemented. serviceName: package
05-30 20:58:29.857  2694  4736 I artd    : GetBestInfo: odex next to the dex file (/data/app/~~xtmiQYQCmH6y9KZRtRp03w==/com.google.android.gms-Axd_vYzfZDoVi52FAiUC_g==/oat/arm64/base.odex) is kOatUpToDate with filter 'speed-profile' executable 'false'
05-30 20:58:29.860  2694  4736 I artd    : GetBestInfo: odex next to the dex file (/data/app/~~xtmiQYQCmH6y9KZRtRp03w==/com.google.android.gms-Axd_vYzfZDoVi52FAiUC_g==/oat/arm64/split_AdsDynamite_installtime.odex) is kOatUpToDate with filter 'speed' executable 'false'
05-30 20:58:29.863  2694  4736 I artd    : GetBestInfo: odex next to the dex file (/data/app/~~xtmiQYQCmH6y9KZRtRp03w==/com.google.android.gms-Axd_vYzfZDoVi52FAiUC_g==/oat/arm64/split_CronetDynamite_installtime.odex) is kOatUpToDate with filter 'speed-profile' executable 'false'
05-30 20:58:29.866  2694  4736 I artd    : GetBestInfo: odex next to the dex file (/data/app/~~xtmiQYQCmH6y9KZRtRp03w==/com.google.android.gms-Axd_vYzfZDoVi52FAiUC_g==/oat/arm64/split_DynamiteLoader_installtime.odex) is kOatUpToDate with filter 'speed' executable 'false'
05-30 20:58:29.867 12819 12819 W dumpsys : Thread Pool max thread count is 0. Cannot cache binder as linkToDeath cannot be implemented. serviceName: package
05-30 20:58:29.869  2694  4736 I artd    : GetBestInfo: odex next to the dex file (/data/app/~~xtmiQYQCmH6y9KZRtRp03w==/com.google.android.gms-Axd_vYzfZDoVi52FAiUC_g==/oat/arm64/split_DynamiteModulesA_installtime.odex) is kOatUpToDate with filter 'speed' executable 'false'
05-30 20:58:29.874  2694  4736 I artd    : GetBestInfo: odex next to the dex file (/data/app/~~xtmiQYQCmH6y9KZRtRp03w==/com.google.android.gms-Axd_vYzfZDoVi52FAiUC_g==/oat/arm64/split_DynamiteModulesC_installtime.odex) is kOatUpToDate with filter 'speed' executable 'false'
05-30 20:58:29.875  2694  5363 I artd    : GetBestInfo: odex next to the dex file (/data/app/~~-qE7q__wmbfBjP3JeBEVoA==/com.gemhublite.app-4upREusg_uV-vO4aN3XNzw==/oat/arm64/base.odex) is kOatUpToDate with filter 'verify' executable 'false'
05-30 20:58:29.882  2694  4736 I artd    : GetBestInfo: odex next to the dex file (/data/app/~~xtmiQYQCmH6y9KZRtRp03w==/com.google.android.gms-Axd_vYzfZDoVi52FAiUC_g==/oat/arm64/split_GoogleCertificates_installtime.odex) is kOatUpToDate with filter 'speed' executable 'false'
05-30 20:58:29.886  2694  5363 I artd    : GetBestInfo: odex next to the dex file (/data/app/~~xtmiQYQCmH6y9KZRtRp03w==/com.google.android.gms-Axd_vYzfZDoVi52FAiUC_g==/oat/arm64/split_MapsDynamite_installtime.odex) is kOatUpToDate with filter 'speed' executable 'false'
05-30 20:58:29.889  2694  5363 I artd    : GetBestInfo: odex next to the dex file (/data/app/~~xtmiQYQCmH6y9KZRtRp03w==/com.google.android.gms-Axd_vYzfZDoVi52FAiUC_g==/oat/arm64/split_MeasurementDynamite_installtime.odex) is kOatUpToDate with filter 'speed' executable 'false'
05-30 20:58:29.890  2694  5363 I artd    : GetBestInfo: /data/user_de/0/com.google.android.gms/app_chimera/m/00000001/CronetDynamite.apk has no usable artifacts
05-30 20:58:29.891  2694  5363 I artd    : GetBestInfo: /data/user_de/0/com.google.android.gms/app_chimera/m/00000010/dl-MlkitOcrCommon.optional_261934100400.apk has no usable artifacts
05-30 20:58:29.893  2694  5363 I artd    : GetBestInfo: /data/user_de/0/com.google.android.gms/app_chimera/m/00000002/DynamiteLoader.apk has no usable artifacts
05-30 20:58:29.893  2694  5363 I artd    : GetBestInfo: /data/user_de/0/com.google.android.gms/app_chimera/m/00000005/GoogleCertificates.apk has no usable artifacts
05-30 20:58:29.896  2694  5363 I artd    : GetBestInfo: /data/user_de/0/com.google.android.gms/app_chimera/m/00000009/dl-Appsearch.optional_250834100400.apk has no usable artifacts
05-30 20:58:29.898  2694  5363 I artd    : GetBestInfo: /data/user_de/0/com.google.android.gms/app_chimera/m/00000015/dl-IdentityCredentialsPlatform.optional_261934100400.apk has no usable artifacts
05-30 20:58:29.899  2694  5363 I artd    : GetBestInfo: /data/user_de/0/com.google.android.gms/app_chimera/m/0000000c/dl-TfliteDynamiteDynamite.integ_260580502100400.apk has no usable artifacts
05-30 20:58:29.902  2694  5363 I artd    : GetBestInfo: vdex next to the dex file (/data/user/0/com.google.android.gms/app_dg_cache/9D5BCED7935D64431BF672B8BBD597199833CA19/oat/arm64/the.vdex) is kOatUpToDate with filter 'verify' executable 'false'
05-30 20:58:29.903  2694  5363 I artd    : GetBestInfo: /data/user_de/0/com.google.android.gms/app_chimera/m/00000012/dl-MlkitBarcodeUi.optional_261934100400.apk has no usable artifacts
05-30 20:58:29.904  2694  5363 I artd    : GetBestInfo: /data/user_de/0/com.google.android.gms/app_chimera/m/0000000a/dl-MlkitBarcodeUi.optional_250834100400.apk has no usable artifacts
05-30 20:58:29.906  2694  5363 I artd    : GetBestInfo: /data/user_de/0/com.google.android.gms/app_chimera/m/00000013/dl-Appsearch.optional_261934100400.apk has no usable artifacts
05-30 20:58:29.907  2694  5363 I artd    : GetBestInfo: /data/user_de/0/com.google.android.gms/app_chimera/m/0000000e/dl-VisionOcr.optional_261934100000.apk has no usable artifacts
05-30 20:58:29.908  2694  5363 I artd    : GetBestInfo: /data/user_de/0/com.google.android.gms/app_chimera/m/00000007/MeasurementDynamite.apk has no usable artifacts
05-30 20:58:29.910  2694  5363 I artd    : GetBestInfo: /data/user_de/0/com.google.android.gms/app_chimera/m/00000014/dl-PlayCloudSearch.optional_261934100000.apk has no usable artifacts
05-30 20:58:29.923 12822 12822 W dumpsys : Thread Pool max thread count is 0. Cannot cache binder as linkToDeath cannot be implemented. serviceName: meminfo
05-30 20:58:29.923   693   711 D ActivityManager: freezer override set to true
05-30 20:58:29.925   693   711 D ActivityManager: sync unfroze 3234 com.android.managedprovisioning for 19
05-30 20:58:29.925   693   711 D ActivityManager: sync unfroze 3390 com.google.android.cellbroadcastreceiver for 19
05-30 20:58:29.927  3234  3234 D ActivityThread: Package [com.gemhublite.app] reported as REPLACED, but missing application info. Assuming REMOVED.
05-30 20:58:29.927  3390  3390 D ActivityThread: Package [com.gemhublite.app] reported as REPLACED, but missing application info. Assuming REMOVED.
05-30 20:58:29.927   693   711 D ActivityManager: sync unfroze 3464 com.google.android.marvin.talkback for 19
05-30 20:58:29.927  3390  3390 D ActivityThread: Package [com.gemhublite.app] reported as REPLACED, but missing application info. Assuming REMOVED.
05-30 20:58:29.927  3390  3390 D ActivityThread: Package [com.gemhublite.app] reported as REPLACED, but missing application info. Assuming REMOVED.
05-30 20:58:29.930  3390  3390 D ActivityThread: Package [com.gemhublite.app] reported as REPLACED, but missing application info. Assuming REMOVED.
05-30 20:58:29.931  3234  3234 D ActivityThread: Package [com.gemhublite.app] reported as REPLACED, but missing application info. Assuming REMOVED.
05-30 20:58:29.932  3234  3234 D ActivityThread: Package [com.gemhublite.app] reported as REPLACED, but missing application info. Assuming REMOVED.
05-30 20:58:29.935   693   711 D ActivityManager: sync unfroze 3426 com.google.android.healthconnect.controller for 19
05-30 20:58:29.935  3426  3426 D ActivityThread: Package [com.gemhublite.app] reported as REPLACED, but missing application info. Assuming REMOVED.
05-30 20:58:29.935  3234  3234 D ActivityThread: Package [com.gemhublite.app] reported as REPLACED, but missing application info. Assuming REMOVED.
05-30 20:58:29.935   693   711 D ActivityManager: sync unfroze 3623 com.android.shell for 19
05-30 20:58:29.936   693   711 D ActivityManager: sync unfroze 3726 com.google.android.federatedcompute for 19
05-30 20:58:29.936   693   711 D ActivityManager: sync unfroze 3752 com.google.android.ondevicepersonalization.services for 19
05-30 20:58:29.937  3426  3426 D ActivityThread: Package [com.gemhublite.app] reported as REPLACED, but missing application info. Assuming REMOVED.
05-30 20:58:29.937   693   711 D ActivityManager: sync unfroze 3289 com.google.android.ext.services:modelDownloaderServiceProcess for 19
05-30 20:58:29.938  3426  3426 D ActivityThread: Package [com.gemhublite.app] reported as REPLACED, but missing application info. Assuming REMOVED.
05-30 20:58:29.938  3726  3726 D ActivityThread: Package [com.gemhublite.app] reported as REPLACED, but missing application info. Assuming REMOVED.
05-30 20:58:29.942  3464  3464 D ActivityThread: Package [com.gemhublite.app] reported as REPLACED, but missing application info. Assuming REMOVED.
05-30 20:58:29.942  3623  3623 D ActivityThread: Package [com.gemhublite.app] reported as REPLACED, but missing application info. Assuming REMOVED.
05-30 20:58:29.942  3426  3426 D ActivityThread: Package [com.gemhublite.app] reported as REPLACED, but missing application info. Assuming REMOVED.
05-30 20:58:29.942  3464  3464 D ActivityThread: Package [com.gemhublite.app] reported as REPLACED, but missing application info. Assuming REMOVED.
05-30 20:58:29.942  3752  3752 D ActivityThread: Package [com.gemhublite.app] reported as REPLACED, but missing application info. Assuming REMOVED.
05-30 20:58:29.943  3623  3623 D ActivityThread: Package [com.gemhublite.app] reported as REPLACED, but missing application info. Assuming REMOVED.
05-30 20:58:29.943  3289  3289 D ActivityThread: Package [com.gemhublite.app] reported as REPLACED, but missing application info. Assuming REMOVED.
05-30 20:58:29.943  3623  3623 D ActivityThread: Package [com.gemhublite.app] reported as REPLACED, but missing application info. Assuming REMOVED.
05-30 20:58:29.943  3623  3623 D ActivityThread: Package [com.gemhublite.app] reported as REPLACED, but missing application info. Assuming REMOVED.
05-30 20:58:29.943  3289  3289 D ActivityThread: Package [com.gemhublite.app] reported as REPLACED, but missing application info. Assuming REMOVED.
05-30 20:58:29.943  3752  3752 D ActivityThread: Package [com.gemhublite.app] reported as REPLACED, but missing application info. Assuming REMOVED.
05-30 20:58:29.943  3752  3752 D ActivityThread: Package [com.gemhublite.app] reported as REPLACED, but missing application info. Assuming REMOVED.
05-30 20:58:29.943  3752  3752 D ActivityThread: Package [com.gemhublite.app] reported as REPLACED, but missing application info. Assuming REMOVED.
05-30 20:58:29.943  3289  3289 D ActivityThread: Package [com.gemhublite.app] reported as REPLACED, but missing application info. Assuming REMOVED.
05-30 20:58:29.943  3289  3289 D ActivityThread: Package [com.gemhublite.app] reported as REPLACED, but missing application info. Assuming REMOVED.
05-30 20:58:29.944  2061  2061 D ActivityThread: Package [com.gemhublite.app] reported as REPLACED, but missing application info. Assuming REMOVED.
05-30 20:58:29.944  2061  2061 D ActivityThread: Package [com.gemhublite.app] reported as REPLACED, but missing application info. Assuming REMOVED.
05-30 20:58:29.944  2061  2061 D ActivityThread: Package [com.gemhublite.app] reported as REPLACED, but missing application info. Assuming REMOVED.
05-30 20:58:29.944  2061  2061 D ActivityThread: Package [com.gemhublite.app] reported as REPLACED, but missing application info. Assuming REMOVED.
05-30 20:58:29.952  3464  3464 D ActivityThread: Package [com.gemhublite.app] reported as REPLACED, but missing application info. Assuming REMOVED.
05-30 20:58:29.953  3464  3464 D ActivityThread: Package [com.gemhublite.app] reported as REPLACED, but missing application info. Assuming REMOVED.
05-30 20:58:29.953  3726  3726 D ActivityThread: Package [com.gemhublite.app] reported as REPLACED, but missing application info. Assuming REMOVED.
05-30 20:58:29.953  3726  3726 D ActivityThread: Package [com.gemhublite.app] reported as REPLACED, but missing application info. Assuming REMOVED.
05-30 20:58:29.953   693   711 D ActivityManager: sync unfroze 2061 com.google.android.apps.wallpaper for 19
05-30 20:58:29.953  3726  3726 D ActivityThread: Package [com.gemhublite.app] reported as REPLACED, but missing application info. Assuming REMOVED.
05-30 20:58:29.953   693   711 D ActivityManager: sync unfroze 3941 com.android.vending:quick_launch for 19
05-30 20:58:29.954   693   711 D ActivityManager: sync unfroze 4672 com.google.android.webview:webview_service for 19
05-30 20:58:29.958   693   711 D ActivityManager: sync unfroze 3843 com.google.android.photopicker for 19
05-30 20:58:29.958   693   711 D ActivityManager: sync unfroze 3673 com.google.android.configupdater for 19
05-30 20:58:29.959   693   711 D ActivityManager: sync unfroze 2030 com.google.android.as.oss for 19
05-30 20:58:29.959   693   711 D ActivityManager: sync unfroze 7535 com.google.android.apps.photos for 19
05-30 20:58:29.959   693   711 D ActivityManager: sync unfroze 4400 com.google.android.apps.restore for 19
05-30 20:58:29.959   693   711 D ActivityManager: sync unfroze 7863 com.google.android.apps.safetyhub for 19
05-30 20:58:29.967  3843  3843 D ActivityThread: Package [com.gemhublite.app] reported as REPLACED, but missing application info. Assuming REMOVED.
05-30 20:58:29.967  3843  3843 D ActivityThread: Package [com.gemhublite.app] reported as REPLACED, but missing application info. Assuming REMOVED.
05-30 20:58:29.968  3843  3843 D ActivityThread: Package [com.gemhublite.app] reported as REPLACED, but missing application info. Assuming REMOVED.
05-30 20:58:29.968  3843  3843 D ActivityThread: Package [com.gemhublite.app] reported as REPLACED, but missing application info. Assuming REMOVED.
05-30 20:58:29.969  4672  4672 D ActivityThread: Package [com.gemhublite.app] reported as REPLACED, but missing application info. Assuming REMOVED.
05-30 20:58:29.969  4672  4672 D ActivityThread: Package [com.gemhublite.app] reported as REPLACED, but missing application info. Assuming REMOVED.
05-30 20:58:29.969  4672  4672 D ActivityThread: Package [com.gemhublite.app] reported as REPLACED, but missing application info. Assuming REMOVED.
05-30 20:58:29.969  4672  4672 D ActivityThread: Package [com.gemhublite.app] reported as REPLACED, but missing application info. Assuming REMOVED.
05-30 20:58:29.971  2030  2030 D ActivityThread: Package [com.gemhublite.app] reported as REPLACED, but missing application info. Assuming REMOVED.
05-30 20:58:29.971  3941  3941 I Finsky:quick_launch: [2] Memory trim requested to level 40
05-30 20:58:29.971  2030  2030 D ActivityThread: Package [com.gemhublite.app] reported as REPLACED, but missing application info. Assuming REMOVED.
05-30 20:58:29.972   693   711 D ActivityManager: sync unfroze 2216 com.google.android.deskclock for 19
05-30 20:58:29.972  2030  2030 D ActivityThread: Package [com.gemhublite.app] reported as REPLACED, but missing application info. Assuming REMOVED.
05-30 20:58:29.972  2030  2030 D ActivityThread: Package [com.gemhublite.app] reported as REPLACED, but missing application info. Assuming REMOVED.
05-30 20:58:29.973   693   711 D ActivityManager: sync unfroze 3555 com.google.android.rkpdapp for 19
05-30 20:58:29.973   693   711 D ActivityManager: sync unfroze 7890 com.google.android.dialer for 19
05-30 20:58:29.973   693   711 D ActivityManager: sync unfroze 3563 com.android.providers.calendar for 19
05-30 20:58:29.973   693   711 D ActivityManager: sync unfroze 10784 com.android.carrierdefaultapp for 19
05-30 20:58:29.973   693   711 D ActivityManager: sync unfroze 11227 com.android.chrome for 19
05-30 20:58:29.973   693   711 D ActivityManager: sync unfroze 11320 android.process.media for 19
05-30 20:58:29.973   693   711 D ActivityManager: sync unfroze 3784 com.google.android.packageinstaller for 19
05-30 20:58:29.974   693   711 D ActivityManager: sync unfroze 3330 com.google.android.gms.ui for 19
05-30 20:58:29.974   693   711 D ActivityManager: sync unfroze 3799 com.google.android.partnersetup for 19
05-30 20:58:29.975   693   711 D ActivityManager: sync unfroze 1810 com.google.android.settings.intelligence for 19
05-30 20:58:29.975   693   711 D ActivityManager: sync unfroze 5055 com.google.android.adservices.api for 19
05-30 20:58:29.975   693   711 D ActivityManager: sync unfroze 2608 com.google.android.tts for 19
05-30 20:58:29.976   693   711 D ActivityManager: sync unfroze 11287 com.google.android.documentsui for 19
05-30 20:58:29.976   693   711 D ActivityManager: sync unfroze 1576 android.process.acore for 19
05-30 20:58:29.977   693   711 D ActivityManager: sync unfroze 12275 com.android.externalstorage for 19
05-30 20:58:29.977  3330  3330 D ActivityThread: Package [com.gemhublite.app] reported as REPLACED, but missing application info. Assuming REMOVED.
05-30 20:58:29.983 12275 12275 D ActivityThread: Package [com.gemhublite.app] reported as REPLACED, but missing application info. Assuming REMOVED.
05-30 20:58:29.988   693   711 D ActivityManager: sync unfroze 2384 com.google.android.apps.messaging for 19
05-30 20:58:29.989 10784 10784 D ActivityThread: Package [com.gemhublite.app] reported as REPLACED, but missing application info. Assuming REMOVED.
05-30 20:58:29.990 10784 10784 D ActivityThread: Package [com.gemhublite.app] reported as REPLACED, but missing application info. Assuming REMOVED.
05-30 20:58:29.991  1576  1576 D ActivityThread: Package [com.gemhublite.app] reported as REPLACED, but missing application info. Assuming REMOVED.
05-30 20:58:29.991 10784 10784 D ActivityThread: Package [com.gemhublite.app] reported as REPLACED, but missing application info. Assuming REMOVED.
05-30 20:58:29.991 10784 10784 D ActivityThread: Package [com.gemhublite.app] reported as REPLACED, but missing application info. Assuming REMOVED.
05-30 20:58:29.991  1576  1576 D ActivityThread: Package [com.gemhublite.app] reported as REPLACED, but missing application info. Assuming REMOVED.
05-30 20:58:29.991  1576  1576 D ActivityThread: Package [com.gemhublite.app] reported as REPLACED, but missing application info. Assuming REMOVED.
05-30 20:58:29.991  1576  1576 D ActivityThread: Package [com.gemhublite.app] reported as REPLACED, but missing application info. Assuming REMOVED.
05-30 20:58:29.998 12275 12275 D ActivityThread: Package [com.gemhublite.app] reported as REPLACED, but missing application info. Assuming REMOVED.
05-30 20:58:29.998   693   711 D ActivityManager: sync unfroze 1918 com.android.vending for 19
05-30 20:58:30.002   693   711 D ActivityManager: sync unfroze 2970 com.android.vending:background for 19
05-30 20:58:30.002 12275 12275 D ActivityThread: Package [com.gemhublite.app] reported as REPLACED, but missing application info. Assuming REMOVED.
05-30 20:58:30.003   693   711 D ActivityManager: sync unfroze 4371 com.google.android.googlequicksearchbox:search for 19
05-30 20:58:30.004 11287 11287 D ActivityThread: Package [com.gemhublite.app] reported as REPLACED, but missing application info. Assuming REMOVED.
05-30 20:58:30.005  3563  3563 D ActivityThread: Package [com.gemhublite.app] reported as REPLACED, but missing application info. Assuming REMOVED.
05-30 20:58:30.005 12275 12275 D ActivityThread: Package [com.gemhublite.app] reported as REPLACED, but missing application info. Assuming REMOVED.
05-30 20:58:30.006  3330  3330 D ActivityThread: Package [com.gemhublite.app] reported as REPLACED, but missing application info. Assuming REMOVED.
05-30 20:58:30.007  3330  3330 D ActivityThread: Package [com.gemhublite.app] reported as REPLACED, but missing application info. Assuming REMOVED.
05-30 20:58:30.007  3941  3941 D ActivityThread: Package [com.gemhublite.app] reported as REPLACED, but missing application info. Assuming REMOVED.
05-30 20:58:30.008  3941  3941 D ActivityThread: Package [com.gemhublite.app] reported as REPLACED, but missing application info. Assuming REMOVED.
05-30 20:58:30.009  3563  3563 D ActivityThread: Package [com.gemhublite.app] reported as REPLACED, but missing application info. Assuming REMOVED.
05-30 20:58:30.009  3941  3941 I Finsky:quick_launch: [2] Memory trim requested to level 40
05-30 20:58:30.009  3941  3941 D ActivityThread: Package [com.gemhublite.app] reported as REPLACED, but missing application info. Assuming REMOVED.
05-30 20:58:30.010  3941  3941 D ActivityThread: Package [com.gemhublite.app] reported as REPLACED, but missing application info. Assuming REMOVED.
05-30 20:58:30.010  3563  3563 D ActivityThread: Package [com.gemhublite.app] reported as REPLACED, but missing application info. Assuming REMOVED.
05-30 20:58:30.016 11287 11287 D ActivityThread: Package [com.gemhublite.app] reported as REPLACED, but missing application info. Assuming REMOVED.
05-30 20:58:30.016  3330  3330 D ActivityThread: Package [com.gemhublite.app] reported as REPLACED, but missing application info. Assuming REMOVED.
05-30 20:58:30.019 11287 11287 D ActivityThread: Package [com.gemhublite.app] reported as REPLACED, but missing application info. Assuming REMOVED.
05-30 20:58:30.020 11227 11227 D ActivityThread: Package [com.gemhublite.app] reported as REPLACED, but missing application info. Assuming REMOVED.
05-30 20:58:30.020 11287 11287 D ActivityThread: Package [com.gemhublite.app] reported as REPLACED, but missing application info. Assuming REMOVED.
05-30 20:58:30.020 11227 11227 D ActivityThread: Package [com.gemhublite.app] reported as REPLACED, but missing application info. Assuming REMOVED.
05-30 20:58:30.020  3673  3673 D ActivityThread: Package [com.gemhublite.app] reported as REPLACED, but missing application info. Assuming REMOVED.
05-30 20:58:30.021 11227 11227 D ActivityThread: Package [com.gemhublite.app] reported as REPLACED, but missing application info. Assuming REMOVED.
05-30 20:58:30.022 11227 11227 D ActivityThread: Package [com.gemhublite.app] reported as REPLACED, but missing application info. Assuming REMOVED.
05-30 20:58:30.024  3563  3563 D ActivityThread: Package [com.gemhublite.app] reported as REPLACED, but missing application info. Assuming REMOVED.
05-30 20:58:30.024  3555  3555 D ActivityThread: Package [com.gemhublite.app] reported as REPLACED, but missing application info. Assuming REMOVED.
05-30 20:58:30.026  3555  3555 D ActivityThread: Package [com.gemhublite.app] reported as REPLACED, but missing application info. Assuming REMOVED.
05-30 20:58:30.026  3555  3555 D ActivityThread: Package [com.gemhublite.app] reported as REPLACED, but missing application info. Assuming REMOVED.
05-30 20:58:30.026  3555  3555 D ActivityThread: Package [com.gemhublite.app] reported as REPLACED, but missing application info. Assuming REMOVED.
05-30 20:58:30.035  5055  5055 D ActivityThread: Package [com.gemhublite.app] reported as REPLACED, but missing application info. Assuming REMOVED.
05-30 20:58:30.036  5055  5055 D ActivityThread: Package [com.gemhublite.app] reported as REPLACED, but missing application info. Assuming REMOVED.
05-30 20:58:30.036  5055  5055 D ActivityThread: Package [com.gemhublite.app] reported as REPLACED, but missing application info. Assuming REMOVED.
05-30 20:58:30.037  5055  5055 D ActivityThread: Package [com.gemhublite.app] reported as REPLACED, but missing application info. Assuming REMOVED.
05-30 20:58:30.037  3784  3784 D ActivityThread: Package [com.gemhublite.app] reported as REPLACED, but missing application info. Assuming REMOVED.
05-30 20:58:30.037  3784  3784 D ActivityThread: Package [com.gemhublite.app] reported as REPLACED, but missing application info. Assuming REMOVED.
05-30 20:58:30.037  3784  3784 D ActivityThread: Package [com.gemhublite.app] reported as REPLACED, but missing application info. Assuming REMOVED.
05-30 20:58:30.037  3784  3784 D ActivityThread: Package [com.gemhublite.app] reported as REPLACED, but missing application info. Assuming REMOVED.
05-30 20:58:30.044  3673  3673 D ActivityThread: Package [com.gemhublite.app] reported as REPLACED, but missing application info. Assuming REMOVED.
05-30 20:58:30.044  3673  3673 D ActivityThread: Package [com.gemhublite.app] reported as REPLACED, but missing application info. Assuming REMOVED.
05-30 20:58:30.044  3673  3673 D ActivityThread: Package [com.gemhublite.app] reported as REPLACED, but missing application info. Assuming REMOVED.
05-30 20:58:30.116  3799  3799 D ActivityThread: Package [com.gemhublite.app] reported as REPLACED, but missing application info. Assuming REMOVED.
05-30 20:58:30.117  4400  4400 D ActivityThread: Package [com.gemhublite.app] reported as REPLACED, but missing application info. Assuming REMOVED.
05-30 20:58:30.117  4400  4400 D ActivityThread: Package [com.gemhublite.app] reported as REPLACED, but missing application info. Assuming REMOVED.
05-30 20:58:30.120  4400  4400 D ActivityThread: Package [com.gemhublite.app] reported as REPLACED, but missing application info. Assuming REMOVED.
05-30 20:58:30.120  3799  3799 D ActivityThread: Package [com.gemhublite.app] reported as REPLACED, but missing application info. Assuming REMOVED.
05-30 20:58:30.120  3799  3799 D ActivityThread: Package [com.gemhublite.app] reported as REPLACED, but missing application info. Assuming REMOVED.
05-30 20:58:30.120  3799  3799 D ActivityThread: Package [com.gemhublite.app] reported as REPLACED, but missing application info. Assuming REMOVED.
05-30 20:58:30.125  1810  1810 D ActivityThread: Package [com.gemhublite.app] reported as REPLACED, but missing application info. Assuming REMOVED.
05-30 20:58:30.126  1810  1810 D ActivityThread: Package [com.gemhublite.app] reported as REPLACED, but missing application info. Assuming REMOVED.
05-30 20:58:30.127  1810  1810 D ActivityThread: Package [com.gemhublite.app] reported as REPLACED, but missing application info. Assuming REMOVED.
05-30 20:58:30.127  1810  1810 D ActivityThread: Package [com.gemhublite.app] reported as REPLACED, but missing application info. Assuming REMOVED.
05-30 20:58:30.128 11320 11320 D ActivityThread: Package [com.gemhublite.app] reported as REPLACED, but missing application info. Assuming REMOVED.
05-30 20:58:30.131 11320 11320 D ActivityThread: Package [com.gemhublite.app] reported as REPLACED, but missing application info. Assuming REMOVED.
05-30 20:58:30.131 11320 11320 D ActivityThread: Package [com.gemhublite.app] reported as REPLACED, but missing application info. Assuming REMOVED.
05-30 20:58:30.131 11320 11320 D ActivityThread: Package [com.gemhublite.app] reported as REPLACED, but missing application info. Assuming REMOVED.
05-30 20:58:30.133  7890  7890 D ActivityThread: Package [com.gemhublite.app] reported as REPLACED, but missing application info. Assuming REMOVED.
05-30 20:58:30.134  7890  7890 D ActivityThread: Package [com.gemhublite.app] reported as REPLACED, but missing application info. Assuming REMOVED.
05-30 20:58:30.134  4400  4400 D ActivityThread: Package [com.gemhublite.app] reported as REPLACED, but missing application info. Assuming REMOVED.
05-30 20:58:30.135  7890  7890 D ActivityThread: Package [com.gemhublite.app] reported as REPLACED, but missing application info. Assuming REMOVED.
05-30 20:58:30.135  7890  7890 D ActivityThread: Package [com.gemhublite.app] reported as REPLACED, but missing application info. Assuming REMOVED.
05-30 20:58:30.136  2216  2216 D ActivityThread: Package [com.gemhublite.app] reported as REPLACED, but missing application info. Assuming REMOVED.
05-30 20:58:30.140  2216  2216 D ActivityThread: Package [com.gemhublite.app] reported as REPLACED, but missing application info. Assuming REMOVED.
05-30 20:58:30.140  2216  2216 D ActivityThread: Package [com.gemhublite.app] reported as REPLACED, but missing application info. Assuming REMOVED.
05-30 20:58:30.140  2216  2216 D ActivityThread: Package [com.gemhublite.app] reported as REPLACED, but missing application info. Assuming REMOVED.
05-30 20:58:30.145 11287 11292 W oid.documentsui: Suspending all threads took: 10.751ms
05-30 20:58:30.157  7863  7863 D ActivityThread: Package [com.gemhublite.app] reported as REPLACED, but missing application info. Assuming REMOVED.
05-30 20:58:30.158  7863  7863 D ActivityThread: Package [com.gemhublite.app] reported as REPLACED, but missing application info. Assuming REMOVED.
05-30 20:58:30.158  7863  7863 D ActivityThread: Package [com.gemhublite.app] reported as REPLACED, but missing application info. Assuming REMOVED.
05-30 20:58:30.158  7863  7863 D ActivityThread: Package [com.gemhublite.app] reported as REPLACED, but missing application info. Assuming REMOVED.
05-30 20:58:30.201  7863  7869 W .apps.safetyhub: Reducing the number of considered missed Gc histogram windows from 661 to 100
05-30 20:58:30.203  2608  2608 D ActivityThread: Package [com.gemhublite.app] reported as REPLACED, but missing application info. Assuming REMOVED.
05-30 20:58:30.204  2216  2221 W droid.deskclock: Reducing the number of considered missed Gc histogram windows from 690 to 100
05-30 20:58:30.208  2608  2608 D ActivityThread: Package [com.gemhublite.app] reported as REPLACED, but missing application info. Assuming REMOVED.
05-30 20:58:30.208  2608  2608 D ActivityThread: Package [com.gemhublite.app] reported as REPLACED, but missing application info. Assuming REMOVED.
05-30 20:58:30.214  2608  2608 D ActivityThread: Package [com.gemhublite.app] reported as REPLACED, but missing application info. Assuming REMOVED.
05-30 20:58:30.265 12713 12729 W .gemhublite.app: Cleared Reference was only reachable from finalizer (only reported once)
05-30 20:58:30.284  7535  7535 D ActivityThread: Package [com.gemhublite.app] reported as REPLACED, but missing application info. Assuming REMOVED.
05-30 20:58:30.285  7535  7535 D ActivityThread: Package [com.gemhublite.app] reported as REPLACED, but missing application info. Assuming REMOVED.
05-30 20:58:30.285  7535  7535 D ActivityThread: Package [com.gemhublite.app] reported as REPLACED, but missing application info. Assuming REMOVED.
05-30 20:58:30.286  7535  7535 D ActivityThread: Package [com.gemhublite.app] reported as REPLACED, but missing application info. Assuming REMOVED.
05-30 20:58:30.290 12713 12729 I .gemhublite.app: Explicit concurrent mark compact GC freed 6529KB AllocSpace bytes, 16(876KB) LOS objects, 49% free, 6895KB/13MB, paused 240us,772us total 106.226ms
05-30 20:58:30.292   693   740 E BluetoothPowerStatsCollector: Cannot acquire BluetoothActivityEnergyInfo
05-30 20:58:30.292   693   740 E BluetoothPowerStatsCollector: java.util.concurrent.ExecutionException: java.lang.RuntimeException: error: 11
05-30 20:58:30.292   693   740 E BluetoothPowerStatsCollector: 	at java.util.concurrent.CompletableFuture.reportGet(CompletableFuture.java:372)
05-30 20:58:30.292   693   740 E BluetoothPowerStatsCollector: 	at java.util.concurrent.CompletableFuture.get(CompletableFuture.java:2072)
05-30 20:58:30.292   693   740 E BluetoothPowerStatsCollector: 	at com.android.server.power.stats.BluetoothPowerStatsCollector.collectBluetoothActivityInfo(BluetoothPowerStatsCollector.java:192)
05-30 20:58:30.292   693   740 E BluetoothPowerStatsCollector: 	at com.android.server.power.stats.BluetoothPowerStatsCollector.collectStats(BluetoothPowerStatsCollector.java:155)
05-30 20:58:30.292   693   740 E BluetoothPowerStatsCollector: 	at com.android.server.power.stats.PowerStatsCollector.collectAndDeliverStats(PowerStatsCollector.java:176)
05-30 20:58:30.292   693   740 E BluetoothPowerStatsCollector: 	at com.android.server.power.stats.PowerStatsCollector$$ExternalSyntheticLambda0.run(R8$$SyntheticClass:0)
05-30 20:58:30.292   693   740 E BluetoothPowerStatsCollector: 	at android.os.Handler.handleCallback(Handler.java:995)
05-30 20:58:30.292   693   740 E BluetoothPowerStatsCollector: 	at android.os.Handler.dispatchMessage(Handler.java:103)
05-30 20:58:30.292   693   740 E BluetoothPowerStatsCollector: 	at android.os.Looper.loopOnce(Looper.java:248)
05-30 20:58:30.292   693   740 E BluetoothPowerStatsCollector: 	at android.os.Looper.loop(Looper.java:338)
05-30 20:58:30.292   693   740 E BluetoothPowerStatsCollector: 	at android.os.HandlerThread.run(HandlerThread.java:85)
05-30 20:58:30.292   693   740 E BluetoothPowerStatsCollector: Caused by: java.lang.RuntimeException: error: 11
05-30 20:58:30.292   693   740 E BluetoothPowerStatsCollector: 	at com.android.server.power.stats.BluetoothPowerStatsCollector$1.onBluetoothActivityEnergyInfoError(BluetoothPowerStatsCollector.java:181)
05-30 20:58:30.292   693   740 E BluetoothPowerStatsCollector: 	at android.bluetooth.BluetoothAdapter$OnBluetoothActivityEnergyInfoProxy.lambda$onBluetoothActivityEnergyInfoAvailable$0(BluetoothAdapter.java:1037)
05-30 20:58:30.292   693   740 E BluetoothPowerStatsCollector: 	at android.bluetooth.BluetoothAdapter$OnBluetoothActivityEnergyInfoProxy$$ExternalSyntheticLambda1.run(D8$$SyntheticClass:0)
05-30 20:58:30.292   693   740 E BluetoothPowerStatsCollector: 	at android.bluetooth.BluetoothUtils.lambda$executeFromBinder$0(BluetoothUtils.java:343)
05-30 20:58:30.292   693   740 E BluetoothPowerStatsCollector: 	at android.bluetooth.BluetoothUtils$$ExternalSyntheticLambda1.run(D8$$SyntheticClass:0)
05-30 20:58:30.292   693   740 E BluetoothPowerStatsCollector: 	at com.android.server.SystemServerInitThreadPool$$ExternalSyntheticLambda0.execute(R8$$SyntheticClass:0)
05-30 20:58:30.292   693   740 E BluetoothPowerStatsCollector: 	at android.bluetooth.BluetoothUtils.executeFromBinder(BluetoothUtils.java:343)
05-30 20:58:30.292   693   740 E BluetoothPowerStatsCollector: 	at android.bluetooth.BluetoothAdapter$OnBluetoothActivityEnergyInfoProxy.onBluetoothActivityEnergyInfoAvailable(BluetoothAdapter.java:1035)
05-30 20:58:30.292   693   740 E BluetoothPowerStatsCollector: 	at android.bluetooth.IBluetoothActivityEnergyInfoListener$Stub.onTransact(IBluetoothActivityEnergyInfoListener.java:98)
05-30 20:58:30.292   693   740 E BluetoothPowerStatsCollector: 	at android.os.Binder.execTransactInternal(Binder.java:1426)
05-30 20:58:30.292   693   740 E BluetoothPowerStatsCollector: 	at android.os.Binder.execTransact(Binder.java:1365)
05-30 20:58:30.292  4371  4412 I amtp    : NGA disabled due to not being eligible.
05-30 20:58:30.317  4371  4412 I amtp    : NGA disabled due to not being eligible.
05-30 20:58:30.335   693   711 D ActivityManager: freezer override set to false
05-30 20:58:30.344  3941  3941 I Finsky:quick_launch: [2] Memory trim requested to level 40
05-30 20:58:30.352  2970  2970 I Finsky:background: [2] Memory trim requested to level 40
05-30 20:58:30.357  1918  1918 I Finsky  : [2] Memory trim requested to level 40
05-30 20:58:30.362  1918  1918 I Finsky  : [2] Flushing in-memory image cache
05-30 20:58:30.372  3563  3570 W viders.calendar: Reducing the number of considered missed Gc histogram windows from 663 to 100
05-30 20:58:30.403  2384  2384 D ActivityThread: Package [com.gemhublite.app] reported as REPLACED, but missing application info. Assuming REMOVED.
05-30 20:58:30.405  2384  2384 D ActivityThread: Package [com.gemhublite.app] reported as REPLACED, but missing application info. Assuming REMOVED.
05-30 20:58:30.406  2384  2384 D ActivityThread: Package [com.gemhublite.app] reported as REPLACED, but missing application info. Assuming REMOVED.
05-30 20:58:30.407  2384  2448 I ForwardSyncCache: reclaimMemory: Clearing caches
05-30 20:58:30.407  2384  2384 D ActivityThread: Package [com.gemhublite.app] reported as REPLACED, but missing application info. Assuming REMOVED.
05-30 20:58:30.418  2384  2448 W BugleSpam: trimming memory: closing msg model.
05-30 20:58:30.431  2384  2448 W Bugle   : TextClassifierLibManagerImpl: Reclaiming memory at level: 40
05-30 20:58:30.437  2384  2448 I ForwardSyncCache: reclaimMemory: Clearing caches
05-30 20:58:30.437  2384  2448 W BugleSpam: trimming memory: closing msg model.
05-30 20:58:30.437  2384  2800 I Bugle   : BroadcastReceiverAsyncWorkTracker: Acknowledging broadcast of cump@30d032
05-30 20:58:30.438  2384  2448 W Bugle   : TextClassifierLibManagerImpl: Reclaiming memory at level: 40
05-30 20:58:30.442  2384  2800 I Bugle   : BroadcastReceiverAsyncWorkTracker: Acknowledging broadcast of cump@30d032
05-30 20:58:30.445  2384  2448 I ForwardSyncCache: reclaimMemory: Clearing caches
05-30 20:58:30.445  2384  2448 W BugleSpam: trimming memory: closing msg model.
05-30 20:58:30.446  2384  2448 W Bugle   : TextClassifierLibManagerImpl: Reclaiming memory at level: 40
05-30 20:58:30.498   693   711 W AS.PlaybackActivityMon: No piid assigned for invalid/internal port id 16
05-30 20:58:30.560   492   613 D AudioFlinger: mixer(0xb4000070bb6ee770) throttle end: throttle time(35)
05-30 20:58:30.570 12713 12751 W HWUI    : Image decoding logging dropped!
05-30 20:58:30.571 12713 12751 W HWUI    : Image decoding logging dropped!
05-30 20:58:30.706   693   802 D ActivityManager: freezing 1264 com.google.android.permissioncontroller
05-30 20:58:30.706   693   853 D InetDiagMessage: Destroyed 0 sockets, proto=IPPROTO_TCP, family=AF_INET, states=14
05-30 20:58:30.707   693   853 D InetDiagMessage: Destroyed 0 sockets, proto=IPPROTO_TCP, family=AF_INET6, states=14
05-30 20:58:30.707   693   853 D InetDiagMessage: Destroyed live tcp sockets for uids={10200} in 0ms
05-30 20:58:32.543 12871 12871 W screencap: Thread Pool max thread count is 0. Cannot cache binder as linkToDeath cannot be implemented. serviceName: SurfaceFlingerAIDL
05-30 20:58:32.543 12871 12871 W BpBinder: Linking to death on android.gui.ISurfaceComposer but there are no threads (yet?) listening to incoming transactions. See ProcessState::startThreadPool and ProcessState::setThreadPoolMaxThreadCount. Generally you should setup the binder threadpool before other initialization steps.
05-30 20:58:32.543 12871 12871 W ProcessState: Extra binder thread started, but 0 threads requested. Do not use *startThreadPool when zero threads are requested.
05-30 20:58:32.544   496   574 E HwcComposer: getLuts failed Status(-8, EX_SERVICE_SPECIFIC): '8: '
05-30 20:58:32.544   496   574 E HWComposer: getLuts: getLuts failed for display 4619827259835644672: UNSUPPORTED (8)
05-30 20:58:33.335  1058  1290 D SatelliteController: iisInCarrierRoamingNbIotNtn: satellite is disabled
05-30 20:58:33.599   455  5103 D android.hardware.audio@7.1-impl.ranchu: threadLoop: entering standby, frames: 960704
05-30 20:58:33.599   455  5103 D android.hardware.audio@7.1-impl.ranchu: ~TinyalsaSink: joining consumeThread
05-30 20:58:33.618   455 12868 D android.hardware.audio@7.1-impl.ranchu: consumeThread: exiting
05-30 20:58:33.619   455  5103 D android.hardware.audio@7.1-impl.ranchu: ~TinyalsaSink: stopping PCM stream
05-30 20:58:36.435 12713 12713 I Choreographer: Skipped 30 frames!  The application may be doing too much work on its main thread.
05-30 20:58:37.292 12713 12713 I Choreographer: Skipped 39 frames!  The application may be doing too much work on its main thread.
05-30 20:58:37.314 12713 12739 I HWUI    : Davey! duration=1053ms; Flags=0, FrameTimelineVsyncId=1305100, IntendedVsync=12134944943866, Vsync=12135444943846, InputEventId=-876100532, HandleInputStart=12135454351611, AnimationStart=12135464270111, PerformTraversalsStart=12135464721861, DrawStart=12135493272528, FrameDeadline=12135411610514, FrameStartTime=12135454185653, FrameInterval=16666666, WorkloadTarget=16666666, SyncQueued=12135512373153, SyncStart=12135520763611, IssueDrawCommandsStart=12135527306070, SwapBuffers=12135594802486, FrameCompleted=12136006817070, DequeueBufferDuration=20666, QueueBufferDuration=1311291, GpuCompleted=12135886582611, SwapBuffersCompleted=12136006817070, DisplayPresentTime=0, CommandSubmissionCompleted=12135594802486, 
05-30 20:58:38.437 12713 12761 I HWUI    : Davey! duration=853ms; Flags=0, FrameTimelineVsyncId=1305184, IntendedVsync=12136478277138, Vsync=12136528277136, InputEventId=0, HandleInputStart=12136534114153, AnimationStart=12136534114403, PerformTraversalsStart=12136839184154, DrawStart=12136839376529, FrameDeadline=12136594943800, FrameStartTime=12136534112362, FrameInterval=16666666, WorkloadTarget=16666666, SyncQueued=12136839752070, SyncStart=12136854179987, IssueDrawCommandsStart=12136854486404, SwapBuffers=12136872625445, FrameCompleted=12137346686904, DequeueBufferDuration=45652167, QueueBufferDuration=135273792, GpuCompleted=12137346686904, SwapBuffersCompleted=12137317765612, DisplayPresentTime=0, CommandSubmissionCompleted=12136872625445, 
05-30 20:58:38.839 12914 12914 W screencap: Thread Pool max thread count is 0. Cannot cache binder as linkToDeath cannot be implemented. serviceName: SurfaceFlingerAIDL
05-30 20:58:38.840 12914 12914 W BpBinder: Linking to death on android.gui.ISurfaceComposer but there are no threads (yet?) listening to incoming transactions. See ProcessState::startThreadPool and ProcessState::setThreadPoolMaxThreadCount. Generally you should setup the binder threadpool before other initialization steps.
05-30 20:58:38.840 12914 12914 W ProcessState: Extra binder thread started, but 0 threads requested. Do not use *startThreadPool when zero threads are requested.
05-30 20:58:38.847   496   572 E HwcComposer: getLuts failed Status(-8, EX_SERVICE_SPECIFIC): '8: '
05-30 20:58:38.847   496   572 E HWComposer: getLuts: getLuts failed for display 4619827259835644672: UNSUPPORTED (8)
05-30 20:58:40.244   693  1650 W AS.PlaybackActivityMon: No piid assigned for invalid/internal port id 16
05-30 20:58:40.246   492   613 D AudioFlinger: mixer(0xb4000070bb6ee770) throttle end: throttle time(33)
05-30 20:58:40.257 12923 12923 W dumpsys : Thread Pool max thread count is 0. Cannot cache binder as linkToDeath cannot be implemented. serviceName: package
05-30 20:58:40.279  2694  5363 I artd    : GetBestInfo: odex next to the dex file (/data/app/~~xtmiQYQCmH6y9KZRtRp03w==/com.google.android.gms-Axd_vYzfZDoVi52FAiUC_g==/oat/arm64/base.odex) is kOatUpToDate with filter 'speed-profile' executable 'false'
05-30 20:58:40.280  2694  5363 I artd    : GetBestInfo: odex next to the dex file (/data/app/~~xtmiQYQCmH6y9KZRtRp03w==/com.google.android.gms-Axd_vYzfZDoVi52FAiUC_g==/oat/arm64/split_AdsDynamite_installtime.odex) is kOatUpToDate with filter 'speed' executable 'false'
05-30 20:58:40.281  2694  4736 I artd    : GetBestInfo: odex next to the dex file (/data/app/~~xtmiQYQCmH6y9KZRtRp03w==/com.google.android.gms-Axd_vYzfZDoVi52FAiUC_g==/oat/arm64/split_CronetDynamite_installtime.odex) is kOatUpToDate with filter 'speed-profile' executable 'false'
05-30 20:58:40.282  2694  5363 I artd    : GetBestInfo: odex next to the dex file (/data/app/~~xtmiQYQCmH6y9KZRtRp03w==/com.google.android.gms-Axd_vYzfZDoVi52FAiUC_g==/oat/arm64/split_DynamiteLoader_installtime.odex) is kOatUpToDate with filter 'speed' executable 'false'
05-30 20:58:40.283  2694  4736 I artd    : GetBestInfo: odex next to the dex file (/data/app/~~xtmiQYQCmH6y9KZRtRp03w==/com.google.android.gms-Axd_vYzfZDoVi52FAiUC_g==/oat/arm64/split_DynamiteModulesA_installtime.odex) is kOatUpToDate with filter 'speed' executable 'false'
05-30 20:58:40.283  2694  4736 I artd    : GetBestInfo: odex next to the dex file (/data/app/~~xtmiQYQCmH6y9KZRtRp03w==/com.google.android.gms-Axd_vYzfZDoVi52FAiUC_g==/oat/arm64/split_DynamiteModulesC_installtime.odex) is kOatUpToDate with filter 'speed' executable 'false'
05-30 20:58:40.284  2694  5363 I artd    : GetBestInfo: odex next to the dex file (/data/app/~~xtmiQYQCmH6y9KZRtRp03w==/com.google.android.gms-Axd_vYzfZDoVi52FAiUC_g==/oat/arm64/split_GoogleCertificates_installtime.odex) is kOatUpToDate with filter 'speed' executable 'false'
05-30 20:58:40.284  2694  4736 I artd    : GetBestInfo: odex next to the dex file (/data/app/~~xtmiQYQCmH6y9KZRtRp03w==/com.google.android.gms-Axd_vYzfZDoVi52FAiUC_g==/oat/arm64/split_MapsDynamite_installtime.odex) is kOatUpToDate with filter 'speed' executable 'false'
05-30 20:58:40.285  2694  4736 I artd    : GetBestInfo: odex next to the dex file (/data/app/~~xtmiQYQCmH6y9KZRtRp03w==/com.google.android.gms-Axd_vYzfZDoVi52FAiUC_g==/oat/arm64/split_MeasurementDynamite_installtime.odex) is kOatUpToDate with filter 'speed' executable 'false'
05-30 20:58:40.285  2694  5363 I artd    : GetBestInfo: /data/user_de/0/com.google.android.gms/app_chimera/m/00000001/CronetDynamite.apk has no usable artifacts
05-30 20:58:40.286  2694  4736 I artd    : GetBestInfo: /data/user_de/0/com.google.android.gms/app_chimera/m/00000010/dl-MlkitOcrCommon.optional_261934100400.apk has no usable artifacts
05-30 20:58:40.286  2694  5363 I artd    : GetBestInfo: /data/user_de/0/com.google.android.gms/app_chimera/m/00000002/DynamiteLoader.apk has no usable artifacts
05-30 20:58:40.286  2694  5363 I artd    : GetBestInfo: /data/user_de/0/com.google.android.gms/app_chimera/m/00000005/GoogleCertificates.apk has no usable artifacts
05-30 20:58:40.291  2694  5363 I artd    : GetBestInfo: /data/user_de/0/com.google.android.gms/app_chimera/m/00000009/dl-Appsearch.optional_250834100400.apk has no usable artifacts
05-30 20:58:40.292  2694  5363 I artd    : GetBestInfo: /data/user_de/0/com.google.android.gms/app_chimera/m/00000015/dl-IdentityCredentialsPlatform.optional_261934100400.apk has no usable artifacts
05-30 20:58:40.294  2694  5363 I artd    : GetBestInfo: /data/user_de/0/com.google.android.gms/app_chimera/m/0000000c/dl-TfliteDynamiteDynamite.integ_260580502100400.apk has no usable artifacts
05-30 20:58:40.297  2694  5363 I artd    : GetBestInfo: vdex next to the dex file (/data/user/0/com.google.android.gms/app_dg_cache/9D5BCED7935D64431BF672B8BBD597199833CA19/oat/arm64/the.vdex) is kOatUpToDate with filter 'verify' executable 'false'
05-30 20:58:40.297  2694  5363 I artd    : GetBestInfo: /data/user_de/0/com.google.android.gms/app_chimera/m/00000012/dl-MlkitBarcodeUi.optional_261934100400.apk has no usable artifacts
05-30 20:58:40.299  2694  5363 I artd    : GetBestInfo: /data/user_de/0/com.google.android.gms/app_chimera/m/0000000a/dl-MlkitBarcodeUi.optional_250834100400.apk has no usable artifacts
05-30 20:58:40.301  2694  4736 I artd    : GetBestInfo: /data/user_de/0/com.google.android.gms/app_chimera/m/00000013/dl-Appsearch.optional_261934100400.apk has no usable artifacts
05-30 20:58:40.302  2694  5363 I artd    : GetBestInfo: /data/user_de/0/com.google.android.gms/app_chimera/m/0000000e/dl-VisionOcr.optional_261934100000.apk has no usable artifacts
05-30 20:58:40.304  2694  4736 I artd    : GetBestInfo: /data/user_de/0/com.google.android.gms/app_chimera/m/00000007/MeasurementDynamite.apk has no usable artifacts
05-30 20:58:40.305  2694  4736 I artd    : GetBestInfo: /data/user_de/0/com.google.android.gms/app_chimera/m/00000014/dl-PlayCloudSearch.optional_261934100000.apk has no usable artifacts
05-30 20:58:40.350 12713 12783 D ExifInterface: Invalid image: ExifInterface got an unsupported or corrupted image file
05-30 20:58:40.350 12713 12783 D ExifInterface: java.io.IOException: Invalid marker:14
05-30 20:58:40.350 12713 12783 D ExifInterface: 	at android.media.ExifInterface.getJpegAttributes(ExifInterface.java:2864)
05-30 20:58:40.350 12713 12783 D ExifInterface: 	at android.media.ExifInterface.loadAttributes(ExifInterface.java:1988)
05-30 20:58:40.350 12713 12783 D ExifInterface: 	at android.media.ExifInterface.initForFilename(ExifInterface.java:2584)
05-30 20:58:40.350 12713 12783 D ExifInterface: 	at android.media.ExifInterface.<init>(ExifInterface.java:1517)
05-30 20:58:40.350 12713 12783 D ExifInterface: 	at com.facebook.imagepipeline.producers.LocalExifThumbnailProducer.g(r8-map-id-32d56e7f8e3015d37229bfb6064dbccd34ae21dab1de11a30eb6d823f8baa2b0:19)
05-30 20:58:40.350 12713 12783 D ExifInterface: 	at com.facebook.imagepipeline.producers.LocalExifThumbnailProducer$a.l(r8-map-id-32d56e7f8e3015d37229bfb6064dbccd34ae21dab1de11a30eb6d823f8baa2b0:9)
05-30 20:58:40.350 12713 12783 D ExifInterface: 	at com.facebook.imagepipeline.producers.LocalExifThumbnailProducer$a.c(r8-map-id-32d56e7f8e3015d37229bfb6064dbccd34ae21dab1de11a30eb6d823f8baa2b0:1)
05-30 20:58:40.350 12713 12783 D ExifInterface: 	at N4.h.run(r8-map-id-32d56e7f8e3015d37229bfb6064dbccd34ae21dab1de11a30eb6d823f8baa2b0:12)
05-30 20:58:40.350 12713 12783 D ExifInterface: 	at java.util.concurrent.ThreadPoolExecutor.runWorker(ThreadPoolExecutor.java:1156)
