--------- beginning of main
05-30 20:58:20.662 12713 12713 I Choreographer: Skipped 108 frames!  The application may be doing too much work on its main thread.
05-30 20:58:21.004 12778 12778 W dumpsys : Thread Pool max thread count is 0. Cannot cache binder as linkToDeath cannot be implemented. serviceName: package
05-30 20:58:21.164 12713 12764 I HWUI    : Davey! duration=1961ms; Flags=0, FrameTimelineVsyncId=1298874, IntendedVsync=12117811611218, Vsync=12117844944550, InputEventId=0, HandleInputStart=12117847315186, AnimationStart=12117847316561, PerformTraversalsStart=12117849062019, DrawStart=12117849269144, FrameDeadline=12117878277882, FrameStartTime=12117847308186, FrameInterval=16666666, WorkloadTarget=16666666, SyncQueued=12117853327478, SyncStart=12117853541019, IssueDrawCommandsStart=12117853662603, SwapBuffers=12119588521187, FrameCompleted=12119773278312, DequeueBufferDuration=6250, QueueBufferDuration=379625, GpuCompleted=12119773278312, SwapBuffersCompleted=12119655979395, DisplayPresentTime=0, CommandSubmissionCompleted=12119588521187, 
05-30 20:58:21.315 12713 12739 I HWUI    : Davey! duration=2355ms; Flags=0, FrameTimelineVsyncId=1298910, IntendedVsync=12117878277882, Vsync=12119678277810, InputEventId=0, HandleInputStart=12119820308687, AnimationStart=12119820310187, PerformTraversalsStart=12119841476229, DrawStart=12119842261937, FrameDeadline=12120144944458, FrameStartTime=12119680968604, FrameInterval=16666666, WorkloadTarget=16666666, SyncQueued=12119858976354, SyncStart=12119938919729, IssueDrawCommandsStart=12119939153395, SwapBuffers=12120203696062, FrameCompleted=12120313633271, DequeueBufferDuration=2916, QueueBufferDuration=191500, GpuCompleted=12120313633271, SwapBuffersCompleted=12120245010562, DisplayPresentTime=0, CommandSubmissionCompleted=12120203696062, 
05-30 20:58:21.319  1441  1506 I .apps.wellbeing: AssetManager2(0xb4000070b1a80fb8) locale list changing from [] to [en-US]
05-30 20:58:21.345  1441  1691 E TraceManagerImpl: Trace Broadcast to com.google.android.apps.wellbeing.common.receiver.coalescedreceivers.PackageFullyRemovedCoalescedBroadcast_Receiver android.intent.action.PACKAGE_FULLY_REMOVED timed out after 1158969 ms. Complete trace: # kxo@94dbb2cb
05-30 20:58:21.345  1441  1691 E TraceManagerImpl: kxt: 
05-30 20:58:21.345  1441  1691 E TraceManagerImpl: 	at tk_trace.execSQL: REPLACE INTO auxiliary_app_data(package_id,storage_id,data) VALUES (?, ?, ?)(Started After:17)
05-30 20:58:21.345  1441  1691 E TraceManagerImpl: 	at tk_trace.Transaction(Started After:17)
05-30 20:58:21.345  1441  1691 E TraceManagerImpl: 	at tk_trace.Processing on the broadcast queue workerId PACKAGE_FULLY_REMOVED_COALESCED_BROADCAST_WORKER_ID(Started After:0)
05-30 20:58:21.345  1441  1691 E TraceManagerImpl: 	at tk_trace.handleBroadcast(Started After:0)
05-30 20:58:21.345  1441  1691 E TraceManagerImpl: 	at tk_trace.Broadcast to com.google.android.apps.wellbeing.common.receiver.coalescedreceivers.PackageFullyRemovedCoalescedBroadcast_Receiver android.intent.action.PACKAGE_FULLY_REMOVED(Started After:0)
--------- beginning of system
05-30 20:58:21.372   693   802 D ActivityManager: freezing 4371 com.google.android.googlequicksearchbox:search
05-30 20:58:21.390   693   802 D ActivityManager: freezing 2970 com.android.vending:background
05-30 20:58:21.391   693   802 D ActivityManager: freezing 1918 com.android.vending
05-30 20:58:21.433  1441  1506 I .apps.wellbeing: AssetManager2(0xb4000070b1a7ea38) locale list changing from [] to [en-US]
05-30 20:58:21.524  1441  1506 I .apps.wellbeing: AssetManager2(0xb4000070b1a7ddb8) locale list changing from [] to [en-US]
05-30 20:58:21.727  1441  1506 I .apps.wellbeing: AssetManager2(0xb4000070b1a828b8) locale list changing from [] to [en-US]
05-30 20:58:21.780  1441  1506 I .apps.wellbeing: AssetManager2(0xb4000070b1a80658) locale list changing from [] to [en-US]
05-30 20:58:21.815  1441  1506 I .apps.wellbeing: AssetManager2(0xb4000070b1a7b1f8) locale list changing from [] to [en-US]
05-30 20:58:21.835  2694  5363 I artd    : GetBestInfo: odex next to the dex file (/data/app/~~xtmiQYQCmH6y9KZRtRp03w==/com.google.android.gms-Axd_vYzfZDoVi52FAiUC_g==/oat/arm64/base.odex) is kOatUpToDate with filter 'speed-profile' executable 'false'
05-30 20:58:21.878  1441  1506 I .apps.wellbeing: AssetManager2(0xb4000070b1a7a258) locale list changing from [] to [en-US]
05-30 20:58:21.931  2694  5363 I artd    : GetBestInfo: odex next to the dex file (/data/app/~~xtmiQYQCmH6y9KZRtRp03w==/com.google.android.gms-Axd_vYzfZDoVi52FAiUC_g==/oat/arm64/split_AdsDynamite_installtime.odex) is kOatUpToDate with filter 'speed' executable 'false'
05-30 20:58:21.949  1441  1506 I .apps.wellbeing: AssetManager2(0xb4000070b1a760b8) locale list changing from [] to [en-US]
05-30 20:58:21.957  1441  1506 I .apps.wellbeing: AssetManager2(0xb4000070b1a78638) locale list changing from [] to [en-US]
05-30 20:58:21.968  1441  1506 I .apps.wellbeing: AssetManager2(0xb4000070b1a766f8) locale list changing from [] to [en-US]
05-30 20:58:21.991  2694  5363 I artd    : GetBestInfo: odex next to the dex file (/data/app/~~xtmiQYQCmH6y9KZRtRp03w==/com.google.android.gms-Axd_vYzfZDoVi52FAiUC_g==/oat/arm64/split_CronetDynamite_installtime.odex) is kOatUpToDate with filter 'speed-profile' executable 'false'
05-30 20:58:22.020  1441  1506 I .apps.wellbeing: AssetManager2(0xb4000070b1a67658) locale list changing from [] to [en-US]
05-30 20:58:22.044  2694  5363 I artd    : GetBestInfo: odex next to the dex file (/data/app/~~xtmiQYQCmH6y9KZRtRp03w==/com.google.android.gms-Axd_vYzfZDoVi52FAiUC_g==/oat/arm64/split_DynamiteLoader_installtime.odex) is kOatUpToDate with filter 'speed' executable 'false'
05-30 20:58:22.082  1441  1506 I .apps.wellbeing: AssetManager2(0xb4000070b1a682d8) locale list changing from [] to [en-US]
05-30 20:58:22.093  2694  5363 I artd    : GetBestInfo: odex next to the dex file (/data/app/~~xtmiQYQCmH6y9KZRtRp03w==/com.google.android.gms-Axd_vYzfZDoVi52FAiUC_g==/oat/arm64/split_DynamiteModulesA_installtime.odex) is kOatUpToDate with filter 'speed' executable 'false'
05-30 20:58:22.126  1441  1506 I .apps.wellbeing: AssetManager2(0xb4000070b1a73b38) locale list changing from [] to [en-US]
05-30 20:58:23.347  2694  5363 I artd    : GetBestInfo: odex next to the dex file (/data/app/~~xtmiQYQCmH6y9KZRtRp03w==/com.google.android.gms-Axd_vYzfZDoVi52FAiUC_g==/oat/arm64/split_DynamiteModulesC_installtime.odex) is kOatUpToDate with filter 'speed' executable 'false'
05-30 20:58:23.369   496   615 W EventThread: Faking VSYNC due to driver stall for thread app
05-30 20:58:23.370 12713 12713 I Choreographer: Skipped 92 frames!  The application may be doing too much work on its main thread.
05-30 20:58:23.415  1058  1290 D SatelliteController: iisInCarrierRoamingNbIotNtn: satellite is disabled
05-30 20:58:23.443  2694  5363 I artd    : GetBestInfo: odex next to the dex file (/data/app/~~xtmiQYQCmH6y9KZRtRp03w==/com.google.android.gms-Axd_vYzfZDoVi52FAiUC_g==/oat/arm64/split_GoogleCertificates_installtime.odex) is kOatUpToDate with filter 'speed' executable 'false'
05-30 20:58:23.480  1441  1506 I .apps.wellbeing: AssetManager2(0xb4000070b1a698b8) locale list changing from [] to [en-US]
05-30 20:58:23.735 12713 12761 I HWUI    : Davey! duration=1191ms; Flags=2, FrameTimelineVsyncId=1299267, IntendedVsync=12121178277750, Vsync=12121178277750, InputEventId=0, HandleInputStart=12121178277750, AnimationStart=12121178277750, PerformTraversalsStart=12121178277750, DrawStart=12121178277750, FrameDeadline=12121161611084, FrameStartTime=12121178277750, FrameInterval=16666666, WorkloadTarget=-16666666, SyncQueued=12121189566979, SyncStart=12121189567479, IssueDrawCommandsStart=12121189935354, SwapBuffers=12121199431479, FrameCompleted=12122369528105, DequeueBufferDuration=7792, QueueBufferDuration=1082917, GpuCompleted=12122369430605, SwapBuffersCompleted=12122369528105, DisplayPresentTime=0, CommandSubmissionCompleted=12121199431479, 
05-30 20:58:24.561  2694  5363 I artd    : GetBestInfo: odex next to the dex file (/data/app/~~xtmiQYQCmH6y9KZRtRp03w==/com.google.android.gms-Axd_vYzfZDoVi52FAiUC_g==/oat/arm64/split_MapsDynamite_installtime.odex) is kOatUpToDate with filter 'speed' executable 'false'
05-30 20:58:24.574   953   953 I Choreographer: Skipped 46 frames!  The application may be doing too much work on its main thread.
05-30 20:58:24.660   693   693 W Looper  : Slow dispatch took 101ms main app=system_server main=true group=FOREGROUND h=com.android.server.alarm.AlarmManagerService$AlarmHandler c=android.app.ActivityManager$2$$ExternalSyntheticLambda0@615d941 m=0
05-30 20:58:24.675  2694  5363 I artd    : GetBestInfo: odex next to the dex file (/data/app/~~xtmiQYQCmH6y9KZRtRp03w==/com.google.android.gms-Axd_vYzfZDoVi52FAiUC_g==/oat/arm64/split_MeasurementDynamite_installtime.odex) is kOatUpToDate with filter 'speed' executable 'false'
05-30 20:58:24.676  2694  5363 I artd    : GetBestInfo: /data/user_de/0/com.google.android.gms/app_chimera/m/00000001/CronetDynamite.apk has no usable artifacts
05-30 20:58:24.678  2694  5363 I artd    : GetBestInfo: /data/user_de/0/com.google.android.gms/app_chimera/m/00000010/dl-MlkitOcrCommon.optional_261934100400.apk has no usable artifacts
05-30 20:58:24.692  1441  1506 I .apps.wellbeing: AssetManager2(0xb4000070b1a6be38) locale list changing from [] to [en-US]
05-30 20:58:24.702   953  1744 I HWUI    : Davey! duration=868ms; Flags=0, FrameTimelineVsyncId=1299304, IntendedVsync=12122811611018, Vsync=12123578277654, InputEventId=0, HandleInputStart=12123593707939, AnimationStart=12123593708814, PerformTraversalsStart=12123593709022, DrawStart=12123593754647, FrameDeadline=12122828277684, FrameStartTime=12123593507272, FrameInterval=16666666, WorkloadTarget=16666666, SyncQueued=12123593942814, SyncStart=12123593974522, IssueDrawCommandsStart=12123594752939, SwapBuffers=12123610671856, FrameCompleted=12123680081606, DequeueBufferDuration=5375, QueueBufferDuration=469042, GpuCompleted=12123680081606, SwapBuffersCompleted=12123652076522, DisplayPresentTime=0, CommandSubmissionCompleted=12123610671856, 
05-30 20:58:24.703  2694  5363 I artd    : GetBestInfo: /data/user_de/0/com.google.android.gms/app_chimera/m/00000002/DynamiteLoader.apk has no usable artifacts
05-30 20:58:24.707  2694  5363 I artd    : GetBestInfo: /data/user_de/0/com.google.android.gms/app_chimera/m/00000005/GoogleCertificates.apk has no usable artifacts
05-30 20:58:24.791   693   853 D InetDiagMessage: Destroyed 0 sockets, proto=IPPROTO_TCP, family=AF_INET, states=14
05-30 20:58:24.792   693   853 D InetDiagMessage: Destroyed 2 sockets, proto=IPPROTO_TCP, family=AF_INET6, states=14
05-30 20:58:24.792   693   853 D InetDiagMessage: Destroyed live tcp sockets for uids={10145} in 4ms
05-30 20:58:24.818  1441  1506 I .apps.wellbeing: AssetManager2(0xb4000070b1a74ad8) locale list changing from [] to [en-US]
05-30 20:58:24.886 12713 12784 D ExifInterface: Invalid image: ExifInterface got an unsupported or corrupted image file
05-30 20:58:24.886 12713 12784 D ExifInterface: java.io.IOException: Invalid marker:14
05-30 20:58:24.886 12713 12784 D ExifInterface: 	at android.media.ExifInterface.getJpegAttributes(ExifInterface.java:2864)
05-30 20:58:24.886 12713 12784 D ExifInterface: 	at android.media.ExifInterface.loadAttributes(ExifInterface.java:1988)
05-30 20:58:24.886 12713 12784 D ExifInterface: 	at android.media.ExifInterface.initForFilename(ExifInterface.java:2584)
05-30 20:58:24.886 12713 12784 D ExifInterface: 	at android.media.ExifInterface.<init>(ExifInterface.java:1517)
05-30 20:58:24.886 12713 12784 D ExifInterface: 	at com.facebook.imagepipeline.producers.LocalExifThumbnailProducer.g(r8-map-id-32d56e7f8e3015d37229bfb6064dbccd34ae21dab1de11a30eb6d823f8baa2b0:19)
05-30 20:58:24.886 12713 12784 D ExifInterface: 	at com.facebook.imagepipeline.producers.LocalExifThumbnailProducer$a.l(r8-map-id-32d56e7f8e3015d37229bfb6064dbccd34ae21dab1de11a30eb6d823f8baa2b0:9)
05-30 20:58:24.886 12713 12784 D ExifInterface: 	at com.facebook.imagepipeline.producers.LocalExifThumbnailProducer$a.c(r8-map-id-32d56e7f8e3015d37229bfb6064dbccd34ae21dab1de11a30eb6d823f8baa2b0:1)
05-30 20:58:24.886 12713 12784 D ExifInterface: 	at N4.h.run(r8-map-id-32d56e7f8e3015d37229bfb6064dbccd34ae21dab1de11a30eb6d823f8baa2b0:12)
05-30 20:58:24.886 12713 12784 D ExifInterface: 	at java.util.concurrent.ThreadPoolExecutor.runWorker(ThreadPoolExecutor.java:1156)
05-30 20:58:24.886 12713 12784 D ExifInterface: 	at java.util.concurrent.ThreadPoolExecutor$Worker.run(ThreadPoolExecutor.java:651)
05-30 20:58:24.886 12713 12784 D ExifInterface: 	at P5.B.b(r8-map-id-32d56e7f8e3015d37229bfb6064dbccd34ae21dab1de11a30eb6d823f8baa2b0:16)
05-30 20:58:24.886 12713 12784 D ExifInterface: 	at P5.B.a(r8-map-id-32d56e7f8e3015d37229bfb6064dbccd34ae21dab1de11a30eb6d823f8baa2b0:1)
05-30 20:58:24.886 12713 12784 D ExifInterface: 	at P5.A.run(r8-map-id-32d56e7f8e3015d37229bfb6064dbccd34ae21dab1de11a30eb6d823f8baa2b0:5)
05-30 20:58:24.886 12713 12784 D ExifInterface: 	at java.lang.Thread.run(Thread.java:1119)
05-30 20:58:24.887 12713 12783 D ExifInterface: Invalid image: ExifInterface got an unsupported or corrupted image file
05-30 20:58:24.887 12713 12783 D ExifInterface: java.io.IOException: Invalid marker:14
05-30 20:58:24.887 12713 12783 D ExifInterface: 	at android.media.ExifInterface.getJpegAttributes(ExifInterface.java:2864)
05-30 20:58:24.887 12713 12783 D ExifInterface: 	at android.media.ExifInterface.loadAttributes(ExifInterface.java:1988)
05-30 20:58:24.887 12713 12783 D ExifInterface: 	at android.media.ExifInterface.initForFilename(ExifInterface.java:2584)
05-30 20:58:24.887 12713 12783 D ExifInterface: 	at android.media.ExifInterface.<init>(ExifInterface.java:1517)
05-30 20:58:24.887 12713 12783 D ExifInterface: 	at com.facebook.imagepipeline.producers.LocalExifThumbnailProducer.g(r8-map-id-32d56e7f8e3015d37229bfb6064dbccd34ae21dab1de11a30eb6d823f8baa2b0:19)
05-30 20:58:24.887 12713 12783 D ExifInterface: 	at com.facebook.imagepipeline.producers.LocalExifThumbnailProducer$a.l(r8-map-id-32d56e7f8e3015d37229bfb6064dbccd34ae21dab1de11a30eb6d823f8baa2b0:9)
05-30 20:58:24.887 12713 12783 D ExifInterface: 	at com.facebook.imagepipeline.producers.LocalExifThumbnailProducer$a.c(r8-map-id-32d56e7f8e3015d37229bfb6064dbccd34ae21dab1de11a30eb6d823f8baa2b0:1)
05-30 20:58:24.887 12713 12783 D ExifInterface: 	at N4.h.run(r8-map-id-32d56e7f8e3015d37229bfb6064dbccd34ae21dab1de11a30eb6d823f8baa2b0:12)
05-30 20:58:24.887 12713 12783 D ExifInterface: 	at java.util.concurrent.ThreadPoolExecutor.runWorker(ThreadPoolExecutor.java:1156)
05-30 20:58:24.887 12713 12783 D ExifInterface: 	at java.util.concurrent.ThreadPoolExecutor$Worker.run(ThreadPoolExecutor.java:651)
05-30 20:58:24.887 12713 12783 D ExifInterface: 	at P5.B.b(r8-map-id-32d56e7f8e3015d37229bfb6064dbccd34ae21dab1de11a30eb6d823f8baa2b0:16)
05-30 20:58:24.887 12713 12783 D ExifInterface: 	at P5.B.a(r8-map-id-32d56e7f8e3015d37229bfb6064dbccd34ae21dab1de11a30eb6d823f8baa2b0:1)
05-30 20:58:24.887 12713 12783 D ExifInterface: 	at P5.A.run(r8-map-id-32d56e7f8e3015d37229bfb6064dbccd34ae21dab1de11a30eb6d823f8baa2b0:5)
05-30 20:58:24.887 12713 12783 D ExifInterface: 	at java.lang.Thread.run(Thread.java:1119)
05-30 20:58:24.893  1441  1506 I .apps.wellbeing: AssetManager2(0xb4000070b1a78318) locale list changing from [] to [en-US]
05-30 20:58:24.894  9727 10834 I FusedLocation: (REDACTED) location delivery to %s blocked - too close
05-30 20:58:24.900  9727 10834 I FusedLocation: (REDACTED) location delivery to %s blocked - too close
05-30 20:58:24.904 12713 12783 D ExifInterface: Invalid image: ExifInterface got an unsupported or corrupted image file
05-30 20:58:24.904 12713 12783 D ExifInterface: java.io.IOException: Invalid marker:14
05-30 20:58:24.904 12713 12783 D ExifInterface: 	at android.media.ExifInterface.getJpegAttributes(ExifInterface.java:2864)
05-30 20:58:24.904 12713 12783 D ExifInterface: 	at android.media.ExifInterface.loadAttributes(ExifInterface.java:1988)
05-30 20:58:24.904 12713 12783 D ExifInterface: 	at android.media.ExifInterface.initForFilename(ExifInterface.java:2584)
05-30 20:58:24.904 12713 12783 D ExifInterface: 	at android.media.ExifInterface.<init>(ExifInterface.java:1517)
05-30 20:58:24.904 12713 12783 D ExifInterface: 	at com.facebook.imagepipeline.producers.LocalExifThumbnailProducer.g(r8-map-id-32d56e7f8e3015d37229bfb6064dbccd34ae21dab1de11a30eb6d823f8baa2b0:19)
05-30 20:58:24.904 12713 12783 D ExifInterface: 	at com.facebook.imagepipeline.producers.LocalExifThumbnailProducer$a.l(r8-map-id-32d56e7f8e3015d37229bfb6064dbccd34ae21dab1de11a30eb6d823f8baa2b0:9)
05-30 20:58:24.904 12713 12783 D ExifInterface: 	at com.facebook.imagepipeline.producers.LocalExifThumbnailProducer$a.c(r8-map-id-32d56e7f8e3015d37229bfb6064dbccd34ae21dab1de11a30eb6d823f8baa2b0:1)
05-30 20:58:24.904 12713 12783 D ExifInterface: 	at N4.h.run(r8-map-id-32d56e7f8e3015d37229bfb6064dbccd34ae21dab1de11a30eb6d823f8baa2b0:12)
05-30 20:58:24.904 12713 12783 D ExifInterface: 	at java.util.concurrent.ThreadPoolExecutor.runWorker(ThreadPoolExecutor.java:1156)
05-30 20:58:24.904 12713 12783 D ExifInterface: 	at java.util.concurrent.ThreadPoolExecutor$Worker.run(ThreadPoolExecutor.java:651)
05-30 20:58:24.904 12713 12783 D ExifInterface: 	at P5.B.b(r8-map-id-32d56e7f8e3015d37229bfb6064dbccd34ae21dab1de11a30eb6d823f8baa2b0:16)
05-30 20:58:24.904 12713 12783 D ExifInterface: 	at P5.B.a(r8-map-id-32d56e7f8e3015d37229bfb6064dbccd34ae21dab1de11a30eb6d823f8baa2b0:1)
05-30 20:58:24.904 12713 12783 D ExifInterface: 	at P5.A.run(r8-map-id-32d56e7f8e3015d37229bfb6064dbccd34ae21dab1de11a30eb6d823f8baa2b0:5)
05-30 20:58:24.904 12713 12783 D ExifInterface: 	at java.lang.Thread.run(Thread.java:1119)
05-30 20:58:24.904 12713 12784 D ExifInterface: Invalid image: ExifInterface got an unsupported or corrupted image file
05-30 20:58:24.904 12713 12784 D ExifInterface: java.io.IOException: Invalid marker:14
05-30 20:58:24.904 12713 12784 D ExifInterface: 	at android.media.ExifInterface.getJpegAttributes(ExifInterface.java:2864)
05-30 20:58:24.904 12713 12784 D ExifInterface: 	at android.media.ExifInterface.loadAttributes(ExifInterface.java:1988)
05-30 20:58:24.904 12713 12784 D ExifInterface: 	at android.media.ExifInterface.initForFilename(ExifInterface.java:2584)
05-30 20:58:24.904 12713 12784 D ExifInterface: 	at android.media.ExifInterface.<init>(ExifInterface.java:1517)
05-30 20:58:24.904 12713 12784 D ExifInterface: 	at com.facebook.imagepipeline.producers.LocalExifThumbnailProducer.g(r8-map-id-32d56e7f8e3015d37229bfb6064dbccd34ae21dab1de11a30eb6d823f8baa2b0:19)
05-30 20:58:24.904 12713 12784 D ExifInterface: 	at com.facebook.imagepipeline.producers.LocalExifThumbnailProducer$a.l(r8-map-id-32d56e7f8e3015d37229bfb6064dbccd34ae21dab1de11a30eb6d823f8baa2b0:9)
05-30 20:58:24.904 12713 12784 D ExifInterface: 	at com.facebook.imagepipeline.producers.LocalExifThumbnailProducer$a.c(r8-map-id-32d56e7f8e3015d37229bfb6064dbccd34ae21dab1de11a30eb6d823f8baa2b0:1)
05-30 20:58:24.904 12713 12784 D ExifInterface: 	at N4.h.run(r8-map-id-32d56e7f8e3015d37229bfb6064dbccd34ae21dab1de11a30eb6d823f8baa2b0:12)
05-30 20:58:24.904 12713 12784 D ExifInterface: 	at java.util.concurrent.ThreadPoolExecutor.runWorker(ThreadPoolExecutor.java:1156)
05-30 20:58:24.904 12713 12784 D ExifInterface: 	at java.util.concurrent.ThreadPoolExecutor$Worker.run(ThreadPoolExecutor.java:651)
05-30 20:58:24.904 12713 12784 D ExifInterface: 	at P5.B.b(r8-map-id-32d56e7f8e3015d37229bfb6064dbccd34ae21dab1de11a30eb6d823f8baa2b0:16)
05-30 20:58:24.904 12713 12784 D ExifInterface: 	at P5.B.a(r8-map-id-32d56e7f8e3015d37229bfb6064dbccd34ae21dab1de11a30eb6d823f8baa2b0:1)
05-30 20:58:24.904 12713 12784 D ExifInterface: 	at P5.A.run(r8-map-id-32d56e7f8e3015d37229bfb6064dbccd34ae21dab1de11a30eb6d823f8baa2b0:5)
05-30 20:58:24.904 12713 12784 D ExifInterface: 	at java.lang.Thread.run(Thread.java:1119)
05-30 20:58:24.939 12713 12784 D nativeloader: Load /data/app/~~-qE7q__wmbfBjP3JeBEVoA==/com.gemhublite.app-4upREusg_uV-vO4aN3XNzw==/base.apk!/lib/arm64-v8a/libimagepipeline.so using class loader ns clns-9 (caller=/data/app/~~-qE7q__wmbfBjP3JeBEVoA==/com.gemhublite.app-4upREusg_uV-vO4aN3XNzw==/base.apk!classes2.dex): ok
05-30 20:58:24.947  9727 10834 I FusedLocation: (REDACTED) location delivery to %s blocked - too close
05-30 20:58:24.951 12713 12784 D skia    : libjpeg error 116 <Corrupt JPEG data: 4 extraneous bytes before marker 0xc0> from output_message
05-30 20:58:24.972   693   711 W AlarmManager: No in-flight alarm for listener android.os.BinderProxy@8c57ee6
05-30 20:58:24.983  1441  1506 I .apps.wellbeing: AssetManager2(0xb4000070b1a80c98) locale list changing from [] to [en-US]
05-30 20:58:25.017 12713 12784 D nativeloader: Load /data/app/~~-qE7q__wmbfBjP3JeBEVoA==/com.gemhublite.app-4upREusg_uV-vO4aN3XNzw==/base.apk!/lib/arm64-v8a/libnative-imagetranscoder.so using class loader ns clns-9 (caller=/data/app/~~-qE7q__wmbfBjP3JeBEVoA==/com.gemhublite.app-4upREusg_uV-vO4aN3XNzw==/base.apk!classes2.dex): ok
05-30 20:58:25.058  2694  4736 I artd    : GetBestInfo: /data/user_de/0/com.google.android.gms/app_chimera/m/00000009/dl-Appsearch.optional_250834100400.apk has no usable artifacts
05-30 20:58:25.062 12713 12787 D skia    : libjpeg error 116 <Corrupt JPEG data: 4 extraneous bytes before marker 0xc0> from output_message
05-30 20:58:25.063 12713 12787 D skia    : libjpeg error 116 <Corrupt JPEG data: 4 extraneous bytes before marker 0xc0> from output_message
05-30 20:58:25.065 12713 12785 D skia    : libjpeg error 116 <Corrupt JPEG data: 4 extraneous bytes before marker 0xc0> from output_message
05-30 20:58:25.066 12713 12785 D skia    : libjpeg error 116 <Corrupt JPEG data: 4 extraneous bytes before marker 0xc0> from output_message
05-30 20:58:25.066 12713 12786 D skia    : libjpeg error 116 <Corrupt JPEG data: 4 extraneous bytes before marker 0xc0> from output_message
05-30 20:58:25.066 12713 12786 D skia    : libjpeg error 116 <Corrupt JPEG data: 4 extraneous bytes before marker 0xc0> from output_message
05-30 20:58:25.079  2694  4736 I artd    : GetBestInfo: /data/user_de/0/com.google.android.gms/app_chimera/m/00000015/dl-IdentityCredentialsPlatform.optional_261934100400.apk has no usable artifacts
05-30 20:58:25.085 12713 12788 D skia    : libjpeg error 116 <Corrupt JPEG data: 4 extraneous bytes before marker 0xc0> from output_message
05-30 20:58:25.085 12713 12788 D skia    : libjpeg error 116 <Corrupt JPEG data: 4 extraneous bytes before marker 0xc0> from output_message
05-30 20:58:25.096 12713 12785 W HWUI    : Image decoding logging dropped!
05-30 20:58:25.097 12713 12786 W HWUI    : Image decoding logging dropped!
05-30 20:58:25.097 12713 12787 W HWUI    : Image decoding logging dropped!
05-30 20:58:25.102  2694  4736 I artd    : GetBestInfo: /data/user_de/0/com.google.android.gms/app_chimera/m/0000000c/dl-TfliteDynamiteDynamite.integ_260580502100400.apk has no usable artifacts
05-30 20:58:25.136 12713 12788 W HWUI    : Image decoding logging dropped!
05-30 20:58:25.156  2694  4736 I artd    : GetBestInfo: vdex next to the dex file (/data/user/0/com.google.android.gms/app_dg_cache/9D5BCED7935D64431BF672B8BBD597199833CA19/oat/arm64/the.vdex) is kOatUpToDate with filter 'verify' executable 'false'
05-30 20:58:25.160  2694  4736 I artd    : GetBestInfo: /data/user_de/0/com.google.android.gms/app_chimera/m/00000012/dl-MlkitBarcodeUi.optional_261934100400.apk has no usable artifacts
05-30 20:58:25.215  2694  4736 I artd    : GetBestInfo: /data/user_de/0/com.google.android.gms/app_chimera/m/0000000a/dl-MlkitBarcodeUi.optional_250834100400.apk has no usable artifacts
05-30 20:58:25.215  1441  1506 I .apps.wellbeing: AssetManager2(0xb4000070b1a650d8) locale list changing from [] to [en-US]
05-30 20:58:25.267  2694  4736 I artd    : GetBestInfo: /data/user_de/0/com.google.android.gms/app_chimera/m/00000013/dl-Appsearch.optional_261934100400.apk has no usable artifacts
05-30 20:58:25.275  2694  4736 I artd    : GetBestInfo: /data/user_de/0/com.google.android.gms/app_chimera/m/0000000e/dl-VisionOcr.optional_261934100000.apk has no usable artifacts
05-30 20:58:25.290  1441  1506 I .apps.wellbeing: AssetManager2(0xb4000070b1a734f8) locale list changing from [] to [en-US]
05-30 20:58:25.294 12713 12713 I Choreographer: Skipped 114 frames!  The application may be doing too much work on its main thread.
05-30 20:58:25.312 12713 12761 I HWUI    : Davey! duration=2432ms; Flags=0, FrameTimelineVsyncId=1299181, IntendedVsync=12120711611102, Vsync=12120711611102, InputEventId=0, HandleInputStart=12120712552938, AnimationStart=12120712554938, PerformTraversalsStart=12121036981396, DrawStart=12121037379063, FrameDeadline=12122394944368, FrameStartTime=12120712544854, FrameInterval=16666666, WorkloadTarget=16666666, SyncQueued=12121200410146, SyncStart=12122370168063, IssueDrawCommandsStart=12122371299813, SwapBuffers=12124293132356, FrameCompleted=12124313564231, DequeueBufferDuration=118709, QueueBufferDuration=2481709, GpuCompleted=12124313564231, SwapBuffersCompleted=12124310485356, DisplayPresentTime=0, CommandSubmissionCompleted=12124293132356, 
05-30 20:58:25.335  1441  1506 I .apps.wellbeing: AssetManager2(0xb4000070b1a77698) locale list changing from [] to [en-US]
05-30 20:58:25.366 12713 12761 I HWUI    : Davey! duration=1615ms; Flags=0, FrameTimelineVsyncId=1299204, IntendedVsync=12120844944430, Vsync=12122378277702, InputEventId=0, HandleInputStart=12122396541522, AnimationStart=12122396542522, PerformTraversalsStart=12122409673688, DrawStart=12122409823897, FrameDeadline=12124344944290, FrameStartTime=12122389244438, FrameInterval=16666666, WorkloadTarget=16666666, SyncQueued=12122411612938, SyncStart=12124310575856, IssueDrawCommandsStart=12124310824648, SwapBuffers=12124314949231, FrameCompleted=12124359822939, DequeueBufferDuration=7189916, QueueBufferDuration=614042, GpuCompleted=12124359822939, SwapBuffersCompleted=12124331534106, DisplayPresentTime=0, CommandSubmissionCompleted=12124314949231, 
05-30 20:58:25.373  2694  4736 I artd    : GetBestInfo: /data/user_de/0/com.google.android.gms/app_chimera/m/00000007/MeasurementDynamite.apk has no usable artifacts
05-30 20:58:25.384  2694  4736 I artd    : GetBestInfo: /data/user_de/0/com.google.android.gms/app_chimera/m/00000014/dl-PlayCloudSearch.optional_261934100000.apk has no usable artifacts
05-30 20:58:25.412  9727 11162 W GLSUser : [DeviceKeyStore] Cannot load key: Device key file not found.
05-30 20:58:25.452  2542  2542 D ActivityThread: Package [com.gemhublite.app] reported as REPLACED, but missing application info. Assuming REMOVED.
05-30 20:58:25.452  2542  2542 D ActivityThread: Package [com.gemhublite.app] reported as REPLACED, but missing application info. Assuming REMOVED.
05-30 20:58:25.452  2542  2542 D ActivityThread: Package [com.gemhublite.app] reported as REPLACED, but missing application info. Assuming REMOVED.
05-30 20:58:25.452  2542  2542 D ActivityThread: Package [com.gemhublite.app] reported as REPLACED, but missing application info. Assuming REMOVED.
05-30 20:58:25.457   693   711 D ActivityManager: sync unfroze 2542 com.google.android.gms.unstable for 6
05-30 20:58:25.473   693   905 D BackgroundInstallControlService: Package event received: 0
05-30 20:58:25.477   693  1025 W FastPrintWriter: Write failure
05-30 20:58:25.477   693  1025 W FastPrintWriter: java.io.IOException: write failed: EPIPE (Broken pipe)
05-30 20:58:25.477   693  1025 W FastPrintWriter: 	at libcore.io.IoBridge.write(IoBridge.java:651)
05-30 20:58:25.477   693  1025 W FastPrintWriter: 	at java.io.FileOutputStream.write(FileOutputStream.java:436)
05-30 20:58:25.477   693  1025 W FastPrintWriter: 	at com.android.internal.util.FastPrintWriter.flushBytesLocked(FastPrintWriter.java:355)
05-30 20:58:25.477   693  1025 W FastPrintWriter: 	at com.android.internal.util.FastPrintWriter.flushLocked(FastPrintWriter.java:378)
05-30 20:58:25.477   693  1025 W FastPrintWriter: 	at com.android.internal.util.FastPrintWriter.appendLocked(FastPrintWriter.java:343)
05-30 20:58:25.477   693  1025 W FastPrintWriter: 	at com.android.internal.util.FastPrintWriter.write(FastPrintWriter.java:601)
05-30 20:58:25.477   693  1025 W FastPrintWriter: 	at java.io.PrintWriter.write(PrintWriter.java:507)
05-30 20:58:25.477   693  1025 W FastPrintWriter: 	at android.util.IndentingPrintWriter.write(IndentingPrintWriter.java:239)
05-30 20:58:25.477   693  1025 W FastPrintWriter: 	at java.io.PrintWriter.write(PrintWriter.java:507)
05-30 20:58:25.477   693  1025 W FastPrintWriter: 	at com.android.server.art.IndentingPrintWriter.write(IndentingPrintWriter.java:114)
05-30 20:58:25.477   693  1025 W FastPrintWriter: 	at com.android.server.art.IndentingPrintWriter.write(IndentingPrintWriter.java:89)
05-30 20:58:25.477   693  1025 W FastPrintWriter: 	at java.io.PrintWriter.write(PrintWriter.java:559)
05-30 20:58:25.477   693  1025 W FastPrintWriter: 	at java.io.PrintWriter.append(PrintWriter.java:1089)
05-30 20:58:25.477   693  1025 W FastPrintWriter: 	at java.io.PrintWriter.append(PrintWriter.java:61)
05-30 20:58:25.477   693  1025 W FastPrintWriter: 	at java.util.Formatter$FormatSpecifier.appendJustified(Formatter.java:3253)
05-30 20:58:25.477   693  1025 W FastPrintWriter: 	at java.util.Formatter$FormatSpecifier.print(Formatter.java:3243)
05-30 20:58:25.477   693  1025 W FastPrintWriter: 	at java.util.Formatter$FormatSpecifier.printString(Formatter.java:3216)
05-30 20:58:25.477   693  1025 W FastPrintWriter: 	at java.util.Formatter$FormatSpecifier.print(Formatter.java:3093)
05-30 20:58:25.477   693  1025 W FastPrintWriter: 	at java.util.Formatter.format(Formatter.java:2704)
05-30 20:58:25.477   693  1025 W FastPrintWriter: 	at java.io.PrintWriter.format(PrintWriter.java:992)
05-30 20:58:25.477   693  1025 W FastPrintWriter: 	at java.io.PrintWriter.printf(PrintWriter.java:889)
05-30 20:58:25.477   693  1025 W FastPrintWriter: 	at com.android.server.art.DumpHelper.dumpPrimaryDex(DumpHelper.java:146)
05-30 20:58:25.477   693  1025 W FastPrintWriter: 	at com.android.server.art.DumpHelper.dumpPackage(DumpHelper.java:127)
05-30 20:58:25.477   693  1025 W FastPrintWriter: 	at com.android.server.art.ArtManagerLocal.dumpPackage(ArtManagerLocal.java:1030)
05-30 20:58:25.477   693  1025 W FastPrintWriter: 	at com.android.server.pm.DexOptHelper.dumpDexoptState(DexOptHelper.java:522)
05-30 20:58:25.477   693  1025 W FastPrintWriter: 	at com.android.server.pm.ComputerEngine.dump(ComputerEngine.java:3132)
05-30 20:58:25.477   693  1025 W FastPrintWriter: 	at com.android.server.pm.DumpHelper.doDump(DumpHelper.java:529)
05-30 20:58:25.477   693  1025 W FastPrintWriter: 	at com.android.server.pm.PackageManagerService$IPackageManagerImpl.dump(PackageManagerService.java:6720)
05-30 20:58:25.477   693  1025 W FastPrintWriter: 	at android.os.Binder.doDump(Binder.java:1072)
05-30 20:58:25.477   693  1025 W FastPrintWriter: 	at android.os.Binder.dump(Binder.java:1062)
05-30 20:58:25.477   693  1025 W FastPrintWriter: 	at android.os.Binder.onTransact(Binder.java:932)
05-30 20:58:25.477   693  1025 W FastPrintWriter: 	at android.content.pm.IPackageManager$Stub.onTransact(IPackageManager.java:4729)
05-30 20:58:25.477   693  1025 W FastPrintWriter: 	at com.android.server.pm.PackageManagerService$IPackageManagerImpl.onTransact(PackageManagerService.java:6668)
05-30 20:58:25.477   693  1025 W FastPrintWriter: 	at android.os.Binder.execTransactInternal(Binder.java:1426)
05-30 20:58:25.477   693  1025 W FastPrintWriter: 	at android.os.Binder.execTransact(Binder.java:1365)
05-30 20:58:25.477   693  1025 W FastPrintWriter: Caused by: android.system.ErrnoException: write failed: EPIPE (Broken pipe)
05-30 20:58:25.477   693  1025 W FastPrintWriter: 	at libcore.io.Linux.writeBytes(Native Method)
05-30 20:58:25.477   693  1025 W FastPrintWriter: 	at libcore.io.Linux.write(Linux.java:336)
05-30 20:58:25.477   693  1025 W FastPrintWriter: 	at libcore.io.ForwardingOs.write(ForwardingOs.java:948)
05-30 20:58:25.477   693  1025 W FastPrintWriter: 	at libcore.io.BlockGuardOs.write(BlockGuardOs.java:448)
05-30 20:58:25.477   693  1025 W FastPrintWriter: 	at libcore.io.IoBridge.write(IoBridge.java:646)
05-30 20:58:25.477   693  1025 W FastPrintWriter: 	... 34 more
05-30 20:58:25.497   693  1025 W ProcessStats: Tracking association SourceState{9056510 com.google.android.gms.persistent/10147 BFgs #8115} whose proc state 4 is better than process ProcessState{df46745 com.google.android.gms.unstable/10147 pkg=com.google.android.gms} proc state 15 (1 skipped)
05-30 20:58:25.569  1441  1506 I .apps.wellbeing: AssetManager2(0xb4000070b1a76a18) locale list changing from [] to [en-US]
05-30 20:58:25.574 12768 12768 W screencap: Thread Pool max thread count is 0. Cannot cache binder as linkToDeath cannot be implemented. serviceName: SurfaceFlingerAIDL
05-30 20:58:25.574 12768 12768 W BpBinder: Linking to death on android.gui.ISurfaceComposer but there are no threads (yet?) listening to incoming transactions. See ProcessState::startThreadPool and ProcessState::setThreadPoolMaxThreadCount. Generally you should setup the binder threadpool before other initialization steps.
05-30 20:58:25.575 12768 12768 W ProcessState: Extra binder thread started, but 0 threads requested. Do not use *startThreadPool when zero threads are requested.
05-30 20:58:25.591   496   574 E HwcComposer: getLuts failed Status(-8, EX_SERVICE_SPECIFIC): '8: '
05-30 20:58:25.591   496   574 E HWComposer: getLuts: getLuts failed for display 4619827259835644672: UNSUPPORTED (8)
05-30 20:58:25.623  1441  1506 I .apps.wellbeing: AssetManager2(0xb4000070b1a75758) locale list changing from [] to [en-US]
05-30 20:58:25.786   693   711 D FileUtils: Rounded bytes from 2070470656 to 4000000000
05-30 20:58:25.798  2542  3171 W libc    : Access denied finding property "persist.adb.tls_server.enable"
05-30 20:58:25.798  2542  3171 W libc    : Access denied finding property "service.adb.tls.port"
05-30 20:58:25.796  2542  2542 W binder:2542_7: type=1400 audit(0.0:321): avc:  denied  { read } for  name="u:object_r:system_adbd_prop:s0" dev="tmpfs" ino=325 scontext=u:r:gmscore_app:s0:c512,c768 tcontext=u:object_r:system_adbd_prop:s0 tclass=file permissive=0 app=com.google.android.gms
05-30 20:58:25.796  2542  2542 W binder:2542_7: type=1400 audit(0.0:322): avc:  denied  { read } for  name="u:object_r:adbd_prop:s0" dev="tmpfs" ino=50 scontext=u:r:gmscore_app:s0:c512,c768 tcontext=u:object_r:adbd_prop:s0 tclass=file permissive=0 app=com.google.android.gms
05-30 20:58:25.962  9727 11162 W GmsUrlRequestImpl: [https://android.googleapis.com/auth/devicekey] Content-Type header is overwritten.
05-30 20:58:26.593  9727 11162 W GLSUser : [AppCertManager] Exception while requesting key: 
05-30 20:58:26.593  9727 11162 W GLSUser : java.util.concurrent.ExecutionException: davb: Parsing Exception
05-30 20:58:26.593  9727 11162 W GLSUser : 	at hlmu.j(:com.google.android.gms@261934035@26.19.34 (260400-919740205):21)
05-30 20:58:26.593  9727 11162 W GLSUser : 	at hlnd.t(:com.google.android.gms@261934035@26.19.34 (260400-919740205):73)
05-30 20:58:26.593  9727 11162 W GLSUser : 	at amwd.b(:com.google.android.gms@261934035@26.19.34 (260400-919740205):435)
05-30 20:58:26.593  9727 11162 W GLSUser : 	at amwb.a(:com.google.android.gms@261934035@26.19.34 (260400-919740205):67)
05-30 20:58:26.593  9727 11162 W GLSUser : 	at amvx.a(:com.google.android.gms@261934035@26.19.34 (260400-919740205):3)
05-30 20:58:26.593  9727 11162 W GLSUser : 	at amvz.a(:com.google.android.gms@261934035@26.19.34 (260400-919740205):58)
05-30 20:58:26.593  9727 11162 W GLSUser : 	at amvz.b(:com.google.android.gms@261934035@26.19.34 (260400-919740205):21)
05-30 20:58:26.593  9727 11162 W GLSUser : 	at bkdz.m(:com.google.android.gms@261934035@26.19.34 (260400-919740205):13)
05-30 20:58:26.593  9727 11162 W GLSUser : 	at bkeo.f(:com.google.android.gms@261934035@26.19.34 (260400-919740205):10)
05-30 20:58:26.593  9727 11162 W GLSUser : 	at gssa.a(:com.google.android.gms@261934035@26.19.34 (260400-919740205):45)
05-30 20:58:26.593  9727 11162 W GLSUser : 	at gsru.b(:com.google.android.gms@261934035@26.19.34 (260400-919740205):271)
05-30 20:58:26.593  9727 11162 W GLSUser : 	at gtua.g(:com.google.android.gms@261934035@26.19.34 (260400-919740205):15)
05-30 20:58:26.593  9727 11162 W GLSUser : 	at gtty.run(:com.google.android.gms@261934035@26.19.34 (260400-919740205):44)
05-30 20:58:26.593  9727 11162 W GLSUser : 	at bklb.c(:com.google.android.gms@261934035@26.19.34 (260400-919740205):50)
05-30 20:58:26.593  9727 11162 W GLSUser : 	at bklb.run(:com.google.android.gms@261934035@26.19.34 (260400-919740205):66)
05-30 20:58:26.593  9727 11162 W GLSUser : 	at java.util.concurrent.ThreadPoolExecutor.runWorker(ThreadPoolExecutor.java:1156)
05-30 20:58:26.593  9727 11162 W GLSUser : 	at java.util.concurrent.ThreadPoolExecutor$Worker.run(ThreadPoolExecutor.java:651)
05-30 20:58:26.593  9727 11162 W GLSUser : 	at bkqs.run(:com.google.android.gms@261934035@26.19.34 (260400-919740205):8)
05-30 20:58:26.593  9727 11162 W GLSUser : 	at java.lang.Thread.run(Thread.java:1119)
05-30 20:58:26.593  9727 11162 W GLSUser : Caused by: davb: Parsing Exception
05-30 20:58:26.593  9727 11162 W GLSUser : 	at dawf.a(:com.google.android.gms@261934035@26.19.34 (260400-919740205):15)
05-30 20:58:26.593  9727 11162 W GLSUser : 	at hlpn.run(:com.google.android.gms@261934035@26.19.34 (260400-919740205):56)
05-30 20:58:26.593  9727 11162 W GLSUser : 	... 6 more
05-30 20:58:26.593  9727 11162 W GLSUser : Caused by: izpc: Protocol message end-group tag did not match expected tag.
05-30 20:58:26.593  9727 11162 W GLSUser : 	at izqy.a(:com.google.android.gms@261934035@26.19.34 (260400-919740205):57)
05-30 20:58:26.593  9727 11162 W GLSUser : 	at izpw.l(:com.google.android.gms@261934035@26.19.34 (260400-919740205):60)
05-30 20:58:26.593  9727 11162 W GLSUser : 	at izny.s(:com.google.android.gms@261934035@26.19.34 (260400-919740205):26)
05-30 20:58:26.593  9727 11162 W GLSUser : 	at izlu.f(:com.google.android.gms@261934035@26.19.34 (260400-919740205):7)
05-30 20:58:26.593  9727 11162 W GLSUser : 	at izlu.c(:com.google.android.gms@261934035@26.19.34 (260400-919740205):1)
05-30 20:58:26.593  9727 11162 W GLSUser : 	at izlu.o(:com.google.android.gms@261934035@26.19.34 (260400-919740205):1)
05-30 20:58:26.593  9727 11162 W GLSUser : 	at dawe.a(:com.google.android.gms@261934035@26.19.34 (260400-919740205):15)
05-30 20:58:26.593  9727 11162 W GLSUser : 	at dawj.call(:com.google.android.gms@261934035@26.19.34 (260400-919740205):8)
05-30 20:58:26.593  9727 11162 W GLSUser : 	at java.util.concurrent.FutureTask.run(FutureTask.java:317)
05-30 20:58:26.593  9727 11162 W GLSUser : 	... 6 more
05-30 20:58:26.594  9727 11162 W GLSUser : [DeviceKeyStore] Cannot load key: Device key file not found.
05-30 20:58:26.624  1533  1900 W MediaProvider: Ignoring param:deletedata post U for external apps
05-30 20:58:26.646  1533  1900 I MediaProvider: Deleted 0 0 0 0 0 0 1 items on external_primary due to com.android.shell
05-30 20:58:26.696  9727 10079 W Conscrypt: Could not set socket write timeout: java.net.SocketException: Socket closed
05-30 20:58:26.702  9727 10079 W Conscrypt: 	at com.google.android.gms.org.conscrypt.Platform.setSocketWriteTimeout(:com.google.android.gms@261934035@26.19.34 (260400-919740205):204)
05-30 20:58:26.703  9727 10079 W Conscrypt: 	at com.google.android.gms.org.conscrypt.ConscryptFileDescriptorSocket.setSoWriteTimeout(:com.google.android.gms@261934035@26.19.34 (260400-919740205):4)
05-30 20:58:26.768  9727 10079 W Conscrypt: Could not set socket write timeout: java.net.SocketException: Socket closed
05-30 20:58:26.768  9727 10079 W Conscrypt: 	at com.google.android.gms.org.conscrypt.Platform.setSocketWriteTimeout(:com.google.android.gms@261934035@26.19.34 (260400-919740205):204)
05-30 20:58:26.768  9727 10079 W Conscrypt: 	at com.google.android.gms.org.conscrypt.ConscryptFileDescriptorSocket.setSoWriteTimeout(:com.google.android.gms@261934035@26.19.34 (260400-919740205):4)
05-30 20:58:26.788 12799 12799 D AndroidRuntime: >>>>>> START com.android.internal.os.RuntimeInit uid 2000 <<<<<<
05-30 20:58:26.819 12799 12799 I AndroidRuntime: Using default boot image
05-30 20:58:26.819 12799 12799 I AndroidRuntime: Leaving lock profiling enabled
05-30 20:58:26.822 12799 12799 I app_process: Using CollectorTypeCMC GC.
05-30 20:58:26.918  9727 11162 W GmsWeatherProviderContr: Failed to fetch weather tile
05-30 20:58:26.918  9727 11162 W GmsWeatherProviderContr: jwes: INVALID_ARGUMENT: Application credential header not valid. Please fix the client to pass a valid application credential header.
05-30 20:58:26.918  9727 11162 W GmsWeatherProviderContr: 	at bkeo.r(:com.google.android.gms@261934035@26.19.34 (260400-919740205):31)
05-30 20:58:26.918  9727 11162 W GmsWeatherProviderContr: 	at bkeo.f(:com.google.android.gms@261934035@26.19.34 (260400-919740205):90)
05-30 20:58:26.918  9727 11162 W GmsWeatherProviderContr: 	at gssa.a(:com.google.android.gms@261934035@26.19.34 (260400-919740205):45)
05-30 20:58:26.918  9727 11162 W GmsWeatherProviderContr: 	at gsru.b(:com.google.android.gms@261934035@26.19.34 (260400-919740205):271)
05-30 20:58:26.918  9727 11162 W GmsWeatherProviderContr: 	at gtua.g(:com.google.android.gms@261934035@26.19.34 (260400-919740205):15)
05-30 20:58:26.918  9727 11162 W GmsWeatherProviderContr: 	at gtty.run(:com.google.android.gms@261934035@26.19.34 (260400-919740205):44)
05-30 20:58:26.918  9727 11162 W GmsWeatherProviderContr: 	at bklb.c(:com.google.android.gms@261934035@26.19.34 (260400-919740205):50)
05-30 20:58:26.918  9727 11162 W GmsWeatherProviderContr: 	at bklb.run(:com.google.android.gms@261934035@26.19.34 (260400-919740205):66)
05-30 20:58:26.918  9727 11162 W GmsWeatherProviderContr: 	at java.util.concurrent.ThreadPoolExecutor.runWorker(ThreadPoolExecutor.java:1156)
05-30 20:58:26.918  9727 11162 W GmsWeatherProviderContr: 	at java.util.concurrent.ThreadPoolExecutor$Worker.run(ThreadPoolExecutor.java:651)
05-30 20:58:26.918  9727 11162 W GmsWeatherProviderContr: 	at bkqs.run(:com.google.android.gms@261934035@26.19.34 (260400-919740205):8)
05-30 20:58:26.918  9727 11162 W GmsWeatherProviderContr: 	at java.lang.Thread.run(Thread.java:1119)
05-30 20:58:26.956 12799 12799 D nativeloader: InitDefaultPublicLibraries for_preload=1: libandroid.so:libaaudio.so:libamidi.so:libbinder_ndk.so:libc.so:libcamera2ndk.so:libdl.so:libEGL.so:libGLESv1_CM.so:libGLESv2.so:libGLESv3.so:libicu.so:libicui18n.so:libicuuc.so:libjnigraphics.so:liblog.so:libmediandk.so:libm.so:libnativehelper.so:libnativewindow.so:libOpenMAXAL.so:libOpenSLES.so:libRS.so:libstdc++.so:libsync.so:libvulkan.so:libwebviewchromium_plat_support.so:libz.so
05-30 20:58:26.978 12799 12799 D nativeloader: Load libicu_jni.so using APEX ns com_android_art for caller /apex/com.android.art/javalib/core-oj.jar: ok
05-30 20:58:26.982 12799 12799 D app_process: u_setTimeZoneFilesDirectory("/apex/com.android.tzdata/etc/tz/versioned/9/icu") succeeded. 
05-30 20:58:26.983 12799 12799 D app_process: I18n APEX ICU file found: /apex/com.android.i18n/etc/icu/icudt76l.dat
05-30 20:58:26.994 12799 12799 D nativeloader: Load libjavacore.so using APEX ns com_android_art for caller /apex/com.android.art/javalib/core-oj.jar: ok
05-30 20:58:26.997 12799 12799 D nativeloader: Load libopenjdk.so using APEX ns com_android_art for caller /apex/com.android.art/javalib/core-oj.jar: ok
05-30 20:58:27.007 12799 12799 W app_process: ClassLoaderContext shared library size mismatch. Expected=2, found=0 (PCL[]{PCL[/system/framework/android.test.base.jar*2789897741]#PCL[/system/framework/android.test.mock.jar*3361312393]} | PCL[])
05-30 20:58:27.010 12799 12799 W app_process: ClassLoaderContext classpath size mismatch. expected=0, found=1 (PCL[]{PCL[/system/framework/android.test.runner.jar*895143020]#PCL[/system/framework/android.test.base.jar*2789897741]} | PCL[/system/framework/android.test.runner.jar*895143020])
05-30 20:58:27.191 12799 12799 D nativeloader: Load libframework-connectivity-tiramisu-jni.so using APEX ns com_android_tethering for caller /apex/com.android.tethering/javalib/framework-connectivity-t.jar: ok
05-30 20:58:27.224 12799 12799 D AndroidRuntime: Calling main entry com.android.commands.uiautomator.Launcher
05-30 20:58:27.255 12799 12799 I AconfigPackage: android.media.swcodec.flags is mapped to com.android.media.swcodec
05-30 20:58:27.258 12799 12799 I AconfigPackage: com.google.android.settings.simplemode.flags is mapped to system_ext
05-30 20:58:27.258 12799 12799 I AconfigPackage: com.google.android.systemui is mapped to system_ext
05-30 20:58:27.258 12799 12799 I AconfigPackage: com.google.android.apps.nexuslauncher is mapped to system_ext
05-30 20:58:27.258 12799 12799 I AconfigPackage: com.android.settings.accessibility is mapped to system_ext
05-30 20:58:27.258 12799 12799 I AconfigPackage: com.android.settings.flags is mapped to system_ext
05-30 20:58:27.258 12799 12799 I AconfigPackage: com.google.android.apps.miphone.aiai.matchmaker.overview.ui is mapped to system_ext
05-30 20:58:27.258 12799 12799 I AconfigPackage: com.google.android.settings.flags is mapped to system_ext
05-30 20:58:27.258 12799 12799 I AconfigPackage: com.android.launcher3 is mapped to system_ext
05-30 20:58:27.258 12799 12799 I AconfigPackage: com.android.wallpaper is mapped to system_ext
05-30 20:58:27.258 12799 12799 I AconfigPackage: com.android.settings.media_drm is mapped to system_ext
05-30 20:58:27.258 12799 12799 I AconfigPackage: com.android.systemui.accessibility.accessibilitymenu is mapped to system_ext
05-30 20:58:27.258 12799 12799 I AconfigPackage: com.android.settings.keyboard is mapped to system_ext
05-30 20:58:27.258 12799 12799 I AconfigPackage: com.android.server.policy.feature.flags is mapped to system_ext
05-30 20:58:27.258 12799 12799 I AconfigPackage: com.android.settings.factory_reset is mapped to system_ext
05-30 20:58:27.258 12799 12799 I AconfigPackage: com.google.android.haptics.flags is mapped to system_ext
05-30 20:58:27.259 12799 12799 I AconfigPackage: com.android.permission.flags is mapped to com.android.permission
05-30 20:58:27.290 12799 12799 I AconfigPackage: com.android.icu is mapped to com.android.i18n
05-30 20:58:27.292 12799 12799 I AconfigPackage: com.android.appsearch.flags is mapped to com.android.appsearch
05-30 20:58:27.295 12799 12799 I AconfigPackage: android.uprobestats.mainline.flags is mapped to com.android.uprobestats
05-30 20:58:27.298 12799 12799 I AconfigPackage: android.provider.flags is mapped to com.android.configinfrastructure
05-30 20:58:27.298 12799 12799 I AconfigPackage: com.android.server.deviceconfig is mapped to com.android.configinfrastructure
05-30 20:58:27.300 12799 12799 I AconfigPackage: com.android.nfc.flags is mapped to system
05-30 20:58:27.300 12799 12799 I AconfigPackage: android.app.admin.flags is mapped to system
05-30 20:58:27.300 12799 12799 I AconfigPackage: android.database.sqlite is mapped to system
05-30 20:58:27.300 12799 12799 I AconfigPackage: com.android.providers.calendar is mapped to system
05-30 20:58:27.300 12799 12799 I AconfigPackage: com.android.server.power.feature.flags is mapped to system
05-30 20:58:27.300 12799 12799 I AconfigPackage: com.android.media.performance.flags is mapped to system
05-30 20:58:27.300 12799 12799 I AconfigPackage: android.app.contextualsearch.flags is mapped to system
05-30 20:58:27.300 12799 12799 I AconfigPackage: android.app.ondeviceintelligence.flags is mapped to system
05-30 20:58:27.300 12799 12799 I AconfigPackage: com.android.media.projection.flags is mapped to system
05-30 20:58:27.300 12799 12799 I AconfigPackage: android.companion is mapped to system
05-30 20:58:27.300 12799 12799 I AconfigPackage: android.service.controls.flags is mapped to system
05-30 20:58:27.300 12799 12799 I AconfigPackage: com.android.text.flags is mapped to system
05-30 20:58:27.300 12799 12799 I AconfigPackage: com.android.providers.contactkeys.flags is mapped to system
05-30 20:58:27.300 12799 12799 I AconfigPackage: com.android.intentresolver is mapped to system
05-30 20:58:27.300 12799 12799 I AconfigPackage: android.companion.virtualdevice.flags is mapped to system
05-30 20:58:27.300 12799 12799 I AconfigPackage: android.uprobestats.flags is mapped to system
05-30 20:58:27.300 12799 12799 I AconfigPackage: com.android.net.thread.platform.flags is mapped to system
05-30 20:58:27.300 12799 12799 I AconfigPackage: android.view.contentprotection.flags is mapped to system
05-30 20:58:27.300 12799 12799 I AconfigPackage: com.android.server.dreams is mapped to system
05-30 20:58:27.300 12799 12799 I AconfigPackage: com.android.graphics.surfaceflinger.flags is mapped to system
05-30 20:58:27.300 12799 12799 I AconfigPackage: com.android.hardware.input is mapped to system
05-30 20:58:27.300 12799 12799 I AconfigPackage: android.sdk is mapped to system
05-30 20:58:27.300 12799 12799 I AconfigPackage: com.android.input.flags is mapped to system
05-30 20:58:27.300 12799 12799 I AconfigPackage: android.tracing is mapped to system
05-30 20:58:27.300 12799 12799 I AconfigPackage: com.android.server.biometrics is mapped to system
05-30 20:58:27.300 12799 12799 I AconfigPackage: android.view.contentcapture.flags is mapped to system
05-30 20:58:27.300 12799 12799 I AconfigPackage: android.app.job is mapped to system
05-30 20:58:27.300 12799 12799 I AconfigPackage: android.content.res is mapped to system
05-30 20:58:27.300 12799 12799 I AconfigPackage: android.net.platform.flags is mapped to system
05-30 20:58:27.300 12799 12799 I AconfigPackage: com.android.aconfig.flags is mapped to system
05-30 20:58:27.300 12799 12799 I AconfigPackage: com.android.graphics.flags is mapped to system
05-30 20:58:27.300 12799 12799 I AconfigPackage: android.server.app is mapped to system
