--------- beginning of system
05-30 20:59:00.634   693   802 D ActivityManager: freezing 12275 com.android.externalstorage
05-30 20:59:00.634   693   802 D ActivityManager: freezing 4509 com.android.keychain
05-30 20:59:00.635   693   802 D ActivityManager: freezing 4371 com.google.android.googlequicksearchbox:search
05-30 20:59:00.636   693   802 D ActivityManager: freezing 1264 com.google.android.permissioncontroller
--------- beginning of main
05-30 20:59:00.638   693   853 D InetDiagMessage: Destroyed 0 sockets, proto=IPPROTO_TCP, family=AF_INET, states=14
05-30 20:59:00.638   693   853 D InetDiagMessage: Destroyed 0 sockets, proto=IPPROTO_TCP, family=AF_INET6, states=14
05-30 20:59:00.638   693   853 D InetDiagMessage: Destroyed live tcp sockets for uids={10109} in 2ms
05-30 20:59:00.639   693   853 D InetDiagMessage: Destroyed 0 sockets, proto=IPPROTO_TCP, family=AF_INET, states=14
05-30 20:59:00.639   693   853 D InetDiagMessage: Destroyed 0 sockets, proto=IPPROTO_TCP, family=AF_INET6, states=14
05-30 20:59:00.639   693   853 D InetDiagMessage: Destroyed live tcp sockets for uids={10195} in 0ms
05-30 20:59:00.639   693   853 D InetDiagMessage: Destroyed 0 sockets, proto=IPPROTO_TCP, family=AF_INET, states=14
05-30 20:59:00.639   693   853 D InetDiagMessage: Destroyed 0 sockets, proto=IPPROTO_TCP, family=AF_INET6, states=14
05-30 20:59:00.639   693   853 D InetDiagMessage: Destroyed live tcp sockets for uids={10173} in 0ms
05-30 20:59:00.640   693   802 D ActivityManager: freezing 11287 com.google.android.documentsui
05-30 20:59:00.640   693   802 D ActivityManager: freezing 1576 android.process.acore
05-30 20:59:00.640   693   802 D ActivityManager: freezing 2384 com.google.android.apps.messaging
05-30 20:59:00.641   693   802 D ActivityManager: freezing 2542 com.google.android.gms.unstable
05-30 20:59:00.648   693   853 D InetDiagMessage: Destroyed 0 sockets, proto=IPPROTO_TCP, family=AF_INET, states=14
05-30 20:59:00.648   693   853 D InetDiagMessage: Destroyed 0 sockets, proto=IPPROTO_TCP, family=AF_INET6, states=14
05-30 20:59:00.648   693   853 D InetDiagMessage: Destroyed live tcp sockets for uids={10196} in 1ms
05-30 20:59:00.649   693   853 D InetDiagMessage: Destroyed 0 sockets, proto=IPPROTO_TCP, family=AF_INET, states=14
05-30 20:59:00.649   693   853 D InetDiagMessage: Destroyed 0 sockets, proto=IPPROTO_TCP, family=AF_INET6, states=14
05-30 20:59:00.649   693   853 D InetDiagMessage: Destroyed live tcp sockets for uids={2000} in 1ms
05-30 20:59:00.650   693   853 D InetDiagMessage: Destroyed 0 sockets, proto=IPPROTO_TCP, family=AF_INET, states=14
05-30 20:59:00.650   693   853 D InetDiagMessage: Destroyed 0 sockets, proto=IPPROTO_TCP, family=AF_INET6, states=14
05-30 20:59:00.650   693   853 D InetDiagMessage: Destroyed live tcp sockets for uids={10212} in 1ms
05-30 20:59:00.650   693   853 D InetDiagMessage: Destroyed 0 sockets, proto=IPPROTO_TCP, family=AF_INET, states=14
05-30 20:59:00.650   693   853 D InetDiagMessage: Destroyed 0 sockets, proto=IPPROTO_TCP, family=AF_INET6, states=14
05-30 20:59:00.651   693   853 D InetDiagMessage: Destroyed live tcp sockets for uids={10211} in 0ms
05-30 20:59:00.651   693   853 D InetDiagMessage: Destroyed 0 sockets, proto=IPPROTO_TCP, family=AF_INET, states=14
05-30 20:59:00.651   693   853 D InetDiagMessage: Destroyed 0 sockets, proto=IPPROTO_TCP, family=AF_INET6, states=14
05-30 20:59:00.651   693   853 D InetDiagMessage: Destroyed live tcp sockets for uids={10186} in 1ms
05-30 20:59:00.652   693   853 D InetDiagMessage: Destroyed 0 sockets, proto=IPPROTO_TCP, family=AF_INET, states=14
05-30 20:59:00.652   693   853 D InetDiagMessage: Destroyed 0 sockets, proto=IPPROTO_TCP, family=AF_INET6, states=14
05-30 20:59:00.652   693   853 D InetDiagMessage: Destroyed live tcp sockets for uids={10145} in 1ms
05-30 20:59:00.652   693   853 D InetDiagMessage: Destroyed 0 sockets, proto=IPPROTO_TCP, family=AF_INET, states=14
05-30 20:59:00.653   693   853 D InetDiagMessage: Destroyed 0 sockets, proto=IPPROTO_TCP, family=AF_INET6, states=14
05-30 20:59:00.653   693   853 D InetDiagMessage: Destroyed live tcp sockets for uids={10167} in 0ms
05-30 20:59:00.666   693   853 D InetDiagMessage: Destroyed 0 sockets, proto=IPPROTO_TCP, family=AF_INET, states=14
05-30 20:59:00.670   693   853 D InetDiagMessage: Destroyed 0 sockets, proto=IPPROTO_TCP, family=AF_INET6, states=14
05-30 20:59:00.670   693   853 D InetDiagMessage: Destroyed live tcp sockets for uids={10191} in 4ms
05-30 20:59:00.671   693   853 D InetDiagMessage: Destroyed 0 sockets, proto=IPPROTO_TCP, family=AF_INET, states=14
05-30 20:59:00.671   693   853 D InetDiagMessage: Destroyed 0 sockets, proto=IPPROTO_TCP, family=AF_INET6, states=14
05-30 20:59:00.671   693   853 D InetDiagMessage: Destroyed live tcp sockets for uids={10132} in 1ms
05-30 20:59:00.672   693   853 D InetDiagMessage: Destroyed 0 sockets, proto=IPPROTO_TCP, family=AF_INET, states=14
05-30 20:59:00.672   693   853 D InetDiagMessage: Destroyed 0 sockets, proto=IPPROTO_TCP, family=AF_INET6, states=14
05-30 20:59:00.672   693   853 D InetDiagMessage: Destroyed live tcp sockets for uids={10133} in 1ms
05-30 20:59:00.672   693   853 D InetDiagMessage: Destroyed 0 sockets, proto=IPPROTO_TCP, family=AF_INET, states=14
05-30 20:59:00.672   693   853 D InetDiagMessage: Destroyed 0 sockets, proto=IPPROTO_TCP, family=AF_INET6, states=14
05-30 20:59:00.672   693   853 D InetDiagMessage: Destroyed live tcp sockets for uids={10170} in 0ms
05-30 20:59:00.672   693   853 D InetDiagMessage: Destroyed 0 sockets, proto=IPPROTO_TCP, family=AF_INET, states=14
05-30 20:59:00.673   693   853 D InetDiagMessage: Destroyed 0 sockets, proto=IPPROTO_TCP, family=AF_INET6, states=14
05-30 20:59:00.673   693   853 D InetDiagMessage: Destroyed live tcp sockets for uids={10138} in 0ms
05-30 20:59:00.673   693   853 D InetDiagMessage: Destroyed 0 sockets, proto=IPPROTO_TCP, family=AF_INET, states=14
05-30 20:59:00.673   693   853 D InetDiagMessage: Destroyed 0 sockets, proto=IPPROTO_TCP, family=AF_INET6, states=14
05-30 20:59:00.673   693   853 D InetDiagMessage: Destroyed live tcp sockets for uids={10143} in 1ms
05-30 20:59:00.674   693   853 D InetDiagMessage: Destroyed 0 sockets, proto=IPPROTO_TCP, family=AF_INET, states=14
05-30 20:59:00.674   693   853 D InetDiagMessage: Destroyed 0 sockets, proto=IPPROTO_TCP, family=AF_INET6, states=14
05-30 20:59:00.674   693   853 D InetDiagMessage: Destroyed live tcp sockets for uids={10163} in 1ms
05-30 20:59:00.674   693   853 D InetDiagMessage: Destroyed 0 sockets, proto=IPPROTO_TCP, family=AF_INET, states=14
05-30 20:59:00.674   693   853 D InetDiagMessage: Destroyed 0 sockets, proto=IPPROTO_TCP, family=AF_INET6, states=14
05-30 20:59:00.674   693   853 D InetDiagMessage: Destroyed live tcp sockets for uids={10201} in 0ms
05-30 20:59:00.674   693   853 D InetDiagMessage: Destroyed 0 sockets, proto=IPPROTO_TCP, family=AF_INET, states=14
05-30 20:59:00.674   693   853 D InetDiagMessage: Destroyed 0 sockets, proto=IPPROTO_TCP, family=AF_INET6, states=14
05-30 20:59:00.674   693   853 D InetDiagMessage: Destroyed live tcp sockets for uids={10142} in 0ms
05-30 20:59:00.674   693   853 D InetDiagMessage: Destroyed 0 sockets, proto=IPPROTO_TCP, family=AF_INET, states=14
05-30 20:59:00.675   693   853 D InetDiagMessage: Destroyed 0 sockets, proto=IPPROTO_TCP, family=AF_INET6, states=14
05-30 20:59:00.675   693   853 D InetDiagMessage: Destroyed live tcp sockets for uids={10096} in 0ms
05-30 20:59:00.675   693   853 D InetDiagMessage: Destroyed 0 sockets, proto=IPPROTO_TCP, family=AF_INET, states=14
05-30 20:59:00.675   693   853 D InetDiagMessage: Destroyed 0 sockets, proto=IPPROTO_TCP, family=AF_INET6, states=14
05-30 20:59:00.675   693   853 D InetDiagMessage: Destroyed live tcp sockets for uids={10119} in 1ms
05-30 20:59:00.675   693   853 D InetDiagMessage: Destroyed 0 sockets, proto=IPPROTO_TCP, family=AF_INET, states=14
05-30 20:59:00.675   693   853 D InetDiagMessage: Destroyed 0 sockets, proto=IPPROTO_TCP, family=AF_INET6, states=14
05-30 20:59:00.675   693   853 D InetDiagMessage: Destroyed live tcp sockets for uids={10150} in 0ms
05-30 20:59:00.676   693   853 D InetDiagMessage: Destroyed 0 sockets, proto=IPPROTO_TCP, family=AF_INET, states=14
05-30 20:59:00.676   693   853 D InetDiagMessage: Destroyed 0 sockets, proto=IPPROTO_TCP, family=AF_INET6, states=14
05-30 20:59:00.676   693   853 D InetDiagMessage: Destroyed live tcp sockets for uids={10101} in 1ms
05-30 20:59:00.676   693   853 D InetDiagMessage: Destroyed 0 sockets, proto=IPPROTO_TCP, family=AF_INET, states=14
05-30 20:59:00.676   693   853 D InetDiagMessage: Destroyed 0 sockets, proto=IPPROTO_TCP, family=AF_INET6, states=14
05-30 20:59:00.676   693   853 D InetDiagMessage: Destroyed live tcp sockets for uids={10106} in 0ms
05-30 20:59:00.676   693   853 D InetDiagMessage: Destroyed 0 sockets, proto=IPPROTO_TCP, family=AF_INET, states=14
05-30 20:59:00.676   693   853 D InetDiagMessage: Destroyed 0 sockets, proto=IPPROTO_TCP, family=AF_INET6, states=14
05-30 20:59:00.676   693   853 D InetDiagMessage: Destroyed live tcp sockets for uids={10140} in 0ms
05-30 20:59:00.677   693   853 D InetDiagMessage: Destroyed 0 sockets, proto=IPPROTO_TCP, family=AF_INET, states=14
05-30 20:59:00.677   693   853 D InetDiagMessage: Destroyed 0 sockets, proto=IPPROTO_TCP, family=AF_INET6, states=14
05-30 20:59:00.677   693   853 D InetDiagMessage: Destroyed live tcp sockets for uids={10144} in 1ms
05-30 20:59:00.677   693   853 D InetDiagMessage: Destroyed 0 sockets, proto=IPPROTO_TCP, family=AF_INET, states=14
05-30 20:59:00.678   693   853 D InetDiagMessage: Destroyed 0 sockets, proto=IPPROTO_TCP, family=AF_INET6, states=14
05-30 20:59:00.678   693   853 D InetDiagMessage: Destroyed live tcp sockets for uids={10193} in 1ms
05-30 20:59:00.679   693   853 D InetDiagMessage: Destroyed 0 sockets, proto=IPPROTO_TCP, family=AF_INET, states=14
05-30 20:59:00.679   693   853 D InetDiagMessage: Destroyed 0 sockets, proto=IPPROTO_TCP, family=AF_INET6, states=14
05-30 20:59:00.679   693   853 D InetDiagMessage: Destroyed live tcp sockets for uids={10152} in 1ms
05-30 20:59:00.682   693   853 D InetDiagMessage: Destroyed 0 sockets, proto=IPPROTO_TCP, family=AF_INET, states=14
05-30 20:59:00.682   693   853 D InetDiagMessage: Destroyed 0 sockets, proto=IPPROTO_TCP, family=AF_INET6, states=14
05-30 20:59:00.682   693   853 D InetDiagMessage: Destroyed live tcp sockets for uids={10102} in 3ms
05-30 20:59:00.701   693   853 D InetDiagMessage: Destroyed 0 sockets, proto=IPPROTO_TCP, family=AF_INET, states=14
05-30 20:59:00.702   693   853 D InetDiagMessage: Destroyed 0 sockets, proto=IPPROTO_TCP, family=AF_INET6, states=14
05-30 20:59:00.702   693   853 D InetDiagMessage: Destroyed live tcp sockets for uids={10200} in 1ms
05-30 20:59:00.702   693   853 D InetDiagMessage: Destroyed 0 sockets, proto=IPPROTO_TCP, family=AF_INET, states=14
05-30 20:59:00.702   693   853 D InetDiagMessage: Destroyed 0 sockets, proto=IPPROTO_TCP, family=AF_INET6, states=14
05-30 20:59:00.702   693   853 D InetDiagMessage: Destroyed live tcp sockets for uids={10103} in 1ms
05-30 20:59:00.702   693   853 D InetDiagMessage: Destroyed 0 sockets, proto=IPPROTO_TCP, family=AF_INET, states=14
05-30 20:59:00.702   693   853 D InetDiagMessage: Destroyed 0 sockets, proto=IPPROTO_TCP, family=AF_INET6, states=14
05-30 20:59:00.702   693   853 D InetDiagMessage: Destroyed live tcp sockets for uids={10095} in 0ms
05-30 20:59:00.834   693   802 D ActivityManager: freezing 9808 com.google.android.gms
05-30 20:59:03.351  1058  1290 D SatelliteController: iisInCarrierRoamingNbIotNtn: satellite is disabled
05-30 20:59:09.775 13008 13008 W dumpsys : Thread Pool max thread count is 0. Cannot cache binder as linkToDeath cannot be implemented. serviceName: package
05-30 20:59:09.828  2694  5363 I artd    : GetBestInfo: odex next to the dex file (/data/app/~~xtmiQYQCmH6y9KZRtRp03w==/com.google.android.gms-Axd_vYzfZDoVi52FAiUC_g==/oat/arm64/base.odex) is kOatUpToDate with filter 'speed-profile' executable 'false'
05-30 20:59:09.831  2694  5363 I artd    : GetBestInfo: odex next to the dex file (/data/app/~~xtmiQYQCmH6y9KZRtRp03w==/com.google.android.gms-Axd_vYzfZDoVi52FAiUC_g==/oat/arm64/split_AdsDynamite_installtime.odex) is kOatUpToDate with filter 'speed' executable 'false'
05-30 20:59:09.833  2694  5363 I artd    : GetBestInfo: odex next to the dex file (/data/app/~~xtmiQYQCmH6y9KZRtRp03w==/com.google.android.gms-Axd_vYzfZDoVi52FAiUC_g==/oat/arm64/split_CronetDynamite_installtime.odex) is kOatUpToDate with filter 'speed-profile' executable 'false'
05-30 20:59:09.835  2694  5363 I artd    : GetBestInfo: odex next to the dex file (/data/app/~~xtmiQYQCmH6y9KZRtRp03w==/com.google.android.gms-Axd_vYzfZDoVi52FAiUC_g==/oat/arm64/split_DynamiteLoader_installtime.odex) is kOatUpToDate with filter 'speed' executable 'false'
05-30 20:59:09.837  2694  5363 I artd    : GetBestInfo: odex next to the dex file (/data/app/~~xtmiQYQCmH6y9KZRtRp03w==/com.google.android.gms-Axd_vYzfZDoVi52FAiUC_g==/oat/arm64/split_DynamiteModulesA_installtime.odex) is kOatUpToDate with filter 'speed' executable 'false'
05-30 20:59:09.840  2694  5363 I artd    : GetBestInfo: odex next to the dex file (/data/app/~~xtmiQYQCmH6y9KZRtRp03w==/com.google.android.gms-Axd_vYzfZDoVi52FAiUC_g==/oat/arm64/split_DynamiteModulesC_installtime.odex) is kOatUpToDate with filter 'speed' executable 'false'
05-30 20:59:09.842  2694  5363 I artd    : GetBestInfo: odex next to the dex file (/data/app/~~xtmiQYQCmH6y9KZRtRp03w==/com.google.android.gms-Axd_vYzfZDoVi52FAiUC_g==/oat/arm64/split_GoogleCertificates_installtime.odex) is kOatUpToDate with filter 'speed' executable 'false'
05-30 20:59:09.844  2694  5363 I artd    : GetBestInfo: odex next to the dex file (/data/app/~~xtmiQYQCmH6y9KZRtRp03w==/com.google.android.gms-Axd_vYzfZDoVi52FAiUC_g==/oat/arm64/split_MapsDynamite_installtime.odex) is kOatUpToDate with filter 'speed' executable 'false'
05-30 20:59:09.847  2694  5363 I artd    : GetBestInfo: odex next to the dex file (/data/app/~~xtmiQYQCmH6y9KZRtRp03w==/com.google.android.gms-Axd_vYzfZDoVi52FAiUC_g==/oat/arm64/split_MeasurementDynamite_installtime.odex) is kOatUpToDate with filter 'speed' executable 'false'
05-30 20:59:09.848  2694  5363 I artd    : GetBestInfo: /data/user_de/0/com.google.android.gms/app_chimera/m/00000001/CronetDynamite.apk has no usable artifacts
05-30 20:59:09.850  2694  5363 I artd    : GetBestInfo: /data/user_de/0/com.google.android.gms/app_chimera/m/00000010/dl-MlkitOcrCommon.optional_261934100400.apk has no usable artifacts
05-30 20:59:09.851  2694  5363 I artd    : GetBestInfo: /data/user_de/0/com.google.android.gms/app_chimera/m/00000002/DynamiteLoader.apk has no usable artifacts
05-30 20:59:09.851  2694  5363 I artd    : GetBestInfo: /data/user_de/0/com.google.android.gms/app_chimera/m/00000005/GoogleCertificates.apk has no usable artifacts
05-30 20:59:09.856  2694  5363 I artd    : GetBestInfo: /data/user_de/0/com.google.android.gms/app_chimera/m/00000009/dl-Appsearch.optional_250834100400.apk has no usable artifacts
05-30 20:59:09.858  2694  5363 I artd    : GetBestInfo: /data/user_de/0/com.google.android.gms/app_chimera/m/00000015/dl-IdentityCredentialsPlatform.optional_261934100400.apk has no usable artifacts
05-30 20:59:09.863  2694  5363 I artd    : GetBestInfo: /data/user_de/0/com.google.android.gms/app_chimera/m/0000000c/dl-TfliteDynamiteDynamite.integ_260580502100400.apk has no usable artifacts
05-30 20:59:09.866  2694  5363 I artd    : GetBestInfo: vdex next to the dex file (/data/user/0/com.google.android.gms/app_dg_cache/9D5BCED7935D64431BF672B8BBD597199833CA19/oat/arm64/the.vdex) is kOatUpToDate with filter 'verify' executable 'false'
05-30 20:59:09.868  2694  5363 I artd    : GetBestInfo: /data/user_de/0/com.google.android.gms/app_chimera/m/00000012/dl-MlkitBarcodeUi.optional_261934100400.apk has no usable artifacts
05-30 20:59:09.871  2694  2738 I artd    : GetBestInfo: /data/user_de/0/com.google.android.gms/app_chimera/m/0000000a/dl-MlkitBarcodeUi.optional_250834100400.apk has no usable artifacts
05-30 20:59:09.874  2694  2738 I artd    : GetBestInfo: /data/user_de/0/com.google.android.gms/app_chimera/m/00000013/dl-Appsearch.optional_261934100400.apk has no usable artifacts
05-30 20:59:09.876  2694  2738 I artd    : GetBestInfo: /data/user_de/0/com.google.android.gms/app_chimera/m/0000000e/dl-VisionOcr.optional_261934100000.apk has no usable artifacts
05-30 20:59:09.877  2694  2738 I artd    : GetBestInfo: /data/user_de/0/com.google.android.gms/app_chimera/m/00000007/MeasurementDynamite.apk has no usable artifacts
05-30 20:59:09.879  2694  2738 I artd    : GetBestInfo: /data/user_de/0/com.google.android.gms/app_chimera/m/00000014/dl-PlayCloudSearch.optional_261934100000.apk has no usable artifacts
05-30 20:59:13.351  1058  1290 D SatelliteController: iisInCarrierRoamingNbIotNtn: satellite is disabled
05-30 20:59:19.796 13011 13011 W dumpsys : Thread Pool max thread count is 0. Cannot cache binder as linkToDeath cannot be implemented. serviceName: package
05-30 20:59:19.860  2694  2738 I artd    : GetBestInfo: odex next to the dex file (/data/app/~~xtmiQYQCmH6y9KZRtRp03w==/com.google.android.gms-Axd_vYzfZDoVi52FAiUC_g==/oat/arm64/base.odex) is kOatUpToDate with filter 'speed-profile' executable 'false'
05-30 20:59:19.863  2694  2738 I artd    : GetBestInfo: odex next to the dex file (/data/app/~~xtmiQYQCmH6y9KZRtRp03w==/com.google.android.gms-Axd_vYzfZDoVi52FAiUC_g==/oat/arm64/split_AdsDynamite_installtime.odex) is kOatUpToDate with filter 'speed' executable 'false'
05-30 20:59:19.866  2694  2738 I artd    : GetBestInfo: odex next to the dex file (/data/app/~~xtmiQYQCmH6y9KZRtRp03w==/com.google.android.gms-Axd_vYzfZDoVi52FAiUC_g==/oat/arm64/split_CronetDynamite_installtime.odex) is kOatUpToDate with filter 'speed-profile' executable 'false'
05-30 20:59:19.872  2694  2738 I artd    : GetBestInfo: odex next to the dex file (/data/app/~~xtmiQYQCmH6y9KZRtRp03w==/com.google.android.gms-Axd_vYzfZDoVi52FAiUC_g==/oat/arm64/split_DynamiteLoader_installtime.odex) is kOatUpToDate with filter 'speed' executable 'false'
05-30 20:59:19.877  2694  2738 I artd    : GetBestInfo: odex next to the dex file (/data/app/~~xtmiQYQCmH6y9KZRtRp03w==/com.google.android.gms-Axd_vYzfZDoVi52FAiUC_g==/oat/arm64/split_DynamiteModulesA_installtime.odex) is kOatUpToDate with filter 'speed' executable 'false'
05-30 20:59:19.884  2694  2738 I artd    : GetBestInfo: odex next to the dex file (/data/app/~~xtmiQYQCmH6y9KZRtRp03w==/com.google.android.gms-Axd_vYzfZDoVi52FAiUC_g==/oat/arm64/split_DynamiteModulesC_installtime.odex) is kOatUpToDate with filter 'speed' executable 'false'
05-30 20:59:19.892  2694  2738 I artd    : GetBestInfo: odex next to the dex file (/data/app/~~xtmiQYQCmH6y9KZRtRp03w==/com.google.android.gms-Axd_vYzfZDoVi52FAiUC_g==/oat/arm64/split_GoogleCertificates_installtime.odex) is kOatUpToDate with filter 'speed' executable 'false'
05-30 20:59:19.899  2694  2738 I artd    : GetBestInfo: odex next to the dex file (/data/app/~~xtmiQYQCmH6y9KZRtRp03w==/com.google.android.gms-Axd_vYzfZDoVi52FAiUC_g==/oat/arm64/split_MapsDynamite_installtime.odex) is kOatUpToDate with filter 'speed' executable 'false'
05-30 20:59:19.902  2694  2738 I artd    : GetBestInfo: odex next to the dex file (/data/app/~~xtmiQYQCmH6y9KZRtRp03w==/com.google.android.gms-Axd_vYzfZDoVi52FAiUC_g==/oat/arm64/split_MeasurementDynamite_installtime.odex) is kOatUpToDate with filter 'speed' executable 'false'
05-30 20:59:19.903  2694  2738 I artd    : GetBestInfo: /data/user_de/0/com.google.android.gms/app_chimera/m/00000001/CronetDynamite.apk has no usable artifacts
05-30 20:59:19.918  2694  2738 I artd    : GetBestInfo: /data/user_de/0/com.google.android.gms/app_chimera/m/00000010/dl-MlkitOcrCommon.optional_261934100400.apk has no usable artifacts
05-30 20:59:19.920  2694  2738 I artd    : GetBestInfo: /data/user_de/0/com.google.android.gms/app_chimera/m/00000002/DynamiteLoader.apk has no usable artifacts
05-30 20:59:19.924  2694  2738 I artd    : GetBestInfo: /data/user_de/0/com.google.android.gms/app_chimera/m/00000005/GoogleCertificates.apk has no usable artifacts
05-30 20:59:19.927  2694  2738 I artd    : GetBestInfo: /data/user_de/0/com.google.android.gms/app_chimera/m/00000009/dl-Appsearch.optional_250834100400.apk has no usable artifacts
05-30 20:59:19.928  2694  2738 I artd    : GetBestInfo: /data/user_de/0/com.google.android.gms/app_chimera/m/00000015/dl-IdentityCredentialsPlatform.optional_261934100400.apk has no usable artifacts
05-30 20:59:19.934  2694  2738 I artd    : GetBestInfo: /data/user_de/0/com.google.android.gms/app_chimera/m/0000000c/dl-TfliteDynamiteDynamite.integ_260580502100400.apk has no usable artifacts
05-30 20:59:19.936  2694  2738 I artd    : GetBestInfo: vdex next to the dex file (/data/user/0/com.google.android.gms/app_dg_cache/9D5BCED7935D64431BF672B8BBD597199833CA19/oat/arm64/the.vdex) is kOatUpToDate with filter 'verify' executable 'false'
05-30 20:59:19.942  2694  2738 I artd    : GetBestInfo: /data/user_de/0/com.google.android.gms/app_chimera/m/00000012/dl-MlkitBarcodeUi.optional_261934100400.apk has no usable artifacts
05-30 20:59:19.950  2694  2738 I artd    : GetBestInfo: /data/user_de/0/com.google.android.gms/app_chimera/m/0000000a/dl-MlkitBarcodeUi.optional_250834100400.apk has no usable artifacts
05-30 20:59:19.953  2694  2738 I artd    : GetBestInfo: /data/user_de/0/com.google.android.gms/app_chimera/m/00000013/dl-Appsearch.optional_261934100400.apk has no usable artifacts
05-30 20:59:19.959  2694  2738 I artd    : GetBestInfo: /data/user_de/0/com.google.android.gms/app_chimera/m/0000000e/dl-VisionOcr.optional_261934100000.apk has no usable artifacts
05-30 20:59:19.960  2694  2738 I artd    : GetBestInfo: /data/user_de/0/com.google.android.gms/app_chimera/m/00000007/MeasurementDynamite.apk has no usable artifacts
05-30 20:59:19.962  2694  2738 I artd    : GetBestInfo: /data/user_de/0/com.google.android.gms/app_chimera/m/00000014/dl-PlayCloudSearch.optional_261934100000.apk has no usable artifacts
05-30 20:59:23.353  1058  1290 D SatelliteController: iisInCarrierRoamingNbIotNtn: satellite is disabled
05-30 20:59:29.770 13016 13016 W dumpsys : Thread Pool max thread count is 0. Cannot cache binder as linkToDeath cannot be implemented. serviceName: package
05-30 20:59:29.850  2694  2738 I artd    : GetBestInfo: odex next to the dex file (/data/app/~~xtmiQYQCmH6y9KZRtRp03w==/com.google.android.gms-Axd_vYzfZDoVi52FAiUC_g==/oat/arm64/base.odex) is kOatUpToDate with filter 'speed-profile' executable 'false'
05-30 20:59:29.853  2694  2738 I artd    : GetBestInfo: odex next to the dex file (/data/app/~~xtmiQYQCmH6y9KZRtRp03w==/com.google.android.gms-Axd_vYzfZDoVi52FAiUC_g==/oat/arm64/split_AdsDynamite_installtime.odex) is kOatUpToDate with filter 'speed' executable 'false'
05-30 20:59:29.857  2694  2738 I artd    : GetBestInfo: odex next to the dex file (/data/app/~~xtmiQYQCmH6y9KZRtRp03w==/com.google.android.gms-Axd_vYzfZDoVi52FAiUC_g==/oat/arm64/split_CronetDynamite_installtime.odex) is kOatUpToDate with filter 'speed-profile' executable 'false'
05-30 20:59:29.860  2694  2738 I artd    : GetBestInfo: odex next to the dex file (/data/app/~~xtmiQYQCmH6y9KZRtRp03w==/com.google.android.gms-Axd_vYzfZDoVi52FAiUC_g==/oat/arm64/split_DynamiteLoader_installtime.odex) is kOatUpToDate with filter 'speed' executable 'false'
05-30 20:59:29.883  2694  2738 I artd    : GetBestInfo: odex next to the dex file (/data/app/~~xtmiQYQCmH6y9KZRtRp03w==/com.google.android.gms-Axd_vYzfZDoVi52FAiUC_g==/oat/arm64/split_DynamiteModulesA_installtime.odex) is kOatUpToDate with filter 'speed' executable 'false'
05-30 20:59:29.899  2694  2738 I artd    : GetBestInfo: odex next to the dex file (/data/app/~~xtmiQYQCmH6y9KZRtRp03w==/com.google.android.gms-Axd_vYzfZDoVi52FAiUC_g==/oat/arm64/split_DynamiteModulesC_installtime.odex) is kOatUpToDate with filter 'speed' executable 'false'
05-30 20:59:29.910  2694  2738 I artd    : GetBestInfo: odex next to the dex file (/data/app/~~xtmiQYQCmH6y9KZRtRp03w==/com.google.android.gms-Axd_vYzfZDoVi52FAiUC_g==/oat/arm64/split_GoogleCertificates_installtime.odex) is kOatUpToDate with filter 'speed' executable 'false'
05-30 20:59:29.930  2694  2738 I artd    : GetBestInfo: odex next to the dex file (/data/app/~~xtmiQYQCmH6y9KZRtRp03w==/com.google.android.gms-Axd_vYzfZDoVi52FAiUC_g==/oat/arm64/split_MapsDynamite_installtime.odex) is kOatUpToDate with filter 'speed' executable 'false'
05-30 20:59:29.941  2694  5363 I artd    : GetBestInfo: odex next to the dex file (/data/app/~~xtmiQYQCmH6y9KZRtRp03w==/com.google.android.gms-Axd_vYzfZDoVi52FAiUC_g==/oat/arm64/split_MeasurementDynamite_installtime.odex) is kOatUpToDate with filter 'speed' executable 'false'
05-30 20:59:29.942  2694  2738 I artd    : GetBestInfo: /data/user_de/0/com.google.android.gms/app_chimera/m/00000001/CronetDynamite.apk has no usable artifacts
05-30 20:59:29.948  2694  5363 I artd    : GetBestInfo: /data/user_de/0/com.google.android.gms/app_chimera/m/00000010/dl-MlkitOcrCommon.optional_261934100400.apk has no usable artifacts
05-30 20:59:29.953  2694  5363 I artd    : GetBestInfo: /data/user_de/0/com.google.android.gms/app_chimera/m/00000002/DynamiteLoader.apk has no usable artifacts
05-30 20:59:29.959  2694  5363 I artd    : GetBestInfo: /data/user_de/0/com.google.android.gms/app_chimera/m/00000005/GoogleCertificates.apk has no usable artifacts
05-30 20:59:29.962  2694  5363 I artd    : GetBestInfo: /data/user_de/0/com.google.android.gms/app_chimera/m/00000009/dl-Appsearch.optional_250834100400.apk has no usable artifacts
05-30 20:59:29.964  2694  5363 I artd    : GetBestInfo: /data/user_de/0/com.google.android.gms/app_chimera/m/00000015/dl-IdentityCredentialsPlatform.optional_261934100400.apk has no usable artifacts
05-30 20:59:29.966  2694  5363 I artd    : GetBestInfo: /data/user_de/0/com.google.android.gms/app_chimera/m/0000000c/dl-TfliteDynamiteDynamite.integ_260580502100400.apk has no usable artifacts
05-30 20:59:29.969  2694  5363 I artd    : GetBestInfo: vdex next to the dex file (/data/user/0/com.google.android.gms/app_dg_cache/9D5BCED7935D64431BF672B8BBD597199833CA19/oat/arm64/the.vdex) is kOatUpToDate with filter 'verify' executable 'false'
05-30 20:59:29.974  2694  5363 I artd    : GetBestInfo: /data/user_de/0/com.google.android.gms/app_chimera/m/00000012/dl-MlkitBarcodeUi.optional_261934100400.apk has no usable artifacts
05-30 20:59:29.978  2694  5363 I artd    : GetBestInfo: /data/user_de/0/com.google.android.gms/app_chimera/m/0000000a/dl-MlkitBarcodeUi.optional_250834100400.apk has no usable artifacts
05-30 20:59:29.985  2694  5363 I artd    : GetBestInfo: /data/user_de/0/com.google.android.gms/app_chimera/m/00000013/dl-Appsearch.optional_261934100400.apk has no usable artifacts
05-30 20:59:29.987  2694  5363 I artd    : GetBestInfo: /data/user_de/0/com.google.android.gms/app_chimera/m/0000000e/dl-VisionOcr.optional_261934100000.apk has no usable artifacts
05-30 20:59:29.991  2694  5363 I artd    : GetBestInfo: /data/user_de/0/com.google.android.gms/app_chimera/m/00000007/MeasurementDynamite.apk has no usable artifacts
05-30 20:59:29.994  2694  5363 I artd    : GetBestInfo: /data/user_de/0/com.google.android.gms/app_chimera/m/00000014/dl-PlayCloudSearch.optional_261934100000.apk has no usable artifacts
05-30 20:59:33.352  1058  1290 D SatelliteController: iisInCarrierRoamingNbIotNtn: satellite is disabled
05-30 20:59:39.770 13019 13019 W dumpsys : Thread Pool max thread count is 0. Cannot cache binder as linkToDeath cannot be implemented. serviceName: package
05-30 20:59:39.809  2694  5363 I artd    : GetBestInfo: odex next to the dex file (/data/app/~~xtmiQYQCmH6y9KZRtRp03w==/com.google.android.gms-Axd_vYzfZDoVi52FAiUC_g==/oat/arm64/base.odex) is kOatUpToDate with filter 'speed-profile' executable 'false'
05-30 20:59:39.811  2694  5363 I artd    : GetBestInfo: odex next to the dex file (/data/app/~~xtmiQYQCmH6y9KZRtRp03w==/com.google.android.gms-Axd_vYzfZDoVi52FAiUC_g==/oat/arm64/split_AdsDynamite_installtime.odex) is kOatUpToDate with filter 'speed' executable 'false'
05-30 20:59:39.813  2694  5363 I artd    : GetBestInfo: odex next to the dex file (/data/app/~~xtmiQYQCmH6y9KZRtRp03w==/com.google.android.gms-Axd_vYzfZDoVi52FAiUC_g==/oat/arm64/split_CronetDynamite_installtime.odex) is kOatUpToDate with filter 'speed-profile' executable 'false'
05-30 20:59:39.815  2694  5363 I artd    : GetBestInfo: odex next to the dex file (/data/app/~~xtmiQYQCmH6y9KZRtRp03w==/com.google.android.gms-Axd_vYzfZDoVi52FAiUC_g==/oat/arm64/split_DynamiteLoader_installtime.odex) is kOatUpToDate with filter 'speed' executable 'false'
05-30 20:59:39.816  2694  5363 I artd    : GetBestInfo: odex next to the dex file (/data/app/~~xtmiQYQCmH6y9KZRtRp03w==/com.google.android.gms-Axd_vYzfZDoVi52FAiUC_g==/oat/arm64/split_DynamiteModulesA_installtime.odex) is kOatUpToDate with filter 'speed' executable 'false'
05-30 20:59:39.818  2694  5363 I artd    : GetBestInfo: odex next to the dex file (/data/app/~~xtmiQYQCmH6y9KZRtRp03w==/com.google.android.gms-Axd_vYzfZDoVi52FAiUC_g==/oat/arm64/split_DynamiteModulesC_installtime.odex) is kOatUpToDate with filter 'speed' executable 'false'
05-30 20:59:39.820  2694  5363 I artd    : GetBestInfo: odex next to the dex file (/data/app/~~xtmiQYQCmH6y9KZRtRp03w==/com.google.android.gms-Axd_vYzfZDoVi52FAiUC_g==/oat/arm64/split_GoogleCertificates_installtime.odex) is kOatUpToDate with filter 'speed' executable 'false'
05-30 20:59:39.822  2694  5363 I artd    : GetBestInfo: odex next to the dex file (/data/app/~~xtmiQYQCmH6y9KZRtRp03w==/com.google.android.gms-Axd_vYzfZDoVi52FAiUC_g==/oat/arm64/split_MapsDynamite_installtime.odex) is kOatUpToDate with filter 'speed' executable 'false'
05-30 20:59:39.825  2694  5363 I artd    : GetBestInfo: odex next to the dex file (/data/app/~~xtmiQYQCmH6y9KZRtRp03w==/com.google.android.gms-Axd_vYzfZDoVi52FAiUC_g==/oat/arm64/split_MeasurementDynamite_installtime.odex) is kOatUpToDate with filter 'speed' executable 'false'
05-30 20:59:39.825  2694  5363 I artd    : GetBestInfo: /data/user_de/0/com.google.android.gms/app_chimera/m/00000001/CronetDynamite.apk has no usable artifacts
05-30 20:59:39.827  2694  5363 I artd    : GetBestInfo: /data/user_de/0/com.google.android.gms/app_chimera/m/00000010/dl-MlkitOcrCommon.optional_261934100400.apk has no usable artifacts
05-30 20:59:39.827  2694  5363 I artd    : GetBestInfo: /data/user_de/0/com.google.android.gms/app_chimera/m/00000002/DynamiteLoader.apk has no usable artifacts
05-30 20:59:39.827  2694  5363 I artd    : GetBestInfo: /data/user_de/0/com.google.android.gms/app_chimera/m/00000005/GoogleCertificates.apk has no usable artifacts
05-30 20:59:39.829  2694  5363 I artd    : GetBestInfo: /data/user_de/0/com.google.android.gms/app_chimera/m/00000009/dl-Appsearch.optional_250834100400.apk has no usable artifacts
05-30 20:59:39.830  2694  5363 I artd    : GetBestInfo: /data/user_de/0/com.google.android.gms/app_chimera/m/00000015/dl-IdentityCredentialsPlatform.optional_261934100400.apk has no usable artifacts
05-30 20:59:39.831  2694  5363 I artd    : GetBestInfo: /data/user_de/0/com.google.android.gms/app_chimera/m/0000000c/dl-TfliteDynamiteDynamite.integ_260580502100400.apk has no usable artifacts
05-30 20:59:39.833  2694  5363 I artd    : GetBestInfo: vdex next to the dex file (/data/user/0/com.google.android.gms/app_dg_cache/9D5BCED7935D64431BF672B8BBD597199833CA19/oat/arm64/the.vdex) is kOatUpToDate with filter 'verify' executable 'false'
05-30 20:59:39.834  2694  5363 I artd    : GetBestInfo: /data/user_de/0/com.google.android.gms/app_chimera/m/00000012/dl-MlkitBarcodeUi.optional_261934100400.apk has no usable artifacts
05-30 20:59:39.836  2694  5363 I artd    : GetBestInfo: /data/user_de/0/com.google.android.gms/app_chimera/m/0000000a/dl-MlkitBarcodeUi.optional_250834100400.apk has no usable artifacts
05-30 20:59:39.838  2694  5363 I artd    : GetBestInfo: /data/user_de/0/com.google.android.gms/app_chimera/m/00000013/dl-Appsearch.optional_261934100400.apk has no usable artifacts
05-30 20:59:39.840  2694  5363 I artd    : GetBestInfo: /data/user_de/0/com.google.android.gms/app_chimera/m/0000000e/dl-VisionOcr.optional_261934100000.apk has no usable artifacts
05-30 20:59:39.841  2694  5363 I artd    : GetBestInfo: /data/user_de/0/com.google.android.gms/app_chimera/m/00000007/MeasurementDynamite.apk has no usable artifacts
05-30 20:59:39.842  2694  5363 I artd    : GetBestInfo: /data/user_de/0/com.google.android.gms/app_chimera/m/00000014/dl-PlayCloudSearch.optional_261934100000.apk has no usable artifacts
05-30 20:59:43.353  1058  1290 D SatelliteController: iisInCarrierRoamingNbIotNtn: satellite is disabled
05-30 20:59:49.771 13022 13022 W dumpsys : Thread Pool max thread count is 0. Cannot cache binder as linkToDeath cannot be implemented. serviceName: package
05-30 20:59:49.834  2694  5363 I artd    : GetBestInfo: odex next to the dex file (/data/app/~~xtmiQYQCmH6y9KZRtRp03w==/com.google.android.gms-Axd_vYzfZDoVi52FAiUC_g==/oat/arm64/base.odex) is kOatUpToDate with filter 'speed-profile' executable 'false'
05-30 20:59:49.836  2694  5363 I artd    : GetBestInfo: odex next to the dex file (/data/app/~~xtmiQYQCmH6y9KZRtRp03w==/com.google.android.gms-Axd_vYzfZDoVi52FAiUC_g==/oat/arm64/split_AdsDynamite_installtime.odex) is kOatUpToDate with filter 'speed' executable 'false'
05-30 20:59:49.838  2694  5363 I artd    : GetBestInfo: odex next to the dex file (/data/app/~~xtmiQYQCmH6y9KZRtRp03w==/com.google.android.gms-Axd_vYzfZDoVi52FAiUC_g==/oat/arm64/split_CronetDynamite_installtime.odex) is kOatUpToDate with filter 'speed-profile' executable 'false'
05-30 20:59:49.839  2694  5363 I artd    : GetBestInfo: odex next to the dex file (/data/app/~~xtmiQYQCmH6y9KZRtRp03w==/com.google.android.gms-Axd_vYzfZDoVi52FAiUC_g==/oat/arm64/split_DynamiteLoader_installtime.odex) is kOatUpToDate with filter 'speed' executable 'false'
05-30 20:59:49.841  2694  5363 I artd    : GetBestInfo: odex next to the dex file (/data/app/~~xtmiQYQCmH6y9KZRtRp03w==/com.google.android.gms-Axd_vYzfZDoVi52FAiUC_g==/oat/arm64/split_DynamiteModulesA_installtime.odex) is kOatUpToDate with filter 'speed' executable 'false'
05-30 20:59:49.843  2694  5363 I artd    : GetBestInfo: odex next to the dex file (/data/app/~~xtmiQYQCmH6y9KZRtRp03w==/com.google.android.gms-Axd_vYzfZDoVi52FAiUC_g==/oat/arm64/split_DynamiteModulesC_installtime.odex) is kOatUpToDate with filter 'speed' executable 'false'
05-30 20:59:49.845  2694  5363 I artd    : GetBestInfo: odex next to the dex file (/data/app/~~xtmiQYQCmH6y9KZRtRp03w==/com.google.android.gms-Axd_vYzfZDoVi52FAiUC_g==/oat/arm64/split_GoogleCertificates_installtime.odex) is kOatUpToDate with filter 'speed' executable 'false'
05-30 20:59:49.847  2694  5363 I artd    : GetBestInfo: odex next to the dex file (/data/app/~~xtmiQYQCmH6y9KZRtRp03w==/com.google.android.gms-Axd_vYzfZDoVi52FAiUC_g==/oat/arm64/split_MapsDynamite_installtime.odex) is kOatUpToDate with filter 'speed' executable 'false'
05-30 20:59:49.849  2694  5363 I artd    : GetBestInfo: odex next to the dex file (/data/app/~~xtmiQYQCmH6y9KZRtRp03w==/com.google.android.gms-Axd_vYzfZDoVi52FAiUC_g==/oat/arm64/split_MeasurementDynamite_installtime.odex) is kOatUpToDate with filter 'speed' executable 'false'
05-30 20:59:49.850  2694  5363 I artd    : GetBestInfo: /data/user_de/0/com.google.android.gms/app_chimera/m/00000001/CronetDynamite.apk has no usable artifacts
05-30 20:59:49.851  2694  5363 I artd    : GetBestInfo: /data/user_de/0/com.google.android.gms/app_chimera/m/00000010/dl-MlkitOcrCommon.optional_261934100400.apk has no usable artifacts
05-30 20:59:49.851  2694  5363 I artd    : GetBestInfo: /data/user_de/0/com.google.android.gms/app_chimera/m/00000002/DynamiteLoader.apk has no usable artifacts
05-30 20:59:49.852  2694  5363 I artd    : GetBestInfo: /data/user_de/0/com.google.android.gms/app_chimera/m/00000005/GoogleCertificates.apk has no usable artifacts
05-30 20:59:49.853  2694  5363 I artd    : GetBestInfo: /data/user_de/0/com.google.android.gms/app_chimera/m/00000009/dl-Appsearch.optional_250834100400.apk has no usable artifacts
05-30 20:59:49.855  2694  5363 I artd    : GetBestInfo: /data/user_de/0/com.google.android.gms/app_chimera/m/00000015/dl-IdentityCredentialsPlatform.optional_261934100400.apk has no usable artifacts
05-30 20:59:49.856  2694  5363 I artd    : GetBestInfo: /data/user_de/0/com.google.android.gms/app_chimera/m/0000000c/dl-TfliteDynamiteDynamite.integ_260580502100400.apk has no usable artifacts
05-30 20:59:49.858  2694  5363 I artd    : GetBestInfo: vdex next to the dex file (/data/user/0/com.google.android.gms/app_dg_cache/9D5BCED7935D64431BF672B8BBD597199833CA19/oat/arm64/the.vdex) is kOatUpToDate with filter 'verify' executable 'false'
05-30 20:59:49.860  2694  5363 I artd    : GetBestInfo: /data/user_de/0/com.google.android.gms/app_chimera/m/00000012/dl-MlkitBarcodeUi.optional_261934100400.apk has no usable artifacts
05-30 20:59:49.862  2694  5363 I artd    : GetBestInfo: /data/user_de/0/com.google.android.gms/app_chimera/m/0000000a/dl-MlkitBarcodeUi.optional_250834100400.apk has no usable artifacts
05-30 20:59:49.864  2694  5363 I artd    : GetBestInfo: /data/user_de/0/com.google.android.gms/app_chimera/m/00000013/dl-Appsearch.optional_261934100400.apk has no usable artifacts
05-30 20:59:49.865  2694  5363 I artd    : GetBestInfo: /data/user_de/0/com.google.android.gms/app_chimera/m/0000000e/dl-VisionOcr.optional_261934100000.apk has no usable artifacts
05-30 20:59:49.866  2694  5363 I artd    : GetBestInfo: /data/user_de/0/com.google.android.gms/app_chimera/m/00000007/MeasurementDynamite.apk has no usable artifacts
05-30 20:59:49.868  2694  5363 I artd    : GetBestInfo: /data/user_de/0/com.google.android.gms/app_chimera/m/00000014/dl-PlayCloudSearch.optional_261934100000.apk has no usable artifacts
05-30 20:59:53.353  1058  1290 D SatelliteController: iisInCarrierRoamingNbIotNtn: satellite is disabled
05-30 20:59:55.101  1415  2591 I PhenotypeProcessReaper: Memory state is: 200
05-30 20:59:58.027   693   789 I UsageStatsService: User[0] Flushing usage stats to disk
05-30 20:59:58.103   693   905 D BackgroundInstallControlService: Package event received: 0
05-30 20:59:58.269   693   706 I system_server: Background concurrent mark compact GC freed 23MB AllocSpace bytes, 11(284KB) LOS objects, 42% free, 31MB/55MB, paused 3.398ms,2.220ms total 242.473ms
05-30 20:59:59.832 13026 13026 W dumpsys : Thread Pool max thread count is 0. Cannot cache binder as linkToDeath cannot be implemented. serviceName: package
05-30 21:00:00.428 12713 12713 I Choreographer: Skipped 34 frames!  The application may be doing too much work on its main thread.
05-30 21:00:00.519  1566  1849 I bdee    : (REDACTED) getHotwordActive::active query: %s, watch: %s, devices connected: %s
05-30 21:00:00.531   693   730 D ActivityManager: sync unfroze 1193 com.android.settings for 3
05-30 21:00:00.582   693   693 W Looper  : Slow dispatch took 188ms main app=system_server main=true group=FOREGROUND h=com.android.server.alarm.AlarmManagerService$AlarmHandler c=com.android.server.alarm.AlarmManagerService$2$$ExternalSyntheticLambda0@7b1d0b4 m=0
05-30 21:00:00.582   693   693 W Looper  : Slow delivery took 202ms main app=system_server main=true group=FOREGROUND h=com.android.server.power.Notifier$NotifierHandler c=null m=7
05-30 21:00:00.658   693   730 D ActivityManager: sync unfroze 4509 com.android.keychain for 10
05-30 21:00:00.658   693   730 D ActivityManager: sync unfroze 3224 com.android.dynsystem:dynsystem for 10
05-30 21:00:00.809   693   722 W Looper  : Slow dispatch took 149ms android.ui app=system_server main=false group=TOP_APP h=com.android.server.am.ActivityManagerService$UiHandler c=null m=68
05-30 21:00:01.061   693   693 W Looper  : Drained
05-30 21:00:01.064   693   693 W Looper  : Slow dispatch took 234ms main app=system_server main=true group=FOREGROUND h=android.app.ActivityThread$H c=android.app.LoadedApk$ReceiverDispatcher$Args$$ExternalSyntheticLambda0@367e9ce m=0
05-30 21:00:01.115  2694  5363 I artd    : GetBestInfo: odex next to the dex file (/data/app/~~xtmiQYQCmH6y9KZRtRp03w==/com.google.android.gms-Axd_vYzfZDoVi52FAiUC_g==/oat/arm64/base.odex) is kOatUpToDate with filter 'speed-profile' executable 'false'
05-30 21:00:01.166  2694  5363 I artd    : GetBestInfo: odex next to the dex file (/data/app/~~xtmiQYQCmH6y9KZRtRp03w==/com.google.android.gms-Axd_vYzfZDoVi52FAiUC_g==/oat/arm64/split_AdsDynamite_installtime.odex) is kOatUpToDate with filter 'speed' executable 'false'
05-30 21:00:01.244  2694  5363 I artd    : GetBestInfo: odex next to the dex file (/data/app/~~xtmiQYQCmH6y9KZRtRp03w==/com.google.android.gms-Axd_vYzfZDoVi52FAiUC_g==/oat/arm64/split_CronetDynamite_installtime.odex) is kOatUpToDate with filter 'speed-profile' executable 'false'
05-30 21:00:01.272  2694  2738 I artd    : GetBestInfo: odex next to the dex file (/data/app/~~xtmiQYQCmH6y9KZRtRp03w==/com.google.android.gms-Axd_vYzfZDoVi52FAiUC_g==/oat/arm64/split_DynamiteLoader_installtime.odex) is kOatUpToDate with filter 'speed' executable 'false'
05-30 21:00:01.274  2694  2738 I artd    : GetBestInfo: odex next to the dex file (/data/app/~~xtmiQYQCmH6y9KZRtRp03w==/com.google.android.gms-Axd_vYzfZDoVi52FAiUC_g==/oat/arm64/split_DynamiteModulesA_installtime.odex) is kOatUpToDate with filter 'speed' executable 'false'
05-30 21:00:01.276  2694  2738 I artd    : GetBestInfo: odex next to the dex file (/data/app/~~xtmiQYQCmH6y9KZRtRp03w==/com.google.android.gms-Axd_vYzfZDoVi52FAiUC_g==/oat/arm64/split_DynamiteModulesC_installtime.odex) is kOatUpToDate with filter 'speed' executable 'false'
05-30 21:00:01.281  2694  2738 I artd    : GetBestInfo: odex next to the dex file (/data/app/~~xtmiQYQCmH6y9KZRtRp03w==/com.google.android.gms-Axd_vYzfZDoVi52FAiUC_g==/oat/arm64/split_GoogleCertificates_installtime.odex) is kOatUpToDate with filter 'speed' executable 'false'
05-30 21:00:01.285  2694  2738 I artd    : GetBestInfo: odex next to the dex file (/data/app/~~xtmiQYQCmH6y9KZRtRp03w==/com.google.android.gms-Axd_vYzfZDoVi52FAiUC_g==/oat/arm64/split_MapsDynamite_installtime.odex) is kOatUpToDate with filter 'speed' executable 'false'
05-30 21:00:01.288   953  1744 I HWUI    : Davey! duration=857ms; Flags=0, FrameTimelineVsyncId=1336360, IntendedVsync=12219428273820, Vsync=12219578273814, InputEventId=0, HandleInputStart=12219602289860, AnimationStart=12219602290985, PerformTraversalsStart=12219602291151, DrawStart=12219631371651, FrameDeadline=12219444940486, FrameStartTime=12219586688568, FrameInterval=16666666, WorkloadTarget=16666666, SyncQueued=12219631536776, SyncStart=12219641091735, IssueDrawCommandsStart=12219641399568, SwapBuffers=12220077662777, FrameCompleted=12220295265277, DequeueBufferDuration=3583, QueueBufferDuration=14584542, GpuCompleted=12220295265277, SwapBuffersCompleted=12220219207652, DisplayPresentTime=0, CommandSubmissionCompleted=12220077662777, 
05-30 21:00:01.289  2694  2738 I artd    : GetBestInfo: odex next to the dex file (/data/app/~~xtmiQYQCmH6y9KZRtRp03w==/com.google.android.gms-Axd_vYzfZDoVi52FAiUC_g==/oat/arm64/split_MeasurementDynamite_installtime.odex) is kOatUpToDate with filter 'speed' executable 'false'
05-30 21:00:01.291  2694  2738 I artd    : GetBestInfo: /data/user_de/0/com.google.android.gms/app_chimera/m/00000001/CronetDynamite.apk has no usable artifacts
05-30 21:00:01.292  2694  2738 I artd    : GetBestInfo: /data/user_de/0/com.google.android.gms/app_chimera/m/00000010/dl-MlkitOcrCommon.optional_261934100400.apk has no usable artifacts
05-30 21:00:01.293  2694  2738 I artd    : GetBestInfo: /data/user_de/0/com.google.android.gms/app_chimera/m/00000002/DynamiteLoader.apk has no usable artifacts
05-30 21:00:01.294  2694  2738 I artd    : GetBestInfo: /data/user_de/0/com.google.android.gms/app_chimera/m/00000005/GoogleCertificates.apk has no usable artifacts
05-30 21:00:01.296  2694  2738 I artd    : GetBestInfo: /data/user_de/0/com.google.android.gms/app_chimera/m/00000009/dl-Appsearch.optional_250834100400.apk has no usable artifacts
05-30 21:00:01.298  2694  2738 I artd    : GetBestInfo: /data/user_de/0/com.google.android.gms/app_chimera/m/00000015/dl-IdentityCredentialsPlatform.optional_261934100400.apk has no usable artifacts
05-30 21:00:01.299  2694  2738 I artd    : GetBestInfo: /data/user_de/0/com.google.android.gms/app_chimera/m/0000000c/dl-TfliteDynamiteDynamite.integ_260580502100400.apk has no usable artifacts
05-30 21:00:01.302  2694  2738 I artd    : GetBestInfo: vdex next to the dex file (/data/user/0/com.google.android.gms/app_dg_cache/9D5BCED7935D64431BF672B8BBD597199833CA19/oat/arm64/the.vdex) is kOatUpToDate with filter 'verify' executable 'false'
05-30 21:00:01.303  2694  2738 I artd    : GetBestInfo: /data/user_de/0/com.google.android.gms/app_chimera/m/00000012/dl-MlkitBarcodeUi.optional_261934100400.apk has no usable artifacts
05-30 21:00:01.305  2694  2738 I artd    : GetBestInfo: /data/user_de/0/com.google.android.gms/app_chimera/m/0000000a/dl-MlkitBarcodeUi.optional_250834100400.apk has no usable artifacts
05-30 21:00:01.307  2694  2738 I artd    : GetBestInfo: /data/user_de/0/com.google.android.gms/app_chimera/m/00000013/dl-Appsearch.optional_261934100400.apk has no usable artifacts
05-30 21:00:01.308  2694  2738 I artd    : GetBestInfo: /data/user_de/0/com.google.android.gms/app_chimera/m/0000000e/dl-VisionOcr.optional_261934100000.apk has no usable artifacts
05-30 21:00:01.310  2694  2738 I artd    : GetBestInfo: /data/user_de/0/com.google.android.gms/app_chimera/m/00000007/MeasurementDynamite.apk has no usable artifacts
05-30 21:00:01.311  2694  2738 I artd    : GetBestInfo: /data/user_de/0/com.google.android.gms/app_chimera/m/00000014/dl-PlayCloudSearch.optional_261934100000.apk has no usable artifacts
05-30 21:00:01.508  1193  1193 D PeriodicJobReceiver: refresh periodic job from action=com.android.settings.battery.action.PERIODIC_JOB_UPDATE
05-30 21:00:01.508  1193  9634 D BatteryUsageDataLoader: loadUsageDataSafely() in the AsyncTask
05-30 21:00:01.523  1193  1193 D PeriodicJobManager: schedule next alarm job at May 30, 2026, 22:00:00
05-30 21:00:01.523   693   740 E BluetoothPowerStatsCollector: Cannot acquire BluetoothActivityEnergyInfo
05-30 21:00:01.523   693   740 E BluetoothPowerStatsCollector: java.util.concurrent.ExecutionException: java.lang.RuntimeException: error: 11
05-30 21:00:01.523   693   740 E BluetoothPowerStatsCollector: 	at java.util.concurrent.CompletableFuture.reportGet(CompletableFuture.java:372)
05-30 21:00:01.523   693   740 E BluetoothPowerStatsCollector: 	at java.util.concurrent.CompletableFuture.get(CompletableFuture.java:2072)
05-30 21:00:01.523   693   740 E BluetoothPowerStatsCollector: 	at com.android.server.power.stats.BluetoothPowerStatsCollector.collectBluetoothActivityInfo(BluetoothPowerStatsCollector.java:192)
05-30 21:00:01.523   693   740 E BluetoothPowerStatsCollector: 	at com.android.server.power.stats.BluetoothPowerStatsCollector.collectStats(BluetoothPowerStatsCollector.java:155)
05-30 21:00:01.523   693   740 E BluetoothPowerStatsCollector: 	at com.android.server.power.stats.PowerStatsCollector.collectAndDeliverStats(PowerStatsCollector.java:176)
05-30 21:00:01.523   693   740 E BluetoothPowerStatsCollector: 	at com.android.server.power.stats.PowerStatsCollector$$ExternalSyntheticLambda0.run(R8$$SyntheticClass:0)
05-30 21:00:01.523   693   740 E BluetoothPowerStatsCollector: 	at android.os.Handler.handleCallback(Handler.java:995)
05-30 21:00:01.523   693   740 E BluetoothPowerStatsCollector: 	at android.os.Handler.dispatchMessage(Handler.java:103)
05-30 21:00:01.523   693   740 E BluetoothPowerStatsCollector: 	at android.os.Looper.loopOnce(Looper.java:248)
05-30 21:00:01.523   693   740 E BluetoothPowerStatsCollector: 	at android.os.Looper.loop(Looper.java:338)
05-30 21:00:01.523   693   740 E BluetoothPowerStatsCollector: 	at android.os.HandlerThread.run(HandlerThread.java:85)
05-30 21:00:01.523   693   740 E BluetoothPowerStatsCollector: Caused by: java.lang.RuntimeException: error: 11
05-30 21:00:01.523   693   740 E BluetoothPowerStatsCollector: 	at com.android.server.power.stats.BluetoothPowerStatsCollector$1.onBluetoothActivityEnergyInfoError(BluetoothPowerStatsCollector.java:181)
05-30 21:00:01.523   693   740 E BluetoothPowerStatsCollector: 	at android.bluetooth.BluetoothAdapter$OnBluetoothActivityEnergyInfoProxy.lambda$onBluetoothActivityEnergyInfoAvailable$0(BluetoothAdapter.java:1037)
05-30 21:00:01.523   693   740 E BluetoothPowerStatsCollector: 	at android.bluetooth.BluetoothAdapter$OnBluetoothActivityEnergyInfoProxy$$ExternalSyntheticLambda1.run(D8$$SyntheticClass:0)
05-30 21:00:01.523   693   740 E BluetoothPowerStatsCollector: 	at android.bluetooth.BluetoothUtils.lambda$executeFromBinder$0(BluetoothUtils.java:343)
05-30 21:00:01.523   693   740 E BluetoothPowerStatsCollector: 	at android.bluetooth.BluetoothUtils$$ExternalSyntheticLambda1.run(D8$$SyntheticClass:0)
05-30 21:00:01.523   693   740 E BluetoothPowerStatsCollector: 	at com.android.server.SystemServerInitThreadPool$$ExternalSyntheticLambda0.execute(R8$$SyntheticClass:0)
05-30 21:00:01.523   693   740 E BluetoothPowerStatsCollector: 	at android.bluetooth.BluetoothUtils.executeFromBinder(BluetoothUtils.java:343)
05-30 21:00:01.523   693   740 E BluetoothPowerStatsCollector: 	at android.bluetooth.BluetoothAdapter$OnBluetoothActivityEnergyInfoProxy.onBluetoothActivityEnergyInfoAvailable(BluetoothAdapter.java:1035)
05-30 21:00:01.523   693   740 E BluetoothPowerStatsCollector: 	at android.bluetooth.IBluetoothActivityEnergyInfoListener$Stub.onTransact(IBluetoothActivityEnergyInfoListener.java:98)
