05-30 21:01:09.988  2694  4736 I artd    : GetBestInfo: odex next to the dex file (/data/app/~~xtmiQYQCmH6y9KZRtRp03w==/com.google.android.gms-Axd_vYzfZDoVi52FAiUC_g==/oat/arm64/split_MeasurementDynamite_installtime.odex) is kOatUpToDate with filter 'speed' executable 'false'
05-30 21:01:09.989  2694  4736 I artd    : GetBestInfo: /data/user_de/0/com.google.android.gms/app_chimera/m/00000001/CronetDynamite.apk has no usable artifacts
05-30 21:01:09.991  2694  4736 I artd    : GetBestInfo: /data/user_de/0/com.google.android.gms/app_chimera/m/00000010/dl-MlkitOcrCommon.optional_261934100400.apk has no usable artifacts
05-30 21:01:09.992  2694  4736 I artd    : GetBestInfo: /data/user_de/0/com.google.android.gms/app_chimera/m/00000002/DynamiteLoader.apk has no usable artifacts
05-30 21:01:09.993  2694  4736 I artd    : GetBestInfo: /data/user_de/0/com.google.android.gms/app_chimera/m/00000005/GoogleCertificates.apk has no usable artifacts
05-30 21:01:09.995  2694  4736 I artd    : GetBestInfo: /data/user_de/0/com.google.android.gms/app_chimera/m/00000009/dl-Appsearch.optional_250834100400.apk has no usable artifacts
05-30 21:01:09.997  2694  4736 I artd    : GetBestInfo: /data/user_de/0/com.google.android.gms/app_chimera/m/00000015/dl-IdentityCredentialsPlatform.optional_261934100400.apk has no usable artifacts
05-30 21:01:10.000  2694  4736 I artd    : GetBestInfo: /data/user_de/0/com.google.android.gms/app_chimera/m/0000000c/dl-TfliteDynamiteDynamite.integ_260580502100400.apk has no usable artifacts
05-30 21:01:10.004  2694  4736 I artd    : GetBestInfo: vdex next to the dex file (/data/user/0/com.google.android.gms/app_dg_cache/9D5BCED7935D64431BF672B8BBD597199833CA19/oat/arm64/the.vdex) is kOatUpToDate with filter 'verify' executable 'false'
05-30 21:01:10.007  2694  4736 I artd    : GetBestInfo: /data/user_de/0/com.google.android.gms/app_chimera/m/00000012/dl-MlkitBarcodeUi.optional_261934100400.apk has no usable artifacts
05-30 21:01:10.009  2694  4736 I artd    : GetBestInfo: /data/user_de/0/com.google.android.gms/app_chimera/m/0000000a/dl-MlkitBarcodeUi.optional_250834100400.apk has no usable artifacts
05-30 21:01:10.012  2694  4736 I artd    : GetBestInfo: /data/user_de/0/com.google.android.gms/app_chimera/m/00000013/dl-Appsearch.optional_261934100400.apk has no usable artifacts
05-30 21:01:10.018  2694  4736 I artd    : GetBestInfo: /data/user_de/0/com.google.android.gms/app_chimera/m/0000000e/dl-VisionOcr.optional_261934100000.apk has no usable artifacts
05-30 21:01:10.022  2694  4736 I artd    : GetBestInfo: /data/user_de/0/com.google.android.gms/app_chimera/m/00000007/MeasurementDynamite.apk has no usable artifacts
05-30 21:01:10.024  2694  4736 I artd    : GetBestInfo: /data/user_de/0/com.google.android.gms/app_chimera/m/00000014/dl-PlayCloudSearch.optional_261934100000.apk has no usable artifacts
05-30 21:01:14.029  1058  1290 D SatelliteController: iisInCarrierRoamingNbIotNtn: satellite is disabled
05-30 21:01:19.884 13055 13055 W dumpsys : Thread Pool max thread count is 0. Cannot cache binder as linkToDeath cannot be implemented. serviceName: package
05-30 21:01:20.077  2694  4736 I artd    : GetBestInfo: odex next to the dex file (/data/app/~~xtmiQYQCmH6y9KZRtRp03w==/com.google.android.gms-Axd_vYzfZDoVi52FAiUC_g==/oat/arm64/base.odex) is kOatUpToDate with filter 'speed-profile' executable 'false'
05-30 21:01:20.080  2694  4736 I artd    : GetBestInfo: odex next to the dex file (/data/app/~~xtmiQYQCmH6y9KZRtRp03w==/com.google.android.gms-Axd_vYzfZDoVi52FAiUC_g==/oat/arm64/split_AdsDynamite_installtime.odex) is kOatUpToDate with filter 'speed' executable 'false'
05-30 21:01:20.084  2694  4736 I artd    : GetBestInfo: odex next to the dex file (/data/app/~~xtmiQYQCmH6y9KZRtRp03w==/com.google.android.gms-Axd_vYzfZDoVi52FAiUC_g==/oat/arm64/split_CronetDynamite_installtime.odex) is kOatUpToDate with filter 'speed-profile' executable 'false'
05-30 21:01:20.091  2694  4736 I artd    : GetBestInfo: odex next to the dex file (/data/app/~~xtmiQYQCmH6y9KZRtRp03w==/com.google.android.gms-Axd_vYzfZDoVi52FAiUC_g==/oat/arm64/split_DynamiteLoader_installtime.odex) is kOatUpToDate with filter 'speed' executable 'false'
05-30 21:01:20.093  2694  4736 I artd    : GetBestInfo: odex next to the dex file (/data/app/~~xtmiQYQCmH6y9KZRtRp03w==/com.google.android.gms-Axd_vYzfZDoVi52FAiUC_g==/oat/arm64/split_DynamiteModulesA_installtime.odex) is kOatUpToDate with filter 'speed' executable 'false'
05-30 21:01:20.102  2694  4736 I artd    : GetBestInfo: odex next to the dex file (/data/app/~~xtmiQYQCmH6y9KZRtRp03w==/com.google.android.gms-Axd_vYzfZDoVi52FAiUC_g==/oat/arm64/split_DynamiteModulesC_installtime.odex) is kOatUpToDate with filter 'speed' executable 'false'
05-30 21:01:20.109  2694  4736 I artd    : GetBestInfo: odex next to the dex file (/data/app/~~xtmiQYQCmH6y9KZRtRp03w==/com.google.android.gms-Axd_vYzfZDoVi52FAiUC_g==/oat/arm64/split_GoogleCertificates_installtime.odex) is kOatUpToDate with filter 'speed' executable 'false'
05-30 21:01:20.119  2694  4736 I artd    : GetBestInfo: odex next to the dex file (/data/app/~~xtmiQYQCmH6y9KZRtRp03w==/com.google.android.gms-Axd_vYzfZDoVi52FAiUC_g==/oat/arm64/split_MapsDynamite_installtime.odex) is kOatUpToDate with filter 'speed' executable 'false'
05-30 21:01:20.133  2694  4736 I artd    : GetBestInfo: odex next to the dex file (/data/app/~~xtmiQYQCmH6y9KZRtRp03w==/com.google.android.gms-Axd_vYzfZDoVi52FAiUC_g==/oat/arm64/split_MeasurementDynamite_installtime.odex) is kOatUpToDate with filter 'speed' executable 'false'
05-30 21:01:20.135  2694  4736 I artd    : GetBestInfo: /data/user_de/0/com.google.android.gms/app_chimera/m/00000001/CronetDynamite.apk has no usable artifacts
05-30 21:01:20.158  2694  4736 I artd    : GetBestInfo: /data/user_de/0/com.google.android.gms/app_chimera/m/00000010/dl-MlkitOcrCommon.optional_261934100400.apk has no usable artifacts
05-30 21:01:20.160  2694  4736 I artd    : GetBestInfo: /data/user_de/0/com.google.android.gms/app_chimera/m/00000002/DynamiteLoader.apk has no usable artifacts
05-30 21:01:20.167  2694  4736 I artd    : GetBestInfo: /data/user_de/0/com.google.android.gms/app_chimera/m/00000005/GoogleCertificates.apk has no usable artifacts
05-30 21:01:20.169  2694  4736 I artd    : GetBestInfo: /data/user_de/0/com.google.android.gms/app_chimera/m/00000009/dl-Appsearch.optional_250834100400.apk has no usable artifacts
05-30 21:01:20.176  2694  4736 I artd    : GetBestInfo: /data/user_de/0/com.google.android.gms/app_chimera/m/00000015/dl-IdentityCredentialsPlatform.optional_261934100400.apk has no usable artifacts
05-30 21:01:20.178  2694  4736 I artd    : GetBestInfo: /data/user_de/0/com.google.android.gms/app_chimera/m/0000000c/dl-TfliteDynamiteDynamite.integ_260580502100400.apk has no usable artifacts
05-30 21:01:20.199  2694  4736 I artd    : GetBestInfo: vdex next to the dex file (/data/user/0/com.google.android.gms/app_dg_cache/9D5BCED7935D64431BF672B8BBD597199833CA19/oat/arm64/the.vdex) is kOatUpToDate with filter 'verify' executable 'false'
05-30 21:01:20.227  2694  4736 I artd    : GetBestInfo: /data/user_de/0/com.google.android.gms/app_chimera/m/00000012/dl-MlkitBarcodeUi.optional_261934100400.apk has no usable artifacts
05-30 21:01:20.266  2694  4736 I artd    : GetBestInfo: /data/user_de/0/com.google.android.gms/app_chimera/m/0000000a/dl-MlkitBarcodeUi.optional_250834100400.apk has no usable artifacts
05-30 21:01:20.281  2694  4736 I artd    : GetBestInfo: /data/user_de/0/com.google.android.gms/app_chimera/m/00000013/dl-Appsearch.optional_261934100400.apk has no usable artifacts
05-30 21:01:20.286  2694  4736 I artd    : GetBestInfo: /data/user_de/0/com.google.android.gms/app_chimera/m/0000000e/dl-VisionOcr.optional_261934100000.apk has no usable artifacts
05-30 21:01:20.291  2694  4736 I artd    : GetBestInfo: /data/user_de/0/com.google.android.gms/app_chimera/m/00000007/MeasurementDynamite.apk has no usable artifacts
05-30 21:01:20.293  2694  4736 I artd    : GetBestInfo: /data/user_de/0/com.google.android.gms/app_chimera/m/00000014/dl-PlayCloudSearch.optional_261934100000.apk has no usable artifacts
05-30 21:01:24.026  1058  1290 D SatelliteController: iisInCarrierRoamingNbIotNtn: satellite is disabled
05-30 21:01:29.787 13058 13058 W dumpsys : Thread Pool max thread count is 0. Cannot cache binder as linkToDeath cannot be implemented. serviceName: package
05-30 21:01:29.906  2694  4736 I artd    : GetBestInfo: odex next to the dex file (/data/app/~~xtmiQYQCmH6y9KZRtRp03w==/com.google.android.gms-Axd_vYzfZDoVi52FAiUC_g==/oat/arm64/base.odex) is kOatUpToDate with filter 'speed-profile' executable 'false'
05-30 21:01:29.909  2694  4736 I artd    : GetBestInfo: odex next to the dex file (/data/app/~~xtmiQYQCmH6y9KZRtRp03w==/com.google.android.gms-Axd_vYzfZDoVi52FAiUC_g==/oat/arm64/split_AdsDynamite_installtime.odex) is kOatUpToDate with filter 'speed' executable 'false'
05-30 21:01:29.912  2694  4736 I artd    : GetBestInfo: odex next to the dex file (/data/app/~~xtmiQYQCmH6y9KZRtRp03w==/com.google.android.gms-Axd_vYzfZDoVi52FAiUC_g==/oat/arm64/split_CronetDynamite_installtime.odex) is kOatUpToDate with filter 'speed-profile' executable 'false'
05-30 21:01:29.914  2694  4736 I artd    : GetBestInfo: odex next to the dex file (/data/app/~~xtmiQYQCmH6y9KZRtRp03w==/com.google.android.gms-Axd_vYzfZDoVi52FAiUC_g==/oat/arm64/split_DynamiteLoader_installtime.odex) is kOatUpToDate with filter 'speed' executable 'false'
05-30 21:01:29.917  2694  4736 I artd    : GetBestInfo: odex next to the dex file (/data/app/~~xtmiQYQCmH6y9KZRtRp03w==/com.google.android.gms-Axd_vYzfZDoVi52FAiUC_g==/oat/arm64/split_DynamiteModulesA_installtime.odex) is kOatUpToDate with filter 'speed' executable 'false'
05-30 21:01:29.923  2694  4736 I artd    : GetBestInfo: odex next to the dex file (/data/app/~~xtmiQYQCmH6y9KZRtRp03w==/com.google.android.gms-Axd_vYzfZDoVi52FAiUC_g==/oat/arm64/split_DynamiteModulesC_installtime.odex) is kOatUpToDate with filter 'speed' executable 'false'
05-30 21:01:29.926  2694  4736 I artd    : GetBestInfo: odex next to the dex file (/data/app/~~xtmiQYQCmH6y9KZRtRp03w==/com.google.android.gms-Axd_vYzfZDoVi52FAiUC_g==/oat/arm64/split_GoogleCertificates_installtime.odex) is kOatUpToDate with filter 'speed' executable 'false'
05-30 21:01:29.932  2694  2738 I artd    : GetBestInfo: odex next to the dex file (/data/app/~~xtmiQYQCmH6y9KZRtRp03w==/com.google.android.gms-Axd_vYzfZDoVi52FAiUC_g==/oat/arm64/split_MapsDynamite_installtime.odex) is kOatUpToDate with filter 'speed' executable 'false'
05-30 21:01:29.935  2694  2738 I artd    : GetBestInfo: odex next to the dex file (/data/app/~~xtmiQYQCmH6y9KZRtRp03w==/com.google.android.gms-Axd_vYzfZDoVi52FAiUC_g==/oat/arm64/split_MeasurementDynamite_installtime.odex) is kOatUpToDate with filter 'speed' executable 'false'
05-30 21:01:29.940  2694  2738 I artd    : GetBestInfo: /data/user_de/0/com.google.android.gms/app_chimera/m/00000001/CronetDynamite.apk has no usable artifacts
05-30 21:01:29.944  2694  2738 I artd    : GetBestInfo: /data/user_de/0/com.google.android.gms/app_chimera/m/00000010/dl-MlkitOcrCommon.optional_261934100400.apk has no usable artifacts
05-30 21:01:29.949  2694  2738 I artd    : GetBestInfo: /data/user_de/0/com.google.android.gms/app_chimera/m/00000002/DynamiteLoader.apk has no usable artifacts
05-30 21:01:29.950  2694  2738 I artd    : GetBestInfo: /data/user_de/0/com.google.android.gms/app_chimera/m/00000005/GoogleCertificates.apk has no usable artifacts
05-30 21:01:29.951  2694  2738 I artd    : GetBestInfo: /data/user_de/0/com.google.android.gms/app_chimera/m/00000009/dl-Appsearch.optional_250834100400.apk has no usable artifacts
05-30 21:01:29.957  2694  2738 I artd    : GetBestInfo: /data/user_de/0/com.google.android.gms/app_chimera/m/00000015/dl-IdentityCredentialsPlatform.optional_261934100400.apk has no usable artifacts
05-30 21:01:29.960  2694  2738 I artd    : GetBestInfo: /data/user_de/0/com.google.android.gms/app_chimera/m/0000000c/dl-TfliteDynamiteDynamite.integ_260580502100400.apk has no usable artifacts
05-30 21:01:29.966  2694  2738 I artd    : GetBestInfo: vdex next to the dex file (/data/user/0/com.google.android.gms/app_dg_cache/9D5BCED7935D64431BF672B8BBD597199833CA19/oat/arm64/the.vdex) is kOatUpToDate with filter 'verify' executable 'false'
05-30 21:01:29.967  2694  2738 I artd    : GetBestInfo: /data/user_de/0/com.google.android.gms/app_chimera/m/00000012/dl-MlkitBarcodeUi.optional_261934100400.apk has no usable artifacts
05-30 21:01:29.976  2694  2738 I artd    : GetBestInfo: /data/user_de/0/com.google.android.gms/app_chimera/m/0000000a/dl-MlkitBarcodeUi.optional_250834100400.apk has no usable artifacts
05-30 21:01:29.979  2694  2738 I artd    : GetBestInfo: /data/user_de/0/com.google.android.gms/app_chimera/m/00000013/dl-Appsearch.optional_261934100400.apk has no usable artifacts
05-30 21:01:29.980  2694  2738 I artd    : GetBestInfo: /data/user_de/0/com.google.android.gms/app_chimera/m/0000000e/dl-VisionOcr.optional_261934100000.apk has no usable artifacts
05-30 21:01:29.982  2694  2738 I artd    : GetBestInfo: /data/user_de/0/com.google.android.gms/app_chimera/m/00000007/MeasurementDynamite.apk has no usable artifacts
05-30 21:01:29.985  2694  2738 I artd    : GetBestInfo: /data/user_de/0/com.google.android.gms/app_chimera/m/00000014/dl-PlayCloudSearch.optional_261934100000.apk has no usable artifacts
05-30 21:01:34.027  1058  1290 D SatelliteController: iisInCarrierRoamingNbIotNtn: satellite is disabled
05-30 21:01:39.119   693  2023 D WifiNl80211Manager: Scan result ready event
05-30 21:01:39.121   693  2023 D WifiNative: Scan result ready event
05-30 21:01:39.123  9727  9755 I WifiScanner: onFullResults
05-30 21:01:39.124  9727  9960 I WifiScanner: onFullResults
05-30 21:01:39.127   693   847 I HalDevMgr: bestIfaceCreationProposal is null, requestIface=STA, existingIface=[name=wlan0 type=STA]
05-30 21:01:39.822 13061 13061 W dumpsys : Thread Pool max thread count is 0. Cannot cache binder as linkToDeath cannot be implemented. serviceName: package
05-30 21:01:40.088  2694  2738 I artd    : GetBestInfo: odex next to the dex file (/data/app/~~xtmiQYQCmH6y9KZRtRp03w==/com.google.android.gms-Axd_vYzfZDoVi52FAiUC_g==/oat/arm64/base.odex) is kOatUpToDate with filter 'speed-profile' executable 'false'
05-30 21:01:40.092  2694  2738 I artd    : GetBestInfo: odex next to the dex file (/data/app/~~xtmiQYQCmH6y9KZRtRp03w==/com.google.android.gms-Axd_vYzfZDoVi52FAiUC_g==/oat/arm64/split_AdsDynamite_installtime.odex) is kOatUpToDate with filter 'speed' executable 'false'
05-30 21:01:40.097  2694  2738 I artd    : GetBestInfo: odex next to the dex file (/data/app/~~xtmiQYQCmH6y9KZRtRp03w==/com.google.android.gms-Axd_vYzfZDoVi52FAiUC_g==/oat/arm64/split_CronetDynamite_installtime.odex) is kOatUpToDate with filter 'speed-profile' executable 'false'
05-30 21:01:40.099  2694  2738 I artd    : GetBestInfo: odex next to the dex file (/data/app/~~xtmiQYQCmH6y9KZRtRp03w==/com.google.android.gms-Axd_vYzfZDoVi52FAiUC_g==/oat/arm64/split_DynamiteLoader_installtime.odex) is kOatUpToDate with filter 'speed' executable 'false'
05-30 21:01:40.108  2694  2738 I artd    : GetBestInfo: odex next to the dex file (/data/app/~~xtmiQYQCmH6y9KZRtRp03w==/com.google.android.gms-Axd_vYzfZDoVi52FAiUC_g==/oat/arm64/split_DynamiteModulesA_installtime.odex) is kOatUpToDate with filter 'speed' executable 'false'
05-30 21:01:40.116  2694  2738 I artd    : GetBestInfo: odex next to the dex file (/data/app/~~xtmiQYQCmH6y9KZRtRp03w==/com.google.android.gms-Axd_vYzfZDoVi52FAiUC_g==/oat/arm64/split_DynamiteModulesC_installtime.odex) is kOatUpToDate with filter 'speed' executable 'false'
05-30 21:01:40.124  2694  2738 I artd    : GetBestInfo: odex next to the dex file (/data/app/~~xtmiQYQCmH6y9KZRtRp03w==/com.google.android.gms-Axd_vYzfZDoVi52FAiUC_g==/oat/arm64/split_GoogleCertificates_installtime.odex) is kOatUpToDate with filter 'speed' executable 'false'
05-30 21:01:40.132  2694  2738 I artd    : GetBestInfo: odex next to the dex file (/data/app/~~xtmiQYQCmH6y9KZRtRp03w==/com.google.android.gms-Axd_vYzfZDoVi52FAiUC_g==/oat/arm64/split_MapsDynamite_installtime.odex) is kOatUpToDate with filter 'speed' executable 'false'
05-30 21:01:40.136  2694  2738 I artd    : GetBestInfo: odex next to the dex file (/data/app/~~xtmiQYQCmH6y9KZRtRp03w==/com.google.android.gms-Axd_vYzfZDoVi52FAiUC_g==/oat/arm64/split_MeasurementDynamite_installtime.odex) is kOatUpToDate with filter 'speed' executable 'false'
05-30 21:01:40.141  2694  2738 I artd    : GetBestInfo: /data/user_de/0/com.google.android.gms/app_chimera/m/00000001/CronetDynamite.apk has no usable artifacts
05-30 21:01:40.144  2694  2738 I artd    : GetBestInfo: /data/user_de/0/com.google.android.gms/app_chimera/m/00000010/dl-MlkitOcrCommon.optional_261934100400.apk has no usable artifacts
05-30 21:01:40.144  2694  2738 I artd    : GetBestInfo: /data/user_de/0/com.google.android.gms/app_chimera/m/00000002/DynamiteLoader.apk has no usable artifacts
05-30 21:01:40.144  2694  2738 I artd    : GetBestInfo: /data/user_de/0/com.google.android.gms/app_chimera/m/00000005/GoogleCertificates.apk has no usable artifacts
05-30 21:01:40.148  2694  2738 I artd    : GetBestInfo: /data/user_de/0/com.google.android.gms/app_chimera/m/00000009/dl-Appsearch.optional_250834100400.apk has no usable artifacts
05-30 21:01:40.149  2694  2738 I artd    : GetBestInfo: /data/user_de/0/com.google.android.gms/app_chimera/m/00000015/dl-IdentityCredentialsPlatform.optional_261934100400.apk has no usable artifacts
05-30 21:01:40.151  2694  2738 I artd    : GetBestInfo: /data/user_de/0/com.google.android.gms/app_chimera/m/0000000c/dl-TfliteDynamiteDynamite.integ_260580502100400.apk has no usable artifacts
05-30 21:01:40.156  2694  2738 I artd    : GetBestInfo: vdex next to the dex file (/data/user/0/com.google.android.gms/app_dg_cache/9D5BCED7935D64431BF672B8BBD597199833CA19/oat/arm64/the.vdex) is kOatUpToDate with filter 'verify' executable 'false'
05-30 21:01:40.158  2694  2738 I artd    : GetBestInfo: /data/user_de/0/com.google.android.gms/app_chimera/m/00000012/dl-MlkitBarcodeUi.optional_261934100400.apk has no usable artifacts
05-30 21:01:40.159  2694  2738 I artd    : GetBestInfo: /data/user_de/0/com.google.android.gms/app_chimera/m/0000000a/dl-MlkitBarcodeUi.optional_250834100400.apk has no usable artifacts
05-30 21:01:40.161  2694  2738 I artd    : GetBestInfo: /data/user_de/0/com.google.android.gms/app_chimera/m/00000013/dl-Appsearch.optional_261934100400.apk has no usable artifacts
05-30 21:01:40.166  2694  2738 I artd    : GetBestInfo: /data/user_de/0/com.google.android.gms/app_chimera/m/0000000e/dl-VisionOcr.optional_261934100000.apk has no usable artifacts
05-30 21:01:40.167  2694  2738 I artd    : GetBestInfo: /data/user_de/0/com.google.android.gms/app_chimera/m/00000007/MeasurementDynamite.apk has no usable artifacts
05-30 21:01:40.169  2694  2738 I artd    : GetBestInfo: /data/user_de/0/com.google.android.gms/app_chimera/m/00000014/dl-PlayCloudSearch.optional_261934100000.apk has no usable artifacts
05-30 21:01:44.034  1058  1290 D SatelliteController: iisInCarrierRoamingNbIotNtn: satellite is disabled
05-30 21:01:49.776 13064 13064 W dumpsys : Thread Pool max thread count is 0. Cannot cache binder as linkToDeath cannot be implemented. serviceName: package
05-30 21:01:49.844  2694  2738 I artd    : GetBestInfo: odex next to the dex file (/data/app/~~xtmiQYQCmH6y9KZRtRp03w==/com.google.android.gms-Axd_vYzfZDoVi52FAiUC_g==/oat/arm64/base.odex) is kOatUpToDate with filter 'speed-profile' executable 'false'
05-30 21:01:49.847  2694  2738 I artd    : GetBestInfo: odex next to the dex file (/data/app/~~xtmiQYQCmH6y9KZRtRp03w==/com.google.android.gms-Axd_vYzfZDoVi52FAiUC_g==/oat/arm64/split_AdsDynamite_installtime.odex) is kOatUpToDate with filter 'speed' executable 'false'
05-30 21:01:49.850  2694  2738 I artd    : GetBestInfo: odex next to the dex file (/data/app/~~xtmiQYQCmH6y9KZRtRp03w==/com.google.android.gms-Axd_vYzfZDoVi52FAiUC_g==/oat/arm64/split_CronetDynamite_installtime.odex) is kOatUpToDate with filter 'speed-profile' executable 'false'
05-30 21:01:49.852  2694  2738 I artd    : GetBestInfo: odex next to the dex file (/data/app/~~xtmiQYQCmH6y9KZRtRp03w==/com.google.android.gms-Axd_vYzfZDoVi52FAiUC_g==/oat/arm64/split_DynamiteLoader_installtime.odex) is kOatUpToDate with filter 'speed' executable 'false'
05-30 21:01:49.855  2694  2738 I artd    : GetBestInfo: odex next to the dex file (/data/app/~~xtmiQYQCmH6y9KZRtRp03w==/com.google.android.gms-Axd_vYzfZDoVi52FAiUC_g==/oat/arm64/split_DynamiteModulesA_installtime.odex) is kOatUpToDate with filter 'speed' executable 'false'
05-30 21:01:49.858  2694  2738 I artd    : GetBestInfo: odex next to the dex file (/data/app/~~xtmiQYQCmH6y9KZRtRp03w==/com.google.android.gms-Axd_vYzfZDoVi52FAiUC_g==/oat/arm64/split_DynamiteModulesC_installtime.odex) is kOatUpToDate with filter 'speed' executable 'false'
05-30 21:01:49.861  2694  2738 I artd    : GetBestInfo: odex next to the dex file (/data/app/~~xtmiQYQCmH6y9KZRtRp03w==/com.google.android.gms-Axd_vYzfZDoVi52FAiUC_g==/oat/arm64/split_GoogleCertificates_installtime.odex) is kOatUpToDate with filter 'speed' executable 'false'
05-30 21:01:49.863  2694  2738 I artd    : GetBestInfo: odex next to the dex file (/data/app/~~xtmiQYQCmH6y9KZRtRp03w==/com.google.android.gms-Axd_vYzfZDoVi52FAiUC_g==/oat/arm64/split_MapsDynamite_installtime.odex) is kOatUpToDate with filter 'speed' executable 'false'
05-30 21:01:49.868  2694  2738 I artd    : GetBestInfo: odex next to the dex file (/data/app/~~xtmiQYQCmH6y9KZRtRp03w==/com.google.android.gms-Axd_vYzfZDoVi52FAiUC_g==/oat/arm64/split_MeasurementDynamite_installtime.odex) is kOatUpToDate with filter 'speed' executable 'false'
05-30 21:01:49.869  2694  2738 I artd    : GetBestInfo: /data/user_de/0/com.google.android.gms/app_chimera/m/00000001/CronetDynamite.apk has no usable artifacts
05-30 21:01:49.872  2694  2738 I artd    : GetBestInfo: /data/user_de/0/com.google.android.gms/app_chimera/m/00000010/dl-MlkitOcrCommon.optional_261934100400.apk has no usable artifacts
05-30 21:01:49.872  2694  2738 I artd    : GetBestInfo: /data/user_de/0/com.google.android.gms/app_chimera/m/00000002/DynamiteLoader.apk has no usable artifacts
05-30 21:01:49.873  2694  2738 I artd    : GetBestInfo: /data/user_de/0/com.google.android.gms/app_chimera/m/00000005/GoogleCertificates.apk has no usable artifacts
05-30 21:01:49.875  2694  4736 I artd    : GetBestInfo: /data/user_de/0/com.google.android.gms/app_chimera/m/00000009/dl-Appsearch.optional_250834100400.apk has no usable artifacts
05-30 21:01:49.878  2694  4736 I artd    : GetBestInfo: /data/user_de/0/com.google.android.gms/app_chimera/m/00000015/dl-IdentityCredentialsPlatform.optional_261934100400.apk has no usable artifacts
05-30 21:01:49.885  2694  4736 I artd    : GetBestInfo: /data/user_de/0/com.google.android.gms/app_chimera/m/0000000c/dl-TfliteDynamiteDynamite.integ_260580502100400.apk has no usable artifacts
05-30 21:01:49.892  2694  4736 I artd    : GetBestInfo: vdex next to the dex file (/data/user/0/com.google.android.gms/app_dg_cache/9D5BCED7935D64431BF672B8BBD597199833CA19/oat/arm64/the.vdex) is kOatUpToDate with filter 'verify' executable 'false'
05-30 21:01:49.897  2694  4736 I artd    : GetBestInfo: /data/user_de/0/com.google.android.gms/app_chimera/m/00000012/dl-MlkitBarcodeUi.optional_261934100400.apk has no usable artifacts
05-30 21:01:49.899  2694  4736 I artd    : GetBestInfo: /data/user_de/0/com.google.android.gms/app_chimera/m/0000000a/dl-MlkitBarcodeUi.optional_250834100400.apk has no usable artifacts
05-30 21:01:49.902  2694  4736 I artd    : GetBestInfo: /data/user_de/0/com.google.android.gms/app_chimera/m/00000013/dl-Appsearch.optional_261934100400.apk has no usable artifacts
05-30 21:01:49.907  2694  4736 I artd    : GetBestInfo: /data/user_de/0/com.google.android.gms/app_chimera/m/0000000e/dl-VisionOcr.optional_261934100000.apk has no usable artifacts
05-30 21:01:49.909  2694  4736 I artd    : GetBestInfo: /data/user_de/0/com.google.android.gms/app_chimera/m/00000007/MeasurementDynamite.apk has no usable artifacts
05-30 21:01:49.911  2694  4736 I artd    : GetBestInfo: /data/user_de/0/com.google.android.gms/app_chimera/m/00000014/dl-PlayCloudSearch.optional_261934100000.apk has no usable artifacts
05-30 21:01:54.028  1058  1290 D SatelliteController: iisInCarrierRoamingNbIotNtn: satellite is disabled
05-30 21:01:58.079   693  2023 W ActivityTaskManager: callingPackage for (uid=2000, pid=13069) has no WPC
05-30 21:01:58.086   693  2023 V GrammaticalInflectionUtils: AttributionSource: android.content.AttributionSource@474d384d does not have READ_SYSTEM_GRAMMATICAL_GENDER permission.
05-30 21:01:58.089   693  2023 W OptProp : Cannot read opt property android.window.PROPERTY_COMPAT_ALLOW_USER_ASPECT_RATIO_OVERRIDE
05-30 21:01:58.089   693  2023 W OptProp : Cannot read opt property android.window.PROPERTY_COMPAT_ALLOW_USER_ASPECT_RATIO_FULLSCREEN_OVERRIDE
05-30 21:01:58.090   693  2023 W OptProp : Cannot read opt property android.window.PROPERTY_COMPAT_ALLOW_RESIZEABLE_ACTIVITY_OVERRIDES
05-30 21:01:58.091   693  2023 W OptProp : Cannot read opt property android.window.PROPERTY_COMPAT_ALLOW_MIN_ASPECT_RATIO_OVERRIDE
05-30 21:01:58.109   496  1153 I BpBinder: onLastStrongRef automatically unlinking death recipients: 
05-30 21:01:58.119   953   966 D KeyguardService: setOccluded(false)
05-30 21:01:58.119   953   966 D KeyguardViewMediator: setOccluded(false)
05-30 21:01:58.120   953   953 D KeyguardViewMediator: handleSetOccluded(false)
05-30 21:01:58.123   693  2023 I ActivityTaskManager: START u0 {flg=0x10000000 xflg=0x5 cmp=com.gemhublite.app/.MainActivity} with LAUNCH_SINGLE_TASK from uid 2000 (BAL_ALLOW_PERMISSION) result code=3
05-30 21:01:58.127   953   953 D KeyguardViewMediator: KeyguardViewMediator queue processing message: SET_OCCLUDED
05-30 21:01:58.147   953  1015 D WindowManagerShell: onActivityRestartAttempt: topActivity=ComponentInfo{com.gemhublite.app/com.gemhublite.app.MainActivity}, wasVisible=true
05-30 21:01:58.156 12713 12713 W unknown:BridgelessReact: ReactHost{0}.onHostPause(activity)
05-30 21:01:58.156 12713 12713 W unknown:BridgelessReact: ReactHost{0}.ReactContext.onHostPause()
05-30 21:01:58.159 12713 12713 W unknown:BridgelessReact: ReactHost{0}.onHostResume(activity)
05-30 21:01:58.159 12713 12713 W unknown:BridgelessReact: ReactHost{0}.ReactContext.onHostResume()
05-30 21:01:58.181   693   724 W IPCThreadState: Sending oneway calls to frozen process.
05-30 21:01:58.181   693   724 W IPCThreadState: Sending oneway calls to frozen process.
05-30 21:01:58.181   693   724 W IPCThreadState: Sending oneway calls to frozen process.
05-30 21:01:58.181   693   724 W IPCThreadState: Sending oneway calls to frozen process.
05-30 21:01:58.181   693   724 W IPCThreadState: Sending oneway calls to frozen process.
05-30 21:01:58.181   693   724 W IPCThreadState: Sending oneway calls to frozen process.
05-30 21:01:58.182   693   724 W IPCThreadState: Sending oneway calls to frozen process.
05-30 21:01:58.182   693   724 W IPCThreadState: Sending oneway calls to frozen process.
05-30 21:01:58.182   693   724 W IPCThreadState: Sending oneway calls to frozen process.
05-30 21:01:58.182   693   724 W IPCThreadState: Sending oneway calls to frozen process.
05-30 21:01:58.182   693   724 W IPCThreadState: Sending oneway calls to frozen process.
05-30 21:01:58.182   693   724 W IPCThreadState: Sending oneway calls to frozen process.
05-30 21:01:58.184   693   724 W IPCThreadState: Sending oneway calls to frozen process.
05-30 21:01:58.185   693   724 W IPCThreadState: Sending oneway calls to frozen process.
05-30 21:01:58.185   693   724 W IPCThreadState: Sending oneway calls to frozen process.
05-30 21:01:58.185   693   724 W IPCThreadState: Sending oneway calls to frozen process.
05-30 21:01:58.185   693   724 W IPCThreadState: Sending oneway calls to frozen process.
05-30 21:01:58.185   693   724 W IPCThreadState: Sending oneway calls to frozen process.
05-30 21:01:58.185   693   724 W IPCThreadState: Sending oneway calls to frozen process.
05-30 21:01:58.185   693   724 W IPCThreadState: Sending oneway calls to frozen process.
05-30 21:01:58.185   693   724 W IPCThreadState: Sending oneway calls to frozen process.
05-30 21:01:58.185   693   724 W IPCThreadState: Sending oneway calls to frozen process.
05-30 21:01:58.185   693   724 W IPCThreadState: Sending oneway calls to frozen process.
05-30 21:01:58.185   693   724 W IPCThreadState: Sending oneway calls to frozen process.
05-30 21:01:58.186   693   724 W IPCThreadState: Sending oneway calls to frozen process.
05-30 21:01:58.186   693   724 W IPCThreadState: Sending oneway calls to frozen process.
05-30 21:01:58.186   693   724 W IPCThreadState: Sending oneway calls to frozen process.
05-30 21:01:58.186   693   724 W IPCThreadState: Sending oneway calls to frozen process.
05-30 21:01:58.186   693   724 W IPCThreadState: Sending oneway calls to frozen process.
05-30 21:01:58.186   693   724 W IPCThreadState: Sending oneway calls to frozen process.
05-30 21:01:58.186   693   724 W IPCThreadState: Sending oneway calls to frozen process.
05-30 21:01:58.186   693   724 W IPCThreadState: Sending oneway calls to frozen process.
05-30 21:01:58.186   693   724 W IPCThreadState: Sending oneway calls to frozen process.
05-30 21:01:58.186   693   724 W IPCThreadState: Sending oneway calls to frozen process.
05-30 21:01:58.186   693   724 W IPCThreadState: Sending oneway calls to frozen process.
05-30 21:01:58.186   693   724 W IPCThreadState: Sending oneway calls to frozen process.
05-30 21:01:58.187   693   724 W IPCThreadState: Sending oneway calls to frozen process.
05-30 21:01:58.187   693   724 W IPCThreadState: Sending oneway calls to frozen process.
05-30 21:01:58.187   693   724 W IPCThreadState: Sending oneway calls to frozen process.
05-30 21:01:58.187   693   724 W IPCThreadState: Sending oneway calls to frozen process.
05-30 21:01:58.187   693   724 W IPCThreadState: Sending oneway calls to frozen process.
05-30 21:01:58.187   693   724 W IPCThreadState: Sending oneway calls to frozen process.
05-30 21:01:58.187   693   724 W IPCThreadState: Sending oneway calls to frozen process.
05-30 21:01:59.782 13072 13072 W dumpsys : Thread Pool max thread count is 0. Cannot cache binder as linkToDeath cannot be implemented. serviceName: package
05-30 21:01:59.869  2694  4736 I artd    : GetBestInfo: odex next to the dex file (/data/app/~~xtmiQYQCmH6y9KZRtRp03w==/com.google.android.gms-Axd_vYzfZDoVi52FAiUC_g==/oat/arm64/base.odex) is kOatUpToDate with filter 'speed-profile' executable 'false'
05-30 21:01:59.875  2694  4736 I artd    : GetBestInfo: odex next to the dex file (/data/app/~~xtmiQYQCmH6y9KZRtRp03w==/com.google.android.gms-Axd_vYzfZDoVi52FAiUC_g==/oat/arm64/split_AdsDynamite_installtime.odex) is kOatUpToDate with filter 'speed' executable 'false'
05-30 21:01:59.883  2694  2738 I artd    : GetBestInfo: odex next to the dex file (/data/app/~~xtmiQYQCmH6y9KZRtRp03w==/com.google.android.gms-Axd_vYzfZDoVi52FAiUC_g==/oat/arm64/split_CronetDynamite_installtime.odex) is kOatUpToDate with filter 'speed-profile' executable 'false'
05-30 21:01:59.891  2694  2738 I artd    : GetBestInfo: odex next to the dex file (/data/app/~~xtmiQYQCmH6y9KZRtRp03w==/com.google.android.gms-Axd_vYzfZDoVi52FAiUC_g==/oat/arm64/split_DynamiteLoader_installtime.odex) is kOatUpToDate with filter 'speed' executable 'false'
05-30 21:01:59.894  2694  2738 I artd    : GetBestInfo: odex next to the dex file (/data/app/~~xtmiQYQCmH6y9KZRtRp03w==/com.google.android.gms-Axd_vYzfZDoVi52FAiUC_g==/oat/arm64/split_DynamiteModulesA_installtime.odex) is kOatUpToDate with filter 'speed' executable 'false'
05-30 21:01:59.903  2694  4736 I artd    : GetBestInfo: odex next to the dex file (/data/app/~~xtmiQYQCmH6y9KZRtRp03w==/com.google.android.gms-Axd_vYzfZDoVi52FAiUC_g==/oat/arm64/split_DynamiteModulesC_installtime.odex) is kOatUpToDate with filter 'speed' executable 'false'
05-30 21:01:59.911  2694  4736 I artd    : GetBestInfo: odex next to the dex file (/data/app/~~xtmiQYQCmH6y9KZRtRp03w==/com.google.android.gms-Axd_vYzfZDoVi52FAiUC_g==/oat/arm64/split_GoogleCertificates_installtime.odex) is kOatUpToDate with filter 'speed' executable 'false'
05-30 21:01:59.916  2694  4736 I artd    : GetBestInfo: odex next to the dex file (/data/app/~~xtmiQYQCmH6y9KZRtRp03w==/com.google.android.gms-Axd_vYzfZDoVi52FAiUC_g==/oat/arm64/split_MapsDynamite_installtime.odex) is kOatUpToDate with filter 'speed' executable 'false'
05-30 21:01:59.919  2694  4736 I artd    : GetBestInfo: odex next to the dex file (/data/app/~~xtmiQYQCmH6y9KZRtRp03w==/com.google.android.gms-Axd_vYzfZDoVi52FAiUC_g==/oat/arm64/split_MeasurementDynamite_installtime.odex) is kOatUpToDate with filter 'speed' executable 'false'
05-30 21:01:59.922  2694  4736 I artd    : GetBestInfo: /data/user_de/0/com.google.android.gms/app_chimera/m/00000001/CronetDynamite.apk has no usable artifacts
05-30 21:01:59.926  2694  4736 I artd    : GetBestInfo: /data/user_de/0/com.google.android.gms/app_chimera/m/00000010/dl-MlkitOcrCommon.optional_261934100400.apk has no usable artifacts
05-30 21:01:59.927  2694  4736 I artd    : GetBestInfo: /data/user_de/0/com.google.android.gms/app_chimera/m/00000002/DynamiteLoader.apk has no usable artifacts
05-30 21:01:59.927  2694  4736 I artd    : GetBestInfo: /data/user_de/0/com.google.android.gms/app_chimera/m/00000005/GoogleCertificates.apk has no usable artifacts
05-30 21:01:59.932  2694  4736 I artd    : GetBestInfo: /data/user_de/0/com.google.android.gms/app_chimera/m/00000009/dl-Appsearch.optional_250834100400.apk has no usable artifacts
05-30 21:01:59.935  2694  4736 I artd    : GetBestInfo: /data/user_de/0/com.google.android.gms/app_chimera/m/00000015/dl-IdentityCredentialsPlatform.optional_261934100400.apk has no usable artifacts
05-30 21:01:59.940  2694  4736 I artd    : GetBestInfo: /data/user_de/0/com.google.android.gms/app_chimera/m/0000000c/dl-TfliteDynamiteDynamite.integ_260580502100400.apk has no usable artifacts
05-30 21:01:59.943  2694  4736 I artd    : GetBestInfo: vdex next to the dex file (/data/user/0/com.google.android.gms/app_dg_cache/9D5BCED7935D64431BF672B8BBD597199833CA19/oat/arm64/the.vdex) is kOatUpToDate with filter 'verify' executable 'false'
05-30 21:01:59.950  2694  4736 I artd    : GetBestInfo: /data/user_de/0/com.google.android.gms/app_chimera/m/00000012/dl-MlkitBarcodeUi.optional_261934100400.apk has no usable artifacts
05-30 21:01:59.952  2694  2738 I artd    : GetBestInfo: /data/user_de/0/com.google.android.gms/app_chimera/m/0000000a/dl-MlkitBarcodeUi.optional_250834100400.apk has no usable artifacts
05-30 21:01:59.959  2694  2738 I artd    : GetBestInfo: /data/user_de/0/com.google.android.gms/app_chimera/m/00000013/dl-Appsearch.optional_261934100400.apk has no usable artifacts
05-30 21:01:59.965  2694  2738 I artd    : GetBestInfo: /data/user_de/0/com.google.android.gms/app_chimera/m/0000000e/dl-VisionOcr.optional_261934100000.apk has no usable artifacts
05-30 21:01:59.966  2694  2738 I artd    : GetBestInfo: /data/user_de/0/com.google.android.gms/app_chimera/m/00000007/MeasurementDynamite.apk has no usable artifacts
05-30 21:01:59.975  2694  4736 I artd    : GetBestInfo: /data/user_de/0/com.google.android.gms/app_chimera/m/00000014/dl-PlayCloudSearch.optional_261934100000.apk has no usable artifacts
05-30 21:02:00.048   693   706 W system_server: Suspending all threads took: 11.241ms
05-30 21:02:00.242 13075 13075 W dumpsys : Thread Pool max thread count is 0. Cannot cache binder as linkToDeath cannot be implemented. serviceName: meminfo
05-30 21:02:00.244   693  1025 D ActivityManager: freezer override set to true
05-30 21:02:00.259   693   706 I system_server: Background concurrent mark compact GC freed 25MB AllocSpace bytes, 9(180KB) LOS objects, 42% free, 32MB/56MB, paused 15.338ms,7.931ms total 448.120ms
05-30 21:02:00.261   693  1025 D ActivityManager: sync unfroze 3224 com.android.dynsystem:dynsystem for 19
05-30 21:02:00.274   693  1025 D ActivityManager: sync unfroze 3234 com.android.managedprovisioning for 19
05-30 21:02:00.275   693  1025 D ActivityManager: sync unfroze 3390 com.google.android.cellbroadcastreceiver for 19
05-30 21:02:00.276   693  1025 D ActivityManager: sync unfroze 3464 com.google.android.marvin.talkback for 19
05-30 21:02:00.276   693  1025 D ActivityManager: sync unfroze 3426 com.google.android.healthconnect.controller for 19
05-30 21:02:00.276   693  1025 D ActivityManager: sync unfroze 3623 com.android.shell for 19
05-30 21:02:00.276   693  1025 D ActivityManager: sync unfroze 3726 com.google.android.federatedcompute for 19
05-30 21:02:00.277   693  1025 D ActivityManager: sync unfroze 3752 com.google.android.ondevicepersonalization.services for 19
05-30 21:02:00.277   693  1025 D ActivityManager: sync unfroze 3289 com.google.android.ext.services:modelDownloaderServiceProcess for 19
05-30 21:02:00.296   693  1025 D ActivityManager: sync unfroze 2061 com.google.android.apps.wallpaper for 19
05-30 21:02:00.298   693  1025 D ActivityManager: sync unfroze 3941 com.android.vending:quick_launch for 19
05-30 21:02:00.311  3941  3941 I Finsky:quick_launch: [2] Memory trim requested to level 40
05-30 21:02:00.312   693  1025 D ActivityManager: sync unfroze 4672 com.google.android.webview:webview_service for 19
05-30 21:02:00.315   693  1025 D ActivityManager: sync unfroze 3843 com.google.android.photopicker for 19
05-30 21:02:00.317  3941  3964 I Finsky:quick_launch: [51] Stats for Executor: bgExecutor vxm@456e812[Running, pool size = 4, active threads = 1, queued tasks = 0, completed tasks = 43]
05-30 21:02:00.318  3941  3964 I Finsky:quick_launch: [51] Stats for Executor: LightweightExecutor vxm@3a27be3[Running, pool size = 3, active threads = 0, queued tasks = 0, completed tasks = 12]
05-30 21:02:00.318  3941  3964 I Finsky:quick_launch: [51] Stats for Executor: BlockingExecutor vxm@28019e0[Running, pool size = 0, active threads = 0, queued tasks = 0, completed tasks = 1]
05-30 21:02:00.318   693  1025 D ActivityManager: sync unfroze 3673 com.google.android.configupdater for 19
05-30 21:02:00.331   693  1025 D ActivityManager: sync unfroze 2030 com.google.android.as.oss for 19
05-30 21:02:00.333   693  1025 D ActivityManager: sync unfroze 7535 com.google.android.apps.photos for 19
05-30 21:02:00.333   693  1025 D ActivityManager: sync unfroze 4400 com.google.android.apps.restore for 19
05-30 21:02:00.333   693  1025 D ActivityManager: sync unfroze 7863 com.google.android.apps.safetyhub for 19
05-30 21:02:00.334   693  1025 D ActivityManager: sync unfroze 2216 com.google.android.deskclock for 19
05-30 21:02:00.335   693  1025 D ActivityManager: sync unfroze 3555 com.google.android.rkpdapp for 19
05-30 21:02:00.337   693  1025 D ActivityManager: sync unfroze 7890 com.google.android.dialer for 19
05-30 21:02:00.348   693  1025 D ActivityManager: sync unfroze 3563 com.android.providers.calendar for 19
05-30 21:02:00.349   693  1025 D ActivityManager: sync unfroze 10784 com.android.carrierdefaultapp for 19
05-30 21:02:00.349   693  1025 D ActivityManager: sync unfroze 11227 com.android.chrome for 19
05-30 21:02:00.349   693  1025 D ActivityManager: sync unfroze 11320 android.process.media for 19
05-30 21:02:00.350   693  1025 D ActivityManager: sync unfroze 3784 com.google.android.packageinstaller for 19
05-30 21:02:00.352   693  1025 D ActivityManager: sync unfroze 3330 com.google.android.gms.ui for 19
05-30 21:02:00.353   693  1025 D ActivityManager: sync unfroze 3799 com.google.android.partnersetup for 19
05-30 21:02:00.354   693  1025 D ActivityManager: sync unfroze 1810 com.google.android.settings.intelligence for 19
05-30 21:02:00.355   693  1025 D ActivityManager: sync unfroze 5055 com.google.android.adservices.api for 19
05-30 21:02:00.355   693  1025 D ActivityManager: sync unfroze 2608 com.google.android.tts for 19
05-30 21:02:00.355   693  1025 D ActivityManager: sync unfroze 12275 com.android.externalstorage for 19
05-30 21:02:00.355   693  1025 D ActivityManager: sync unfroze 4509 com.android.keychain for 19
05-30 21:02:00.357   693  1025 D ActivityManager: sync unfroze 4371 com.google.android.googlequicksearchbox:search for 19
05-30 21:02:00.358   693  1025 D ActivityManager: sync unfroze 1264 com.google.android.permissioncontroller for 19
05-30 21:02:00.358   693  1025 D ActivityManager: sync unfroze 11287 com.google.android.documentsui for 19
05-30 21:02:00.358   693  1025 D ActivityManager: sync unfroze 1576 android.process.acore for 19
05-30 21:02:00.364   693  1025 D ActivityManager: sync unfroze 2384 com.google.android.apps.messaging for 19
05-30 21:02:00.406   693  1025 D ActivityManager: sync unfroze 2542 com.google.android.gms.unstable for 19
05-30 21:02:00.406   693  1025 D ActivityManager: sync unfroze 9808 com.google.android.gms for 19
05-30 21:02:00.407   693  1025 D ActivityManager: sync unfroze 2970 com.android.vending:background for 19
05-30 21:02:00.407   693  1025 D ActivityManager: sync unfroze 1918 com.android.vending for 19
05-30 21:02:00.407   693  1025 D ActivityManager: sync unfroze 1193 com.android.settings for 19
05-30 21:02:00.435  1918  2189 I Finsky  : [41] Stats for Executor: LightweightExecutor vxm@1e50304[Running, pool size = 3, active threads = 0, queued tasks = 0, completed tasks = 1526]
05-30 21:02:00.435  1918  2189 I Finsky  : [41] Stats for Executor: BlockingExecutor vxm@5c77cf6[Running, pool size = 1, active threads = 0, queued tasks = 0, completed tasks = 470]
05-30 21:02:00.435  1918  2189 I Finsky  : [41] Stats for Executor: bgExecutor vxm@21cd1fd[Running, pool size = 4, active threads = 0, queued tasks = 0, completed tasks = 5369]
05-30 21:02:00.436  2970  3102 I Finsky:background: [41] Stats for Executor: bgExecutor vxm@94693e4[Running, pool size = 4, active threads = 0, queued tasks = 0, completed tasks = 354]
05-30 21:02:00.436  2970  3102 I Finsky:background: [41] Stats for Executor: LightweightExecutor vxm@668be14[Running, pool size = 3, active threads = 0, queued tasks = 0, completed tasks = 273]
05-30 21:02:00.436  2970  3102 I Finsky:background: [41] Stats for Executor: BlockingExecutor vxm@a6d3c03[Running, pool size = 1, active threads = 0, queued tasks = 0, completed tasks = 127]
05-30 21:02:00.452  1566  1992 I bdee    : (REDACTED) getHotwordActive::active query: %s, watch: %s, devices connected: %s
05-30 21:02:00.469  2970  2970 I Finsky:background: [2] Memory trim requested to level 40
05-30 21:02:00.489  9808  9808 D BoundBrokerSvc: onUnbind: Intent { act=com.google.android.gms.common.BIND_SHARED_PREFS xflg=0x4 pkg=com.google.android.gms }
05-30 21:02:00.557  1918  1918 I Finsky  : [2] Memory trim requested to level 40
05-30 21:02:00.558  1918  1918 I Finsky  : [2] Flushing in-memory image cache
05-30 21:02:00.600  2384  2448 I ForwardSyncCache: reclaimMemory: Clearing caches
05-30 21:02:00.602  2384  2448 W BugleSpam: trimming memory: closing msg model.
05-30 21:02:00.608  2384  2448 W Bugle   : TextClassifierLibManagerImpl: Reclaiming memory at level: 40
05-30 21:02:00.683  4400  4406 W id.apps.restore: Reducing the number of considered missed Gc histogram windows from 1138 to 100
05-30 21:02:00.786 12713 12732 I .gemhublite.app: Explicit concurrent mark compact GC freed 1572KB AllocSpace bytes, 1(20KB) LOS objects, 49% free, 14MB/28MB, paused 224us,1.235ms total 240.760ms
05-30 21:02:00.868   693  1025 D ActivityManager: freezer override set to false
05-30 21:02:00.877  2384  2924 I ForwardSyncCache: reclaimMemory: Clearing caches
05-30 21:02:00.878  2384  2924 W BugleSpam: trimming memory: closing msg model.
05-30 21:02:00.893  1918  1918 I Finsky  : [2] Memory trim requested to level 40
05-30 21:02:00.901  2384  2924 W Bugle   : TextClassifierLibManagerImpl: Reclaiming memory at level: 40
05-30 21:02:00.902  2970  2970 I Finsky:background: [2] Memory trim requested to level 40
05-30 21:02:00.907  1918  1918 I Finsky  : [2] Flushing in-memory image cache
05-30 21:02:00.932  3941  3941 I Finsky:quick_launch: [2] Memory trim requested to level 40
05-30 21:02:01.119  4400  7843 V ClearcutMetricXmitter: Transmission is done.
05-30 21:02:01.119  4400 12231 V ClearcutMetricXmitter: Transmission is done.
05-30 21:02:01.121   693   710 W AS.PlaybackActivityMon: No piid assigned for invalid/internal port id 16
05-30 21:02:01.169   492   613 D AudioFlinger: mixer(0xb4000070bb6ee770) throttle end: throttle time(34)
05-30 21:02:02.177 13126 13126 W screencap: Thread Pool max thread count is 0. Cannot cache binder as linkToDeath cannot be implemented. serviceName: SurfaceFlingerAIDL
05-30 21:02:02.177 13126 13126 W BpBinder: Linking to death on android.gui.ISurfaceComposer but there are no threads (yet?) listening to incoming transactions. See ProcessState::startThreadPool and ProcessState::setThreadPoolMaxThreadCount. Generally you should setup the binder threadpool before other initialization steps.
05-30 21:02:02.177 13126 13126 W ProcessState: Extra binder thread started, but 0 threads requested. Do not use *startThreadPool when zero threads are requested.
05-30 21:02:02.178   496   574 E HwcComposer: getLuts failed Status(-8, EX_SERVICE_SPECIFIC): '8: '
05-30 21:02:02.178   496   574 E HWComposer: getLuts: getLuts failed for display 4619827259835644672: UNSUPPORTED (8)
05-30 21:02:04.027  1058  1290 D SatelliteController: iisInCarrierRoamingNbIotNtn: satellite is disabled
05-30 21:02:04.219   455  5103 D android.hardware.audio@7.1-impl.ranchu: threadLoop: entering standby, frames: 1258816
05-30 21:02:04.219   455  5103 D android.hardware.audio@7.1-impl.ranchu: ~TinyalsaSink: joining consumeThread
05-30 21:02:04.238   455 13123 D android.hardware.audio@7.1-impl.ranchu: consumeThread: exiting
05-30 21:02:04.238   455  5103 D android.hardware.audio@7.1-impl.ranchu: ~TinyalsaSink: stopping PCM stream
05-30 21:02:04.387 13137 13137 W screencap: Thread Pool max thread count is 0. Cannot cache binder as linkToDeath cannot be implemented. serviceName: SurfaceFlingerAIDL
05-30 21:02:04.387 13137 13137 W BpBinder: Linking to death on android.gui.ISurfaceComposer but there are no threads (yet?) listening to incoming transactions. See ProcessState::startThreadPool and ProcessState::setThreadPoolMaxThreadCount. Generally you should setup the binder threadpool before other initialization steps.
05-30 21:02:04.387 13137 13137 W ProcessState: Extra binder thread started, but 0 threads requested. Do not use *startThreadPool when zero threads are requested.
05-30 21:02:04.389   496   574 E HwcComposer: getLuts failed Status(-8, EX_SERVICE_SPECIFIC): '8: '
05-30 21:02:04.389   496   574 E HWComposer: getLuts: getLuts failed for display 4619827259835644672: UNSUPPORTED (8)
05-30 21:02:04.511   693   710 W AS.PlaybackActivityMon: No piid assigned for invalid/internal port id 16
05-30 21:02:04.514   492   613 D AudioFlinger: mixer(0xb4000070bb6ee770) throttle end: throttle time(40)
05-30 21:02:04.560   492   613 D AudioFlinger: mixer(0xb4000070bb6ee770) throttle end: throttle time(33)
05-30 21:02:05.567 13147 13147 W screencap: Thread Pool max thread count is 0. Cannot cache binder as linkToDeath cannot be implemented. serviceName: SurfaceFlingerAIDL
05-30 21:02:05.568 13147 13147 W BpBinder: Linking to death on android.gui.ISurfaceComposer but there are no threads (yet?) listening to incoming transactions. See ProcessState::startThreadPool and ProcessState::setThreadPoolMaxThreadCount. Generally you should setup the binder threadpool before other initialization steps.
05-30 21:02:05.568 13147 13147 W ProcessState: Extra binder thread started, but 0 threads requested. Do not use *startThreadPool when zero threads are requested.
05-30 21:02:05.569   496   574 E HwcComposer: getLuts failed Status(-8, EX_SERVICE_SPECIFIC): '8: '
05-30 21:02:05.569   496   574 E HWComposer: getLuts: getLuts failed for display 4619827259835644672: UNSUPPORTED (8)
05-30 21:02:05.669 13149 13149 W dumpsys : Thread Pool max thread count is 0. Cannot cache binder as linkToDeath cannot be implemented. serviceName: meminfo
05-30 21:02:05.669   693  1025 D ActivityManager: freezer override set to true
05-30 21:02:05.699 12713 12761 I .gemhublite.app: Explicit concurrent mark compact GC freed 3156KB AllocSpace bytes, 1(20KB) LOS objects, 49% free, 14MB/28MB, paused 57us,475us total 19.447ms
05-30 21:02:05.706   693  1025 D ActivityManager: freezer override set to false
