05-30 20:58:40.350 12713 12783 D ExifInterface: 	at java.util.concurrent.ThreadPoolExecutor$Worker.run(ThreadPoolExecutor.java:651)
05-30 20:58:40.350 12713 12783 D ExifInterface: 	at P5.B.b(r8-map-id-32d56e7f8e3015d37229bfb6064dbccd34ae21dab1de11a30eb6d823f8baa2b0:16)
05-30 20:58:40.350 12713 12783 D ExifInterface: 	at P5.B.a(r8-map-id-32d56e7f8e3015d37229bfb6064dbccd34ae21dab1de11a30eb6d823f8baa2b0:1)
05-30 20:58:40.350 12713 12783 D ExifInterface: 	at P5.A.run(r8-map-id-32d56e7f8e3015d37229bfb6064dbccd34ae21dab1de11a30eb6d823f8baa2b0:5)
05-30 20:58:40.350 12713 12783 D ExifInterface: 	at java.lang.Thread.run(Thread.java:1119)
05-30 20:58:40.350 12713 12783 D skia    : libjpeg error 116 <Corrupt JPEG data: 4 extraneous bytes before marker 0xc0> from output_message
05-30 20:58:40.352 12713 12787 D skia    : libjpeg error 116 <Corrupt JPEG data: 4 extraneous bytes before marker 0xc0> from output_message
05-30 20:58:40.352 12713 12787 D skia    : libjpeg error 116 <Corrupt JPEG data: 4 extraneous bytes before marker 0xc0> from output_message
05-30 20:58:40.353 12713 12787 W HWUI    : Image decoding logging dropped!
05-30 20:58:40.377   693   802 D ActivityManager: freezing 3234 com.android.managedprovisioning
05-30 20:58:40.377   693   802 D ActivityManager: freezing 3390 com.google.android.cellbroadcastreceiver
05-30 20:58:40.378   693   802 D ActivityManager: freezing 3464 com.google.android.marvin.talkback
05-30 20:58:40.378   693   802 D ActivityManager: freezing 3426 com.google.android.healthconnect.controller
05-30 20:58:40.378   693   802 D ActivityManager: freezing 3623 com.android.shell
05-30 20:58:40.378   693   802 D ActivityManager: freezing 3726 com.google.android.federatedcompute
05-30 20:58:40.378   693   802 D ActivityManager: freezing 3752 com.google.android.ondevicepersonalization.services
05-30 20:58:40.379   693   802 D ActivityManager: freezing 3289 com.google.android.ext.services:modelDownloaderServiceProcess
05-30 20:58:40.379   693   802 D ActivityManager: freezing 2061 com.google.android.apps.wallpaper
05-30 20:58:40.379   693   802 D ActivityManager: freezing 3941 com.android.vending:quick_launch
05-30 20:58:40.379   693   802 D ActivityManager: freezing 4672 com.google.android.webview:webview_service
05-30 20:58:40.380   693   802 D ActivityManager: freezing 3843 com.google.android.photopicker
05-30 20:58:40.380   693   802 D ActivityManager: freezing 3673 com.google.android.configupdater
05-30 20:58:40.380   693   802 D ActivityManager: freezing 2030 com.google.android.as.oss
05-30 20:58:40.380   693   802 D ActivityManager: freezing 7535 com.google.android.apps.photos
05-30 20:58:40.381   693   802 D ActivityManager: freezing 4400 com.google.android.apps.restore
05-30 20:58:40.381   693   802 D ActivityManager: freezing 7863 com.google.android.apps.safetyhub
05-30 20:58:40.381   693   802 D ActivityManager: freezing 2216 com.google.android.deskclock
05-30 20:58:40.381   693   802 D ActivityManager: freezing 3555 com.google.android.rkpdapp
05-30 20:58:40.382   693   802 D ActivityManager: freezing 7890 com.google.android.dialer
05-30 20:58:40.383   693   802 D ActivityManager: freezing 3563 com.android.providers.calendar
05-30 20:58:40.383   693   802 D ActivityManager: freezing 10784 com.android.carrierdefaultapp
05-30 20:58:40.383   693   802 D ActivityManager: freezing 11227 com.android.chrome
05-30 20:58:40.383   693   802 D ActivityManager: freezing 11320 android.process.media
05-30 20:58:40.383   693   802 D ActivityManager: freezing 3784 com.google.android.packageinstaller
05-30 20:58:40.383   693   802 D ActivityManager: freezing 3330 com.google.android.gms.ui
05-30 20:58:40.384   693   802 D ActivityManager: freezing 3799 com.google.android.partnersetup
05-30 20:58:40.385   693   802 D ActivityManager: freezing 1810 com.google.android.settings.intelligence
05-30 20:58:40.385   693   802 D ActivityManager: freezing 5055 com.google.android.adservices.api
05-30 20:58:40.385   693   802 D ActivityManager: freezing 2608 com.google.android.tts
05-30 20:58:40.385   693   802 D ActivityManager: freezing 12275 com.android.externalstorage
05-30 20:58:40.386   693   802 D ActivityManager: freezing 1918 com.android.vending
05-30 20:58:40.386   693   802 D ActivityManager: freezing 2970 com.android.vending:background
05-30 20:58:40.387   693   802 D ActivityManager: freezing 4371 com.google.android.googlequicksearchbox:search
05-30 20:58:40.387   693   802 D ActivityManager: freezing 11287 com.google.android.documentsui
05-30 20:58:40.387   693   802 D ActivityManager: freezing 1576 android.process.acore
05-30 20:58:40.387   693   802 D ActivityManager: freezing 2384 com.google.android.apps.messaging
05-30 20:58:40.388   693   853 D InetDiagMessage: Destroyed 0 sockets, proto=IPPROTO_TCP, family=AF_INET, states=14
05-30 20:58:40.388   693   853 D InetDiagMessage: Destroyed 0 sockets, proto=IPPROTO_TCP, family=AF_INET6, states=14
05-30 20:58:40.388   693   853 D InetDiagMessage: Destroyed live tcp sockets for uids={10109} in 0ms
05-30 20:58:40.388   693   853 D InetDiagMessage: Destroyed 0 sockets, proto=IPPROTO_TCP, family=AF_INET, states=14
05-30 20:58:40.388   693   853 D InetDiagMessage: Destroyed 0 sockets, proto=IPPROTO_TCP, family=AF_INET6, states=14
05-30 20:58:40.388   693   853 D InetDiagMessage: Destroyed live tcp sockets for uids={10195} in 0ms
05-30 20:58:40.389   693   853 D InetDiagMessage: Destroyed 0 sockets, proto=IPPROTO_TCP, family=AF_INET, states=14
05-30 20:58:40.389   693   853 D InetDiagMessage: Destroyed 0 sockets, proto=IPPROTO_TCP, family=AF_INET6, states=14
05-30 20:58:40.389   693   853 D InetDiagMessage: Destroyed live tcp sockets for uids={10173} in 0ms
05-30 20:58:40.389   693   853 D InetDiagMessage: Destroyed 0 sockets, proto=IPPROTO_TCP, family=AF_INET, states=14
05-30 20:58:40.389   693   853 D InetDiagMessage: Destroyed 0 sockets, proto=IPPROTO_TCP, family=AF_INET6, states=14
05-30 20:58:40.389   693   853 D InetDiagMessage: Destroyed live tcp sockets for uids={10196} in 0ms
05-30 20:58:40.389   693   853 D InetDiagMessage: Destroyed 0 sockets, proto=IPPROTO_TCP, family=AF_INET, states=14
05-30 20:58:40.389   693   853 D InetDiagMessage: Destroyed 0 sockets, proto=IPPROTO_TCP, family=AF_INET6, states=14
05-30 20:58:40.389   693   853 D InetDiagMessage: Destroyed live tcp sockets for uids={2000} in 1ms
05-30 20:58:40.389   693   853 D InetDiagMessage: Destroyed 0 sockets, proto=IPPROTO_TCP, family=AF_INET, states=14
05-30 20:58:40.389   693   853 D InetDiagMessage: Destroyed 0 sockets, proto=IPPROTO_TCP, family=AF_INET6, states=14
05-30 20:58:40.389   693   853 D InetDiagMessage: Destroyed live tcp sockets for uids={10212} in 0ms
05-30 20:58:40.389   693   853 D InetDiagMessage: Destroyed 0 sockets, proto=IPPROTO_TCP, family=AF_INET, states=14
05-30 20:58:40.389   693   853 D InetDiagMessage: Destroyed 0 sockets, proto=IPPROTO_TCP, family=AF_INET6, states=14
05-30 20:58:40.389   693   853 D InetDiagMessage: Destroyed live tcp sockets for uids={10211} in 0ms
05-30 20:58:40.389   693   853 D InetDiagMessage: Destroyed 0 sockets, proto=IPPROTO_TCP, family=AF_INET, states=14
05-30 20:58:40.389   693   853 D InetDiagMessage: Destroyed 0 sockets, proto=IPPROTO_TCP, family=AF_INET6, states=14
05-30 20:58:40.389   693   853 D InetDiagMessage: Destroyed live tcp sockets for uids={10186} in 0ms
05-30 20:58:40.396   693   853 D InetDiagMessage: Destroyed 0 sockets, proto=IPPROTO_TCP, family=AF_INET, states=14
05-30 20:58:40.396   693   853 D InetDiagMessage: Destroyed 0 sockets, proto=IPPROTO_TCP, family=AF_INET6, states=14
05-30 20:58:40.396   693   853 D InetDiagMessage: Destroyed live tcp sockets for uids={10167} in 1ms
05-30 20:58:40.396   693   853 D InetDiagMessage: Destroyed 0 sockets, proto=IPPROTO_TCP, family=AF_INET, states=14
05-30 20:58:40.396   693   853 D InetDiagMessage: Destroyed 0 sockets, proto=IPPROTO_TCP, family=AF_INET6, states=14
05-30 20:58:40.396   693   853 D InetDiagMessage: Destroyed live tcp sockets for uids={10191} in 0ms
05-30 20:58:40.396   693   853 D InetDiagMessage: Destroyed 0 sockets, proto=IPPROTO_TCP, family=AF_INET, states=14
05-30 20:58:40.396   693   853 D InetDiagMessage: Destroyed 0 sockets, proto=IPPROTO_TCP, family=AF_INET6, states=14
05-30 20:58:40.396   693   853 D InetDiagMessage: Destroyed live tcp sockets for uids={10132} in 0ms
05-30 20:58:40.396   693   853 D InetDiagMessage: Destroyed 0 sockets, proto=IPPROTO_TCP, family=AF_INET, states=14
05-30 20:58:40.396   693   853 D InetDiagMessage: Destroyed 0 sockets, proto=IPPROTO_TCP, family=AF_INET6, states=14
05-30 20:58:40.396   693   853 D InetDiagMessage: Destroyed live tcp sockets for uids={10133} in 0ms
05-30 20:58:40.396   693   853 D InetDiagMessage: Destroyed 0 sockets, proto=IPPROTO_TCP, family=AF_INET, states=14
05-30 20:58:40.397   693   853 D InetDiagMessage: Destroyed 0 sockets, proto=IPPROTO_TCP, family=AF_INET6, states=14
05-30 20:58:40.397   693   853 D InetDiagMessage: Destroyed live tcp sockets for uids={10170} in 0ms
05-30 20:58:40.397   693   853 D InetDiagMessage: Destroyed 0 sockets, proto=IPPROTO_TCP, family=AF_INET, states=14
05-30 20:58:40.397   693   853 D InetDiagMessage: Destroyed 0 sockets, proto=IPPROTO_TCP, family=AF_INET6, states=14
05-30 20:58:40.397   693   853 D InetDiagMessage: Destroyed live tcp sockets for uids={10138} in 1ms
05-30 20:58:40.397   693   853 D InetDiagMessage: Destroyed 0 sockets, proto=IPPROTO_TCP, family=AF_INET, states=14
05-30 20:58:40.397   693   853 D InetDiagMessage: Destroyed 0 sockets, proto=IPPROTO_TCP, family=AF_INET6, states=14
05-30 20:58:40.397   693   853 D InetDiagMessage: Destroyed live tcp sockets for uids={10143} in 0ms
05-30 20:58:40.406   693   853 D InetDiagMessage: Destroyed 0 sockets, proto=IPPROTO_TCP, family=AF_INET, states=14
05-30 20:58:40.407   693   853 D InetDiagMessage: Destroyed 0 sockets, proto=IPPROTO_TCP, family=AF_INET6, states=14
05-30 20:58:40.407   693   853 D InetDiagMessage: Destroyed live tcp sockets for uids={10163} in 0ms
05-30 20:58:40.407   693   853 D InetDiagMessage: Destroyed 0 sockets, proto=IPPROTO_TCP, family=AF_INET, states=14
05-30 20:58:40.407   693   853 D InetDiagMessage: Destroyed 0 sockets, proto=IPPROTO_TCP, family=AF_INET6, states=14
05-30 20:58:40.407   693   853 D InetDiagMessage: Destroyed live tcp sockets for uids={10201} in 0ms
05-30 20:58:40.407   693   853 D InetDiagMessage: Destroyed 0 sockets, proto=IPPROTO_TCP, family=AF_INET, states=14
05-30 20:58:40.407   693   853 D InetDiagMessage: Destroyed 0 sockets, proto=IPPROTO_TCP, family=AF_INET6, states=14
05-30 20:58:40.407   693   853 D InetDiagMessage: Destroyed live tcp sockets for uids={10142} in 1ms
05-30 20:58:40.407   693   853 D InetDiagMessage: Destroyed 0 sockets, proto=IPPROTO_TCP, family=AF_INET, states=14
05-30 20:58:40.407   693   853 D InetDiagMessage: Destroyed 0 sockets, proto=IPPROTO_TCP, family=AF_INET6, states=14
05-30 20:58:40.407   693   853 D InetDiagMessage: Destroyed live tcp sockets for uids={10096} in 0ms
05-30 20:58:40.413   693   853 D InetDiagMessage: Destroyed 0 sockets, proto=IPPROTO_TCP, family=AF_INET, states=14
05-30 20:58:40.413   693   853 D InetDiagMessage: Destroyed 0 sockets, proto=IPPROTO_TCP, family=AF_INET6, states=14
05-30 20:58:40.413   693   853 D InetDiagMessage: Destroyed live tcp sockets for uids={10119} in 0ms
05-30 20:58:40.413   693   853 D InetDiagMessage: Destroyed 0 sockets, proto=IPPROTO_TCP, family=AF_INET, states=14
05-30 20:58:40.413   693   853 D InetDiagMessage: Destroyed 0 sockets, proto=IPPROTO_TCP, family=AF_INET6, states=14
05-30 20:58:40.414   693   853 D InetDiagMessage: Destroyed live tcp sockets for uids={10150} in 0ms
05-30 20:58:40.414   693   853 D InetDiagMessage: Destroyed 0 sockets, proto=IPPROTO_TCP, family=AF_INET, states=14
05-30 20:58:40.414   693   853 D InetDiagMessage: Destroyed 0 sockets, proto=IPPROTO_TCP, family=AF_INET6, states=14
05-30 20:58:40.414   693   853 D InetDiagMessage: Destroyed live tcp sockets for uids={10101} in 0ms
05-30 20:58:40.414   693   853 D InetDiagMessage: Destroyed 0 sockets, proto=IPPROTO_TCP, family=AF_INET, states=14
05-30 20:58:40.414   693   853 D InetDiagMessage: Destroyed 0 sockets, proto=IPPROTO_TCP, family=AF_INET6, states=14
05-30 20:58:40.414   693   853 D InetDiagMessage: Destroyed live tcp sockets for uids={10106} in 1ms
05-30 20:58:40.414   693   853 D InetDiagMessage: Destroyed 0 sockets, proto=IPPROTO_TCP, family=AF_INET, states=14
05-30 20:58:40.414   693   853 D InetDiagMessage: Destroyed 0 sockets, proto=IPPROTO_TCP, family=AF_INET6, states=14
05-30 20:58:40.414   693   853 D InetDiagMessage: Destroyed live tcp sockets for uids={10140} in 0ms
05-30 20:58:40.414   693   853 D InetDiagMessage: Destroyed 0 sockets, proto=IPPROTO_TCP, family=AF_INET, states=14
05-30 20:58:40.414   693   853 D InetDiagMessage: Destroyed 0 sockets, proto=IPPROTO_TCP, family=AF_INET6, states=14
05-30 20:58:40.414   693   853 D InetDiagMessage: Destroyed live tcp sockets for uids={10144} in 0ms
05-30 20:58:40.414   693   853 D InetDiagMessage: Destroyed 0 sockets, proto=IPPROTO_TCP, family=AF_INET, states=14
05-30 20:58:40.414   693   853 D InetDiagMessage: Destroyed 0 sockets, proto=IPPROTO_TCP, family=AF_INET6, states=14
05-30 20:58:40.414   693   853 D InetDiagMessage: Destroyed live tcp sockets for uids={10193} in 0ms
05-30 20:58:40.414   693   853 D InetDiagMessage: Destroyed 0 sockets, proto=IPPROTO_TCP, family=AF_INET, states=14
05-30 20:58:40.414   693   853 D InetDiagMessage: Destroyed 0 sockets, proto=IPPROTO_TCP, family=AF_INET6, states=14
05-30 20:58:40.414   693   853 D InetDiagMessage: Destroyed live tcp sockets for uids={10152} in 0ms
05-30 20:58:40.414   693   853 D InetDiagMessage: Destroyed 0 sockets, proto=IPPROTO_TCP, family=AF_INET, states=14
05-30 20:58:40.414   693   853 D InetDiagMessage: Destroyed 0 sockets, proto=IPPROTO_TCP, family=AF_INET6, states=14
05-30 20:58:40.414   693   853 D InetDiagMessage: Destroyed live tcp sockets for uids={10102} in 0ms
05-30 20:58:40.428   693   853 D InetDiagMessage: Destroyed 0 sockets, proto=IPPROTO_TCP, family=AF_INET, states=14
05-30 20:58:40.428   693   853 D InetDiagMessage: Destroyed 0 sockets, proto=IPPROTO_TCP, family=AF_INET6, states=14
05-30 20:58:40.428   693   853 D InetDiagMessage: Destroyed live tcp sockets for uids={10145} in 0ms
05-30 20:58:40.428   693   853 D InetDiagMessage: Destroyed 0 sockets, proto=IPPROTO_TCP, family=AF_INET, states=14
05-30 20:58:40.428   693   853 D InetDiagMessage: Destroyed 0 sockets, proto=IPPROTO_TCP, family=AF_INET6, states=14
05-30 20:58:40.428   693   853 D InetDiagMessage: Destroyed live tcp sockets for uids={10103} in 0ms
05-30 20:58:40.428   693   853 D InetDiagMessage: Destroyed 0 sockets, proto=IPPROTO_TCP, family=AF_INET, states=14
05-30 20:58:40.428   693   853 D InetDiagMessage: Destroyed 0 sockets, proto=IPPROTO_TCP, family=AF_INET6, states=14
05-30 20:58:40.428   693   853 D InetDiagMessage: Destroyed live tcp sockets for uids={10095} in 0ms
05-30 20:58:40.926   693   802 D ActivityManager: freezing 2542 com.google.android.gms.unstable
05-30 20:58:41.828 12929 12929 W screencap: Thread Pool max thread count is 0. Cannot cache binder as linkToDeath cannot be implemented. serviceName: SurfaceFlingerAIDL
05-30 20:58:41.828 12929 12929 W BpBinder: Linking to death on android.gui.ISurfaceComposer but there are no threads (yet?) listening to incoming transactions. See ProcessState::startThreadPool and ProcessState::setThreadPoolMaxThreadCount. Generally you should setup the binder threadpool before other initialization steps.
05-30 20:58:41.828 12929 12929 W ProcessState: Extra binder thread started, but 0 threads requested. Do not use *startThreadPool when zero threads are requested.
05-30 20:58:41.830   496   574 E HwcComposer: getLuts failed Status(-8, EX_SERVICE_SPECIFIC): '8: '
05-30 20:58:41.830   496   574 E HWComposer: getLuts: getLuts failed for display 4619827259835644672: UNSUPPORTED (8)
05-30 20:58:43.057   693   802 D ActivityManager: freezing 9808 com.google.android.gms
05-30 20:58:43.092   693   790 D ActivityManager: sync unfroze 1918 com.android.vending for 6
05-30 20:58:43.092   693   790 D ActivityManager: sync unfroze 2970 com.android.vending:background for 6
05-30 20:58:43.109  1918  1918 I Finsky  : [2] SCH: job service start with id 9415.
05-30 20:58:43.120  1918 12949 I Finsky  : [269] SCH: Satisfied jobs for 9415 are: 12-1
05-30 20:58:43.123  1918 12948 I Finsky  : [268] SCH: Job 12-1 starting
05-30 20:58:43.123  1918  1918 I Finsky  : [2] WM::SCH: Logging work start for 12-1
05-30 20:58:43.131  1918  1918 I Finsky  : [2] [ContentSync] job started
05-30 20:58:43.158  1918 12951 I Finsky  : [271] App states replicator found 5 unowned apps
05-30 20:58:43.167  1918  2332 I Finsky  : [59] Completed 0 account content syncs with 0 successful.
05-30 20:58:43.167  1918  1918 I Finsky  : [2] [ContentSync] Installation state replication succeeded.
05-30 20:58:43.167  1918  1918 I Finsky  : [2] SCH: jobFinished: 12-1. TimeElapsed: 44ms.
05-30 20:58:43.168  1918  1918 I Finsky  : [2] WM::SCH: Logging work end for 12-1
05-30 20:58:43.174  1918  2326 I Finsky  : [57] SCH: Scheduling phonesky job Id: 1-1337, CT: 1780125877767, Constraints: [{ L: 27463978, D: 70663978, C: CHARGING_NONE, I: IDLE_NONE, N: NET_ANY, B: BATTERY_ANY }]
05-30 20:58:43.176  1918  2324 I Finsky  : [56] SCH: Scheduling 1 system job(s)
05-30 20:58:43.176  1918  2324 I Finsky  : [56] SCH: Scheduling system job Id: 9418, L: 3818569, D: 47018569, C: false, I: false, N: 1
05-30 20:58:43.179  1918 12948 I Finsky  : [268] SCH: job service finished with id 9415.
05-30 20:58:43.181  1918  1918 I Finsky  : [2] Memory trim requested to level 40
05-30 20:58:43.181  1918  1918 I Finsky  : [2] Flushing in-memory image cache
05-30 20:58:43.181  2970  2970 I Finsky:background: [2] Memory trim requested to level 40
05-30 20:58:43.284   455  5103 D android.hardware.audio@7.1-impl.ranchu: threadLoop: entering standby, frames: 1109760
05-30 20:58:43.284   455  5103 D android.hardware.audio@7.1-impl.ranchu: ~TinyalsaSink: joining consumeThread
05-30 20:58:43.299   455 12924 D android.hardware.audio@7.1-impl.ranchu: consumeThread: exiting
05-30 20:58:43.299   455  5103 D android.hardware.audio@7.1-impl.ranchu: ~TinyalsaSink: stopping PCM stream
05-30 20:58:43.341  1058  1290 D SatelliteController: iisInCarrierRoamingNbIotNtn: satellite is disabled
05-30 20:58:46.973 12713 12723 I .gemhublite.app: Background concurrent mark compact GC freed 16MB AllocSpace bytes, 4(112KB) LOS objects, 49% free, 15MB/31MB, paused 30.018ms,10.667ms total 1.132s
05-30 20:58:47.299 12713 12732 I HWUI    : Davey! duration=1423ms; Flags=0, FrameTimelineVsyncId=1309160, IntendedVsync=12144678276810, Vsync=12144678276810, InputEventId=0, HandleInputStart=12144690340657, AnimationStart=12144690340907, PerformTraversalsStart=12145951892200, DrawStart=12145952623450, FrameDeadline=12144744943474, FrameStartTime=12144690339074, FrameInterval=16666666, WorkloadTarget=16666666, SyncQueued=12146015269741, SyncStart=12146017938533, IssueDrawCommandsStart=12146018240575, SwapBuffers=12146030732366, FrameCompleted=12146104509241, DequeueBufferDuration=3208, QueueBufferDuration=191917, GpuCompleted=12146104509241, SwapBuffersCompleted=12146088557200, DisplayPresentTime=0, CommandSubmissionCompleted=12146030732366, 
05-30 20:58:48.319 12983 12983 W screencap: Thread Pool max thread count is 0. Cannot cache binder as linkToDeath cannot be implemented. serviceName: SurfaceFlingerAIDL
05-30 20:58:48.327 12983 12983 W BpBinder: Linking to death on android.gui.ISurfaceComposer but there are no threads (yet?) listening to incoming transactions. See ProcessState::startThreadPool and ProcessState::setThreadPoolMaxThreadCount. Generally you should setup the binder threadpool before other initialization steps.
05-30 20:58:48.350 12983 12983 W ProcessState: Extra binder thread started, but 0 threads requested. Do not use *startThreadPool when zero threads are requested.
05-30 20:58:48.392   496   572 E HwcComposer: getLuts failed Status(-8, EX_SERVICE_SPECIFIC): '8: '
05-30 20:58:48.402   496   572 E HWComposer: getLuts: getLuts failed for display 4619827259835644672: UNSUPPORTED (8)
05-30 20:58:49.037   693   802 D ActivityManager: freezing 4509 com.android.keychain
05-30 20:58:49.043   693   802 D ActivityManager: freezing 1193 com.android.settings
05-30 20:58:49.075   693   802 D ActivityManager: freezing 3224 com.android.dynsystem:dynsystem
05-30 20:58:49.189 12713 12732 I HWUI    : Davey! duration=2188ms; Flags=0, FrameTimelineVsyncId=1309169, IntendedVsync=12145978276758, Vsync=12146028276756, InputEventId=0, HandleInputStart=12146036145241, AnimationStart=12146036145908, PerformTraversalsStart=12148142848201, DrawStart=12148142960742, FrameDeadline=12146128276752, FrameStartTime=12146036141991, FrameInterval=16666666, WorkloadTarget=16666666, SyncQueued=12148147473326, SyncStart=12148148330201, IssueDrawCommandsStart=12148148998451, SwapBuffers=12148152125451, FrameCompleted=12148167293242, DequeueBufferDuration=3916, QueueBufferDuration=469833, GpuCompleted=12148167293242, SwapBuffersCompleted=12148157173492, DisplayPresentTime=0, CommandSubmissionCompleted=12148152125451, 
05-30 20:58:49.852 12986 12986 W dumpsys : Thread Pool max thread count is 0. Cannot cache binder as linkToDeath cannot be implemented. serviceName: package
05-30 20:58:50.108  2694  4736 I artd    : GetBestInfo: odex next to the dex file (/data/app/~~xtmiQYQCmH6y9KZRtRp03w==/com.google.android.gms-Axd_vYzfZDoVi52FAiUC_g==/oat/arm64/base.odex) is kOatUpToDate with filter 'speed-profile' executable 'false'
05-30 20:58:50.149 12989 12989 W dumpsys : Thread Pool max thread count is 0. Cannot cache binder as linkToDeath cannot be implemented. serviceName: meminfo
05-30 20:58:50.150   693   710 D ActivityManager: freezer override set to true
05-30 20:58:50.150   693   710 D ActivityManager: sync unfroze 3224 com.android.dynsystem:dynsystem for 19
05-30 20:58:50.150   693   710 D ActivityManager: sync unfroze 3234 com.android.managedprovisioning for 19
05-30 20:58:50.151   693   710 D ActivityManager: sync unfroze 3390 com.google.android.cellbroadcastreceiver for 19
05-30 20:58:50.151   693   710 D ActivityManager: sync unfroze 3464 com.google.android.marvin.talkback for 19
05-30 20:58:50.151   693   710 D ActivityManager: sync unfroze 3426 com.google.android.healthconnect.controller for 19
05-30 20:58:50.151   693   710 D ActivityManager: sync unfroze 3623 com.android.shell for 19
05-30 20:58:50.154   693   710 D ActivityManager: sync unfroze 3726 com.google.android.federatedcompute for 19
05-30 20:58:50.183   693   710 D ActivityManager: sync unfroze 3752 com.google.android.ondevicepersonalization.services for 19
05-30 20:58:50.183   693   710 D ActivityManager: sync unfroze 3289 com.google.android.ext.services:modelDownloaderServiceProcess for 19
05-30 20:58:50.183   693   710 D ActivityManager: sync unfroze 2061 com.google.android.apps.wallpaper for 19
05-30 20:58:50.184   693   710 D ActivityManager: sync unfroze 3941 com.android.vending:quick_launch for 19
05-30 20:58:50.184   693   710 D ActivityManager: sync unfroze 4672 com.google.android.webview:webview_service for 19
05-30 20:58:50.184   693   710 D ActivityManager: sync unfroze 3843 com.google.android.photopicker for 19
05-30 20:58:50.189   693   710 D ActivityManager: sync unfroze 3673 com.google.android.configupdater for 19
05-30 20:58:50.192   693   710 D ActivityManager: sync unfroze 2030 com.google.android.as.oss for 19
05-30 20:58:50.192   693   710 D ActivityManager: sync unfroze 7535 com.google.android.apps.photos for 19
05-30 20:58:50.193   693   710 D ActivityManager: sync unfroze 4400 com.google.android.apps.restore for 19
05-30 20:58:50.193   693   710 D ActivityManager: sync unfroze 7863 com.google.android.apps.safetyhub for 19
05-30 20:58:50.193   693   710 D ActivityManager: sync unfroze 2216 com.google.android.deskclock for 19
05-30 20:58:50.193   693   710 D ActivityManager: sync unfroze 3555 com.google.android.rkpdapp for 19
05-30 20:58:50.193   693   710 D ActivityManager: sync unfroze 7890 com.google.android.dialer for 19
05-30 20:58:50.194   693   710 D ActivityManager: sync unfroze 3563 com.android.providers.calendar for 19
05-30 20:58:50.194   693   710 D ActivityManager: sync unfroze 10784 com.android.carrierdefaultapp for 19
05-30 20:58:50.194   693   710 D ActivityManager: sync unfroze 1193 com.android.settings for 19
05-30 20:58:50.195   693   710 D ActivityManager: sync unfroze 11227 com.android.chrome for 19
05-30 20:58:50.195   693   710 D ActivityManager: sync unfroze 11320 android.process.media for 19
05-30 20:58:50.195   693   710 D ActivityManager: sync unfroze 3784 com.google.android.packageinstaller for 19
05-30 20:58:50.195   693   710 D ActivityManager: sync unfroze 3330 com.google.android.gms.ui for 19
05-30 20:58:50.196   693   710 D ActivityManager: sync unfroze 3799 com.google.android.partnersetup for 19
05-30 20:58:50.196   693   710 D ActivityManager: sync unfroze 1810 com.google.android.settings.intelligence for 19
05-30 20:58:50.196   693   710 D ActivityManager: sync unfroze 5055 com.google.android.adservices.api for 19
05-30 20:58:50.196   693   710 D ActivityManager: sync unfroze 2608 com.google.android.tts for 19
05-30 20:58:50.196   693   710 D ActivityManager: sync unfroze 12275 com.android.externalstorage for 19
05-30 20:58:50.196   693   710 D ActivityManager: sync unfroze 4509 com.android.keychain for 19
05-30 20:58:50.210   693   710 D ActivityManager: sync unfroze 4371 com.google.android.googlequicksearchbox:search for 19
05-30 20:58:50.212   693   710 D ActivityManager: sync unfroze 1264 com.google.android.permissioncontroller for 19
05-30 20:58:50.212   693   710 D ActivityManager: sync unfroze 11287 com.google.android.documentsui for 19
05-30 20:58:50.213   693   710 D ActivityManager: sync unfroze 1576 android.process.acore for 19
05-30 20:58:50.214   693   710 D ActivityManager: sync unfroze 2384 com.google.android.apps.messaging for 19
05-30 20:58:50.215   693   710 D ActivityManager: sync unfroze 2542 com.google.android.gms.unstable for 19
05-30 20:58:50.215   693   710 D ActivityManager: sync unfroze 9808 com.google.android.gms for 19
05-30 20:58:50.255  2694  4736 I artd    : GetBestInfo: odex next to the dex file (/data/app/~~xtmiQYQCmH6y9KZRtRp03w==/com.google.android.gms-Axd_vYzfZDoVi52FAiUC_g==/oat/arm64/split_AdsDynamite_installtime.odex) is kOatUpToDate with filter 'speed' executable 'false'
05-30 20:58:50.311  2694  4736 I artd    : GetBestInfo: odex next to the dex file (/data/app/~~xtmiQYQCmH6y9KZRtRp03w==/com.google.android.gms-Axd_vYzfZDoVi52FAiUC_g==/oat/arm64/split_CronetDynamite_installtime.odex) is kOatUpToDate with filter 'speed-profile' executable 'false'
05-30 20:58:50.401  2694  4736 I artd    : GetBestInfo: odex next to the dex file (/data/app/~~xtmiQYQCmH6y9KZRtRp03w==/com.google.android.gms-Axd_vYzfZDoVi52FAiUC_g==/oat/arm64/split_DynamiteLoader_installtime.odex) is kOatUpToDate with filter 'speed' executable 'false'
05-30 20:58:50.434 12713 12732 I .gemhublite.app: Explicit concurrent mark compact GC freed 5672KB AllocSpace bytes, 2(52KB) LOS objects, 49% free, 14MB/28MB, paused 4.370ms,1.883ms total 181.384ms
05-30 20:58:50.544  2694  4736 I artd    : GetBestInfo: odex next to the dex file (/data/app/~~xtmiQYQCmH6y9KZRtRp03w==/com.google.android.gms-Axd_vYzfZDoVi52FAiUC_g==/oat/arm64/split_DynamiteModulesA_installtime.odex) is kOatUpToDate with filter 'speed' executable 'false'
05-30 20:58:50.560   693   710 D ActivityManager: freezer override set to false
05-30 20:58:50.591  3941  3941 I Finsky:quick_launch: [2] Memory trim requested to level 40
05-30 20:58:50.680  2694  4736 I artd    : GetBestInfo: odex next to the dex file (/data/app/~~xtmiQYQCmH6y9KZRtRp03w==/com.google.android.gms-Axd_vYzfZDoVi52FAiUC_g==/oat/arm64/split_DynamiteModulesC_installtime.odex) is kOatUpToDate with filter 'speed' executable 'false'
05-30 20:58:50.749  2694  4736 I artd    : GetBestInfo: odex next to the dex file (/data/app/~~xtmiQYQCmH6y9KZRtRp03w==/com.google.android.gms-Axd_vYzfZDoVi52FAiUC_g==/oat/arm64/split_GoogleCertificates_installtime.odex) is kOatUpToDate with filter 'speed' executable 'false'
05-30 20:58:50.756  2384  2924 I ForwardSyncCache: reclaimMemory: Clearing caches
05-30 20:58:50.768  2384  2924 W BugleSpam: trimming memory: closing msg model.
05-30 20:58:50.787  2384  2924 W Bugle   : TextClassifierLibManagerImpl: Reclaiming memory at level: 40
